hi
Unknown command 'hi' - try 'help'
=> # U-Boot Manual Boot Script (v2 - No extlinux.conf)
=> #
=> # INSTRUCTIONS:
=> # 1. Find your kernel, initrd, and system directory names by running:
=> #    => ls mmc 1:1 /nixos/
=> #
=> # 2. Edit the three `setenv` commands below, replacing the placeholders
=> #    like <your-kernel-dir> with the full directory names you found.
=> #
=> # 3. Paste the entire edited script into your serial console.
=> 
=> echo "--- Step 1: Manually setting boot variables ---"
--- Step 1: Manually setting boot variables ---
=> 
--- Step 1: Manually setting boot variables ---
=> # --- EDIT THE FOLLOWING THREE LINES --- #
=> setenv kernel_path /nixos/<your-kernel-dir>/Image
=> setenv initrd_path /nixos/<your-initrd-dir>/initrd
=> setenv fdt_path /nixos/<your-system-dir>/rockchip/rk3582-radxa-e52c.dtb
=> # --- END OF EDIT SECTION --- #
=> 
=> # Set boot arguments manually (from your rockchip-sd-image.nix)
=> setenv bootargs "console=ttyS2,115200n8 earlycon=uart8250,mmio32,0xfeb50000 rootwait root=/dev/disk/by-label/NIXOS_ROOT rw ignoe_loglevel"
=> 
=> echo "--- Step 2: Verifying variables ---"
--- Step 2: Verifying variables ---
=> printenv kernel_path
kernel_path=/nixos/<your-kernel-dir>/Image
=> printenv initrd_path
initrd_path=/nixos/<your-initrd-dir>/initrd
=> printenv fdt_path
fdt_path=/nixos/<your-system-dir>/rockchip/rk3582-radxa-e52c.dtb
=> printenv bootargs
bootargs=console=ttyS2,115200n8 earlycon=uart8250,mmio32,0xfeb50000 rootwait root=/dev/disk/by-label/NIXOS_ROOT rw ignore_loglevel
=> 
bootargs=console=ttyS2,115200n8 earlycon=uart8250,mmio32,0xfeb50000 rootwait root=/dev/disk/by-label/NIXOS_ROOT rw ignore_loglevel
=> echo "--- Step 3: Loading files into memory ---"
--- Step 3: Loading files into memory ---
=> if load mmc 1:1 ${kernel_addr_r} ${kernel_path}; then
>     echo "Kernel loaded successfully from ${kernel_path}"
> else
>     echo "ERROR: Failed to load Kernel."
> fi
Failed to load '/nixos/<your-kernel-dir>/Image'
ERROR: Failed to load Kernel.
=> 
=> if load mmc 1:1 ${fdt_addr_r} ${fdt_path}; then
>     echo "Device Tree loaded successfully from ${fdt_path}"
> else
>     echo "ERROR: Failed to load Device Tree."
> fi
Failed to load '/nixos/<your-system-dir>/rockchip/rk3582-radxa-e52c.dtb'
ERROR: Failed to load Device Tree.
=> 
=> if load mmc 1:1 ${ramdisk_addr_r} ${initrd_path}; then
>     echo "Initrd loaded successfully from ${initrd_path}"
> else
>     echo "ERROR: Failed to load Initrd."
> fi
Failed to load '/nixos/<your-initrd-dir>/initrd'
ERROR: Failed to load Initrd.
=> 
=> echo "--- Step 4: Booting the kernel ---"
--- Step 4: Booting the kernel ---
=> echo "Executing: booti ${kernel_addr_r} ${ramdisk_addr_r}:${filesize} ${fdt_addr_r}"
Executing: booti 0x02000000 0x12180000:343 0x12000000
=> booti ${kernel_addr_r} ${ramdisk_addr_r}:${filesize} ${fdt_addr_r}
Bad Linux ARM64 Image magic!
=> setenv bootargs "console=ttyS2,115200n8 root=/dev/mmcblk1p2 rootwait"
=> fatload mmc 1:1 0x04000000 /initrd
Failed to load '/initrd'
=> setenv initrd_size ${filesize}
=> fatload mmc 1:1 0x02000000 /kernefatload mmc 1:1 0x01000000 /rockchip.dtb
fatload - load binary file from a dos filesystem

Usage:
fatload <interface> [<dev[:part]> [<addr> [<filename> [bytes [pos]]]]]
    - Load binary file 'filename' from 'dev' on 'interface'
      to address 'addr' from dos filesystem.
      'pos' gives the file position to start loading from.
      If 'pos' is omitted, 0 is used. 'pos' requires 'bytes'.
      'bytes' gives the size to load. If 'bytes' is 0 or omitted,
      the load stops on end of file.
      If either 'pos' or 'bytes' are not aligned to
      ARCH_DMA_MINALIGN then a misaligned buffer warning will
      be printed and performance will suffer for the load.
=> booti 0x02000000 0x04000000:${initrd_size} 0x01000000
Bad Linux ARM64 Image magic!
=> ls mmc 1:1
            extlinux/
            nixos/
      497   boot.scr

1 file(s), 2 dir(s)

=> ls mmc 1:1 /nixos
            ./
            ../
            iaziacmiwcyvzfqxwnvdylqyw05c00wy-linux-6.15.4-dtbs/
 10108163   6bsnly49mhx656bwpm1sajvk6rvpa5wj-initrd-linux-6.15.4-initrd
 65614336   iaziacmiwcyvzfqxwnvdylqyw05c00wy-linux-6.15.4-Image

2 file(s), 3 dir(s)

=> cat
Unknown command 'cat' - try 'help'
=> help
?         - alias for 'help'
base      - print or set address offset
bdinfo    - print Board Info structure
blkcache  - block cache diagnostics and control
boot      - boot default, i.e., run 'bootcmd'
bootd     - boot default, i.e., run 'bootcmd'
bootdev   - Boot devices
bootefi   - Boots an EFI payload from memory
bootelf   - Boot from an ELF image in memory
bootflow  - Boot flows
booti     - boot Linux kernel 'Image' format from memory
bootm     - boot application image from memory
bootmeth  - Boot methods
bootp     - boot image via network using BOOTP/TFTP protocol
bootstd   - Standard-boot operation
bootvx    - Boot vxWorks from an ELF image
cmp       - memory compare
coninfo   - print console devices and information
cp        - memory copy
crc32     - checksum calculation
dhcp      - boot image via network using DHCP/TFTP protocol
dm        - Driver model low level access
echo      - echo args to console
editenv   - edit environment variable
eficonfig - provide menu-driven UEFI variable maintenance interface
env       - environment handling commands
exit      - exit script
ext2load  - load binary file from a Ext2 filesystem
ext2ls    - list files in a directory (default /)
ext4load  - load binary file from a Ext4 filesystem
ext4ls    - list files in a directory (default /)
ext4size  - determine a file's size
false     - do nothing, unsuccessfully
fastboot  - run as a fastboot usb or udp device
fatinfo   - print information about filesystem
fatload   - load binary file from a dos filesystem
fatls     - list files in a directory (default /)
fatmkdir  - create a directory
fatrm     - delete a file
fatsize   - determine a file's size
fatwrite  - write file into a dos filesystem
fdt       - flattened device tree utility commands
fstype    - Look up a filesystem type
fstypes   - List supported filesystem types
go        - start application at address 'addr'
gpio      - query and control gpio pins
gpt       - GUID Partition Table
gzwrite   - unzip and write memory to block device
help      - print command description/usage
iminfo    - print header information for application image
imxtract  - extract a part of a multi-image
itest     - return true/false on integer compare
ln        - Create a symbolic link
load      - load binary file from a filesystem
loadb     - load binary file over serial line (kermit mode)
loads     - load S-Record file over serial line
loadx     - load binary file over serial line (xmodem mode)
loady     - load binary file over serial line (ymodem mode)
loop      - infinite loop on address range
ls        - list files in a directory (default /)
lzmadec   - lzma uncompress a memory region
mbr       - MBR (Master Boot Record)
md        - memory display
mdio      - MDIO utility commands
mii       - MII utility commands
mm        - memory modify (auto-incrementing address)
mmc       - MMC sub system
mmcinfo   - display MMC info
mtest     - simple RAM read/write test
mw        - memory write (fill)
net       - NET sub-system
nm        - memory modify (constant address)
panic     - Panic with optional message
part      - disk partition related commands
ping      - send ICMP ECHO_REQUEST to network host
pinmux    - show pin-controller muxing
printenv  - print environment variables
pxe       - get and boot from pxe files
random    - fill memory with random pattern
regulator - uclass operations
reset     - Perform RESET of the CPU
run       - run commands in an environment variable
save      - save file to a filesystem
setenv    - set environment variables
setexpr   - set environment variable as the result of eval expression
sf        - SPI flash sub-system
showvar   - print local hushshell variables
size      - determine a file's size
sleep     - delay execution for some time
source    - run script from memory
sysboot   - command to get and boot from syslinux files
test      - minimal test like /bin/sh
tftpboot  - load file via network using TFTP protocol
true      - do nothing, successfully
ums       - Use the UMS [USB Mass Storage]
unlz4     - lz4 uncompress a memory region
unzip     - unzip a memory region
usb       - USB sub-system
usbboot   - boot from USB device
vbe       - Verified Boot for Embedded
version   - print monitor, compiler and linker version
=> cat 
Unknown command 'cat' - try 'help'
=> setenv bootargs "console=ttyS2,115200n8 root=/dev/mmcblk1p2 rootwait"
=> fatload mmc 1:1 0x04000000 /nixos/6bsnly49mhx656bwpm1sajvk6rvpa5wj-initrd-linux-6.15.4-initrd
10108163 bytes read in 866 ms (11.1 MiB/s)
=> setenv initrd_size ${filesize}
=> fatload mmc 1:1 0x02000000 /nixosfatload mmc 1:1 0x01000000 /nixos/iaziacmiwcyvzfqxwnvdylqyw05c00wy-linux-6.15.4-dtbs/rockchip/rk3582-radxa-e52c.dtb
fatload - load binary file from a dos filesystem

Usage:
fatload <interface> [<dev[:part]> [<addr> [<filename> [bytes [pos]]]]]
    - Load binary file 'filename' from 'dev' on 'interface'
      to address 'addr' from dos filesystem.
      'pos' gives the file position to start loading from.
      If 'pos' is omitted, 0 is used. 'pos' requires 'bytes'.
      'bytes' gives the size to load. If 'bytes' is 0 or omitted,
      the load stops on end of file.
      If either 'pos' or 'bytes' are not aligned to
      ARCH_DMA_MINALIGN then a misaligned buffer warning will
      be printed and performance will suffer for the load.
=> booti 0x02000000 0x04000000:${initrd_size} 0x01000000
Bad Linux ARM64 Image magic!
=> 
Bad Linux ARM64 Image magic!
=> setenv bootargs "console=ttyS2,115200n8 root=/dev/mmcblk1p2 rootwait"
=> fatload mmc 1:1 0x04000000 /nixos/6bsnly49mhx656bwpm1sajvk6rvpa5wj-initrd-linux-6.15.4-initrd
10108163 bytes read in 867 ms (11.1 MiB/s)
=> setenv initrd_size ${filesize}
=> fatload mmc 1:1 0x02000000 /nixosfatload mmc 1:1 0x01000000 /nixos/iaziacmiwcyvzfqxwnvdylqyw05c00wy-linux-6.15.4-dtbs/rockchip/rk3582-radxa-e52c.dtb
fatload - load binary file from a dos filesystem

Usage:
fatload <interface> [<dev[:part]> [<addr> [<filename> [bytes [pos]]]]]
    - Load binary file 'filename' from 'dev' on 'interface'
      to address 'addr' from dos filesystem.
      'pos' gives the file position to start loading from.
      If 'pos' is omitted, 0 is used. 'pos' requires 'bytes'.
      'bytes' gives the size to load. If 'bytes' is 0 or omitted,
      the load stops on end of file.
      If either 'pos' or 'bytes' are not aligned to
      ARCH_DMA_MINALIGN then a misaligned buffer warning will
      be printed and performance will suffer for the load.
=> booti 0x02000000 0x04000000:${initrd_size} 0x01000000
Bad Linux ARM64 Image magic!
=> setenv bootargs "console=ttyS2,115200n8 root=/dev/mmcblk1p2 rootwait"
=> fatload mmc 1:1 0x04000000 /nixos/6bsnly49mhx656bwpm1sajvk6rvpa5wj-initrd-linux-6.15.4-initrd
10108163 bytes read in 866 ms (11.1 MiB/s)
=> setenv initrd_size ${filesize}
=> fatload mmc 1:1 0x02000000 /nixos
Failed to load '/nixos'
=> 
=> 
=> 
=> 
=> 
=> 
=> 
=> 
=> 
=> 
=> setenv bootargs "console=ttyS2,115200n8 root=/dev/mmcblk1p2 rootwait"
=> fatload mmc 1:1 0x04000000 /nixos/6bsnly49mhx656bwpm1sajvk6rvpa5wj-initrd-linux-6.15.4-initrd
10108163 bytes read in 867 ms (11.1 MiB/s)
=> setenv initrd_size ${filesize}
=> fatload mmc 1:1 0x02000000 /nixos
Failed to load '/nixos'
=> 
=> fatload mmc 1:1 0x02000000
** No boot file defined **
=>      /nixos/iaziacmiwcyvzfqxwnvdylqyw05c00wy-linux-6.15.4-Image    /nixos/iaziacmiwcyvzfqxwnvdylqyw05c00wy-linux-6.15.4-Image    /nixos/iaziacmiwcyvzfqxwnvdylqyw05c00wy-linux-6.15.4-Image   /nixos/iaziacmiwcyvzfqxwnvdylqyw05c00wy-linux-6.15.4-Image  /nixos/iaziacmiwcyvzfqxwnvdylqyw05c00wy-linux-6.15.4-Image f /nixos/iaziacmiwcyvzfqxwnvdylqyw05c00wy-linux-6.15.4-Imagea /nixos/iaziacmiwcyvzfqxwnvdylqyw05c00wy-linux-6.15.4-Imaget /nixos/iaziacmiwcyvzfqxwnvdylqyw05c00wy-linux-6.15.4-Image  /nixos/iaziacmiwcyvzfqxwnvdylqyw05c00wy-linux-6.15.4-Imagel /nixos/iaziacmiwcyvzfqxwnvdylqyw05c00wy-linux-6.15.4-Imageo /nixos/iaziacmiwcyvzfqxwnvdylqyw05c00wy-linux-6.15.4-Image /nixos/iaziacmiwcyvzfqxwnvdylqyw05c00wy-linux-6.15.4-Image  /nixos/iaziacmiwcyvzfqxwnvdylqyw05c00wy-linux-6.15.4-Image  /nixos/iaziacmiwcyvzfqxwnvdylqyw05c00wy-linux-6.15.4-Image l /nixos/iaziacmiwcyvzfqxwnvdylqyw05c00wy-linux-6.15.4-Imageo /nixos/iaziacmiwcyvzfqxwnvdylqyw05c00wy-linux-6.15.4-Imagea /nixos/iaziacmiwcyvzfqxwnvdylqyw05c00wy-linux-6.15.4-Imaged /nixos/iaziacmiwcyvzfqxwnvdylqyw05c00wy-linux-6.15.4-Image  /nixos/iaziacmiwcyvzfqxwnvdylqyw05c00wy-linux-6.15.4-Imagem /nixos/iaziacmiwcyvzfqxwnvdylqyw05c00wy-linux-6.15.4-Imagem /nixos/iaziacmiwcyvzfqxwnvdylqyw05c00wy-linux-6.15.4-Imagec /nixos/iaziacmiwcyvzfqxwnvdylqyw05c00wy-linux-6.15.4-Image  /nixos/iaziacmiwcyvzfqxwnvdylqyw05c00wy-linux-6.15.4-Image1 /nixos/iaziacmiwcyvzfqxwnvdylqyw05c00wy-linux-6.15.4-Image: /nixos/iaziacmiwcyvzfqxwnvdylqyw05c00wy-linux-6.15.4-Image1 /nixos/iaziacmiwcyvzfqxwnvdylqyw05c00wy-linux-6.15.4-Image  /nixos/iaziacmiwcyvzfqxwnvdylqyw05c00wy-linux-6.15.4-Image0 /nixos/iaziacmiwcyvzfqxwnvdylqyw05c00wy-linux-6.15.4-Imagex /nixos/iaziacmiwcyvzfqxwnvdylqyw05c00wy-linux-6.15.4-Image0 /nixos/iaziacmiwcyvzfqxwnvdylqyw05c00wy-linux-6.15.4-Image2 /nixos/iaziacmiwcyvzfqxwnvdylqyw05c00wy-linux-6.15.4-Image0 /nixos/iaziacmiwcyvzfqxwnvdylqyw05c00wy-linux-6.15.4-Image0 /nixos/iaziacmiwcyvzfqxwnvdylqyw05c00wy-linux-6.15.4-Image0 /nixos/iaziacmiwcyvzfqxwnvdylqyw05c00wy-linux-6.15.4-Image0 /nixos/iaziacmiwcyvzfqxwnvdylqyw05c00wy-linux-6.15.4-Image0 /nixos/iaziacmiwcyvzfqxwnvdylqyw05c00wy-linux-6.15.4-Image0 /nixos/iaziacmiwcyvzfqxwnvdylqyw05c00wy-linux-6.15.4-Image
65614336 bytes read in 5616 ms (11.1 MiB/s)
=> fatload mmc 1:1 0x01000000
** No boot file defined **
=>      /nixos/iaziacmiwcyvzfqxwnvdylqyw05c00wy-linux-6.15.4-dtbs/r/nixos/iaziacmiwcyvzfqxwnvdylqyw05c00wy-linux-6.15.4-dtbs/r /nixos/iaziacmiwcyvzfqxwnvdylqyw05c00wy-linux-6.15.4-dtbs/r /nixos/iaziacmiwcyvzfqxwnvdylqyw05c00wy-linux-6.15.4-dtbs/r /nixos/iaziacmiwcyvzfqxwnvdylqyw05c00wy-linux-6.15.4-dtbs/r /nixos/iaziacmiwcyvzfqxwnvdylqyw05c00wy-linux-6.15.4-dtbs/r f/nixos/iaziacmiwcyvzfqxwnvdylqyw05c00wy-linux-6.15.4-dtbs/ra/nixos/iaziacmiwcyvzfqxwnvdylqyw05c00wy-linux-6.15.4-dtbs/rl/nixos/iaziacmiwcyvzfqxwnvdylqyw05c00wy-linux-6.15.4-dtbs/r/nixos/iaziacmiwcyvzfqxwnvdylqyw05c00wy-linux-6.15.4-dtbs/r t/nixos/iaziacmiwcyvzfqxwnvdylqyw05c00wy-linux-6.15.4-dtbs/rl/nixos/iaziacmiwcyvzfqxwnvdylqyw05c00wy-linux-6.15.4-dtbs/ro/nixos/iaziacmiwcyvzfqxwnvdylqyw05c00wy-linux-6.15.4-dtbs/ra/nixos/iaziacmiwcyvzfqxwnvdylqyw05c00wy-linux-6.15.4-dtbs/rd/nixos/iaziacmiwcyvzfqxwnvdylqyw05c00wy-linux-6.15.4-dtbs/r /nixos/iaziacmiwcyvzfqxwnvdylqyw05c00wy-linux-6.15.4-dtbs/rm/nixos/iaziacmiwcyvzfqxwnvdylqyw05c00wy-linux-6.15.4-dtbs/rm/nixos/iaziacmiwcyvzfqxwnvdylqyw05c00wy-linux-6.15.4-dtbs/rc/nixos/iaziacmiwcyvzfqxwnvdylqyw05c00wy-linux-6.15.4-dtbs/r /nixos/iaziacmiwcyvzfqxwnvdylqyw05c00wy-linux-6.15.4-dtbs/r1/nixos/iaziacmiwcyvzfqxwnvdylqyw05c00wy-linux-6.15.4-dtbs/r:/nixos/iaziacmiwcyvzfqxwnvdylqyw05c00wy-linux-6.15.4-dtbs/r1/nixos/iaziacmiwcyvzfqxwnvdylqyw05c00wy-linux-6.15.4-dtbs/r /nixos/iaziacmiwcyvzfqxwnvdylqyw05c00wy-linux-6.15.4-dtbs/r0/nixos/iaziacmiwcyvzfqxwnvdylqyw05c00wy-linux-6.15.4-dtbs/rx/nixos/iaziacmiwcyvzfqxwnvdylqyw05c00wy-linux-6.15.4-dtbs/r0/nixos/iaziacmiwcyvzfqxwnvdylqyw05c00wy-linux-6.15.4-dtbs/r1/nixos/iaziacmiwcyvzfqxwnvdylqyw05c00wy-linux-6.15.4-dtbs/r0/nixos/iaziacmiwcyvzfqxwnvdylqyw05c00wy-linux-6.15.4-dtbs/r0/nixos/iaziacmiwcyvzfqxwnvdylqyw05c00wy-linux-6.15.4-dtbs/r0/nixos/iaziacmiwcyvzfqxwnvdylqyw05c00wy-linux-6.15.4-dtbs/r0/nixos/iaziacmiwcyvzfqxwnvdylqyw05c00wy-linux-6.15.4-dtbs/r0/nixos/iaziacmiwcyvzfqxwnvdylqyw05c00wy-linux-6.15.4-dtbs/r0/nixos/iaziacmiwcyvzfqxwnvdylqyw05c00wy-linux-6.15.4-dtbs/r /nixos/iaziacmiwcyvzfqxwnvdylqyw05c00wy-linux-6.15.4-dtbs/r
Failed to load '/nixos/iaziacmiwcyvzfqxwnvdylqyw05c00wy-linux-6.15.4-dtbs/r'
=> fatload mmc 1:1 0x01000000 /nixos/iaziacmiwcyvzfqxwnvdylqyw05c00wy-linux-6.15.4-dtbs/rockchip/rk3582-2-radxa-e52c.dtb-radxa-e52c.dtb -radxa-e52c.dtb 
151608 bytes read in 84 ms (1.7 MiB/s)
=> booti 0x02000000 0x04000000:${initrd_size} 0x01000000
ERROR: RD image overlaps OS image (OS=2000000..5fb0000)
=> 
ERROR: RD image overlaps OS image (OS=2000000..5fb0000)
=> 
ERROR: RD image overlaps OS image (OS=2000000..5fb0000)
=> 
ERROR: RD image overlaps OS image (OS=2000000..5fb0000)
=> 
ERROR: RD image overlaps OS image (OS=2000000..5fb0000)
=> 
ERROR: RD image overlaps OS image (OS=2000000..5fb0000)
=> 
ERROR: RD image overlaps OS image (OS=2000000..5fb0000)
=> 
ERROR: RD image overlaps OS image (OS=2000000..5fb0000)
=> 
ERROR: RD image overlaps OS image (OS=2000000..5fb0000)
=> 
ERROR: RD image overlaps OS image (OS=2000000..5fb0000)
=> 
ERROR: RD image overlaps OS image (OS=2000000..5fb0000)
=> 
ERROR: RD image overlaps OS image (OS=2000000..5fb0000)
=> 
ERROR: RD image overlaps OS image (OS=2000000..5fb0000)
=> 
ERROR: RD image overlaps OS image (OS=2000000..5fb0000)
=> 
ERROR: RD image overlaps OS image (OS=2000000..5fb0000)
=> 
ERROR: RD image overlaps OS image (OS=2000000..5fb0000)
=> 
ERROR: RD image overlaps OS image (OS=2000000..5fb0000)
=> 
ERROR: RD image overlaps OS image (OS=2000000..5fb0000)
=> clear
Unknown command 'clear' - try 'help'
=> 
Unknown command 'clear' - try 'help'
=> 
Unknown command 'clear' - try 'help'
=> 
Unknown command 'clear' - try 'help'
=> 
Unknown command 'clear' - try 'help'
=> 
Unknown command 'clear' - try 'help'
=> 
Unknown command 'clear' - try 'help'
=> setenv bootargs "console=ttyS2,115200n8 root=/dev/mmcblk1p2 rootwait"
=> fatload mmc 1:1 0x6000000 /nixos/6bsnly49mhx656bwpm1sajvk6rvpa5wj-initrd-linux-6.15.4-initrd
10108163 bytes read in 867 ms (11.1 MiB/s)
=> setenv initrd_size ${filesize}
=> fatload mmc 1:1 0x02000000 /nixosfatload mmc 1:1 0x01000000 /nixos/iaziacmiwcyvzfqxwnvdylqyw05c00wy-linux-6.15.4-dtbs/rockchip/rk3582-radxa-e52c.dtb
fatload - load binary file from a dos filesystem

Usage:
fatload <interface> [<dev[:part]> [<addr> [<filename> [bytes [pos]]]]]
    - Load binary file 'filename' from 'dev' on 'interface'
      to address 'addr' from dos filesystem.
      'pos' gives the file position to start loading from.
      If 'pos' is omitted, 0 is used. 'pos' requires 'bytes'.
      'bytes' gives the size to load. If 'bytes' is 0 or omitted,
      the load stops on end of file.
      If either 'pos' or 'bytes' are not aligned to
      ARCH_DMA_MINALIGN then a misaligned buffer warning will
      be printed and performance will suffer for the load.
=> booti 0x02000000 0x6000000:${initrd_size} 0x01000000
## Flattened Device Tree blob at 01000000
   Booting using the fdt blob at 0x1000000
Working FDT set to 1000000
   Loading Ramdisk to ec525000, end ecec8d03 ... OK
   Loading Device Tree to 00000000ec4fc000, end 00000000ec524037 ... OK
Working FDT set to ec4fc000

Starting kernel ...

DDR 9fa84341ce typ 24/09/06-09:51:11,fwver: v1.18
ch0 ttot10
ch0 ttot10
ch1 ttot10
ch2 ttot10
ch3 ttot10
ch0 ttot18
LPDDR4, 2112MHz
channel[0] BW=16 Col=10 Bk=8 CS0 Row=16 CS1 Row=16 CS=2 Die BW=16 Size=2048MB
ch1 ttot18
channel[1] BW=16 Col=10 Bk=8 CS0 Row=16 CS1 Row=16 CS=2 Die BW=16 Size=2048MB
ch2 ttot16
channel[2] BW=16 Col=10 Bk=8 CS0 Row=16 CS1 Row=16 CS=2 Die BW=16 Size=2048MB
ch3 ttot18
channel[3] BW=16 Col=10 Bk=8 CS0 Row=16 CS1 Row=16 CS=2 Die BW=16 Size=2048MB
Manufacturer ID:0xff
DQS rds:l0,l0, 
CH0 RX Vref:33.9%, TX Vref:13.2%,13.2%
DQ rds:l0 l0 l0 h1 l0 l0 h2 h1 , h1 h2 h1 l0 h1 h2 h1 h2 

DQS rds:h1,l0, 
CH1 RX Vref:35.2%, TX Vref:13.2%,13.2%
DQ rds:h1 h3 h1 h3 h4 h1 h1 h1 , h4 h4 h1 h3 h4 h1 h1 h1 

DQS rds:h1,h1, 
CH2 RX Vref:36.5%, TX Vref:13.2%,13.2%
DQ rds:h4 h5 h2 h1 h4 h3 h1 h2 , h2 l0 h3 h1 h1 h2 h1 h3 

DQS rds:l0,l0, 
CH3 RX Vref:35.2%, TX Vref:13.2%,13.2%
DQ rds:h5 h2 h2 l0 h1 h3 h4 h2 , h2 h2 h1 h1 h1 h3 h1 h2 

stride=0x2, ddr_config=0x4
hash ch_mask0-1 0x20 0x40, bank_mask0-3 0xa00 0x1400 0x2800 0x0, rank_mask0 0x401000
change to F1: 528MHz
ch0 ttot10
ch1 ttot10
ch2 ttot10
ch3 ttot10
change to F2: 1068MHz
ch0 ttot14
ch1 ttot14
ch2 ttot12
ch3 ttot14
change to F3: 1560MHz
ch0 ttot16
ch1 ttot16
ch2 ttot14
ch3 ttot16
change to F0: 2112MHz
ch0 ttot18
ch1 ttot18
ch2 ttot18
ch3 ttot18
out

U-Boot SPL 2025.04 (Jan 01 1980 - 00:00:00 +0000)
Trying to boot from MMC1
## Checking hash(es) for config config-1 ... OK
## Checking hash(es) for Image atf-1 ... sha256+ OK
## Checking hash(es) for Image u-boot ... sha256+ OK
## Checking hash(es) for Image fdt-1 ... sha256+ OK
## Checking hash(es) for Image atf-2 ... sha256+ OK
## Checking hash(es) for Image atf-3 ... sha256+ OK
NOTICE:  BL31: v2.12.0(release):
NOTICE:  BL31: Built : 00:00:00, Jan  1 1980


U-Boot 2025.04 (Jan 01 1980 - 00:00:00 +0000)

Model: Rockchip RK3588S EVB1 V10 Board
SoC:   RK3582
DRAM:  8 GiB
Core:  345 devices, 29 uclasses, devicetree: separate
MMC:   mmc@fe2c0000: 1, mmc@fe2e0000: 0
Loading Environment from nowhere... OK
In:    serial@feb50000
Out:   serial@feb50000
Err:   serial@feb50000
Model: Rockchip RK3588S EVB1 V10 Board
SoC:   RK3582
Net:   No ethernet found.
Hit any key to stop autoboot:  2  1  0 
## Error: "distro_bootcmd" not defined
=> fatload mmc 1:1 0x6000000 /nixos/6bsnly49mhx656bwpm1sajvk6rvpa5wj-initrd-linux-6.15.4-initrd
10108163 bytes read in 866 ms (11.1 MiB/s)
=> setenv initrd_size ${filesize}
=> fatload mmc 1:1 0x02000000 /nixos/iaziacmiwcyvzfqxwnvdylqyw05c00wy-linux-6.15.4-Image
65614336 bytes read in 5616 ms (11.1 MiB/s)
=> fatload mmc 1:1 0x01000000 /nixos/iaziacmiwcyvzfqxwnvdylqyw05c00wy-linux-6.15.4-dtbs/rockchip/rk3582-radxa-e52c.dtb
151608 bytes read in 85 ms (1.7 MiB/s)
=> booti 0x02000000 0x6000000:${initrd_size} 0x01000000
## Flattened Device Tree blob at 01000000
   Booting using the fdt blob at 0x1000000
Working FDT set to 1000000
   Loading Ramdisk to ec525000, end ecec8d03 ... OK
   Loading Device Tree to 00000000ec4fc000, end 00000000ec524037 ... OK
Working FDT set to ec4fc000

Starting kernel ...

[    0.000000] Booting Linux on physical CPU 0x0000000000 [0x412fd050]
[    0.000000] Linux version 6.15.4 (nixbld@localhost) (gcc (GCC) 14.2.1 20250322, GNU ld (GNU Binutils) 2.44) #1-NixOS SMP Fri Jun 27 10:13:43 UTC 2025
[    0.000000] KASLR enabled
[    0.000000] Machine model: Radxa E52C
[    0.000000] efi: UEFI not found.
[    0.000000] OF: reserved mem: 0x000000000010f000..0x000000000010f0ff (0 KiB) nomap non-reusable shmem@10f000
[    0.000000] NUMA: Faking a node at [mem 0x0000000000200000-0x00000002ffffffff]
[    0.000000] NODE_DATA(0) allocated [mem 0x2fed25f00-0x2fed2967f]
[    0.000000] Zone ranges:
[    0.000000]   DMA      [mem 0x0000000000200000-0x00000000ffffffff]
[    0.000000]   DMA32    empty
[    0.000000]   Normal   [mem 0x0000000100000000-0x00000002ffffffff]
[    0.000000]   Device   empty
[    0.000000] Movable zone start for each node
[    0.000000] Early memory node ranges
[    0.000000]   node   0: [mem 0x0000000000200000-0x00000000efffffff]
[    0.000000]   node   0: [mem 0x0000000100000000-0x00000001ffffffff]
[    0.000000]   node   0: [mem 0x00000002f0000000-0x00000002ffffffff]
[    0.000000] Initmem setup node 0 [mem 0x0000000000200000-0x00000002ffffffff]
[    0.000000] On node 0, zone DMA: 512 pages in unavailable ranges
[    0.000000] cma: Reserved 32 MiB at 0x00000000ee000000
[    0.000000] psci: probing for conduit method from DT.
[    0.000000] psci: PSCIv1.1 detected in firmware.
[    0.000000] psci: Using standard PSCI v0.2 function IDs
[    0.000000] psci: MIGRATE_INFO_TYPE not supported.
[    0.000000] psci: SMC Calling Convention v1.5
[    0.000000] percpu: Embedded 75 pages/cpu s181848 r8192 d117160 u307200
[    0.000000] Detected VIPT I-cache on CPU0
[    0.000000] CPU features: detected: GIC system register CPU interface
[    0.000000] CPU features: detected: Virtualization Host Extensions
[    0.000000] CPU features: kernel page table isolation forced ON by KASLR
[    0.000000] CPU features: detected: Kernel page table isolation (KPTI)
[    0.000000] CPU features: detected: ARM errata 1165522, 1319367, or 1530923
[    0.000000] alternatives: applying boot alternatives
[    0.000000] Kernel command line: 
[    0.000000] printk: log buffer data + meta data: 131072 + 458752 = 589824 bytes
[    0.000000] Dentry cache hash table entries: 1048576 (order: 11, 8388608 bytes, linear)
[    0.000000] Inode-cache hash table entries: 524288 (order: 10, 4194304 bytes, linear)
[    0.000000] software IO TLB: area num 8.
[    0.000000] software IO TLB: mapped [mem 0x00000000e84fc000-0x00000000ec4fc000] (64MB)
[    0.000000] Fallback order for Node 0: 0 
[    0.000000] Built 1 zonelists, mobility grouping on.  Total pages: 2096640
[    0.000000] Policy zone: Normal
[    0.000000] mem auto-init: stack:all(zero), heap alloc:on, heap free:off
[    0.000000] SLUB: HWalign=64, Order=0-3, MinObjects=0, CPUs=8, Nodes=1
[    0.000000] allocated 16777216 bytes of page_ext
[    0.000000] ftrace: allocating 73128 entries in 288 pages
[    0.000000] ftrace: allocated 288 pages with 2 groups
[    0.000000] rcu: Hierarchical RCU implementation.
[    0.000000] rcu: 	RCU event tracing is enabled.
[    0.000000] rcu: 	RCU restricting CPUs from NR_CPUS=384 to nr_cpu_ids=8.
[    0.000000] 	Rude variant of Tasks RCU enabled.
[    0.000000] 	Tracing variant of Tasks RCU enabled.
[    0.000000] rcu: RCU calculated value of scheduler-enlistment delay is 25 jiffies.
[    0.000000] rcu: Adjusting geometry for rcu_fanout_leaf=16, nr_cpu_ids=8
[    0.000000] RCU Tasks Rude: Setting shift to 3 and lim to 1 rcu_task_cb_adjust=1 rcu_task_cpu_ids=8.
[    0.000000] RCU Tasks Trace: Setting shift to 3 and lim to 1 rcu_task_cb_adjust=1 rcu_task_cpu_ids=8.
[    0.000000] NR_IRQS: 64, nr_irqs: 64, preallocated irqs: 0
[    0.000000] GIC: enabling workaround for GICv3: non-coherent attribute
[    0.000000] GICv3: GIC: Using split EOI/Deactivate mode
[    0.000000] GICv3: 480 SPIs implemented
[    0.000000] GICv3: 0 Extended SPIs implemented
[    0.000000] GICv3: MBI range [424:479]
[    0.000000] GICv3: Using MBI frame 0x00000000fe610000
[    0.000000] Root IRQ handler: gic_handle_irq
[    0.000000] GICv3: GICv3 features: 16 PPIs
[    0.000000] GICv3: GICD_CTRL.DS=0, SCR_EL3.FIQ=0
[    0.000000] GICv3: CPU0: found redistributor 0 region 0:0x00000000fe680000
[    0.000000] ITS [mem 0xfe640000-0xfe65ffff]
[    0.000000] GIC: enabling workaround for ITS: Rockchip erratum RK3588001
[    0.000000] GIC: enabling workaround for ITS: non-coherent attribute
[    0.000000] ITS@0x00000000fe640000: allocated 8192 Devices @101330000 (indirect, esz 8, psz 64K, shr 0)
[    0.000000] ITS@0x00000000fe640000: allocated 32768 Interrupt Collections @101340000 (flat, esz 2, psz 64K, shr 0)
[    0.000000] ITS: using cache flushing for cmd queue
[    0.000000] ITS [mem 0xfe660000-0xfe67ffff]
[    0.000000] GIC: enabling workaround for ITS: Rockchip erratum RK3588001
[    0.000000] GIC: enabling workaround for ITS: non-coherent attribute
[    0.000000] ITS@0x00000000fe660000: allocated 8192 Devices @101360000 (indirect, esz 8, psz 64K, shr 0)
[    0.000000] ITS@0x00000000fe660000: allocated 32768 Interrupt Collections @101370000 (flat, esz 2, psz 64K, shr 0)
[    0.000000] ITS: using cache flushing for cmd queue
[    0.000000] GICv3: using LPI property table @0x0000000101380000
[    0.000000] GIC: using cache flushing for LPI property table
[    0.000000] GICv3: CPU0: using allocated LPI pending table @0x0000000101390000
[    0.000000] GICv3: GIC: PPI partition interrupt-partition-0[0] { /cpus/cpu@0[0] /cpus/cpu@100[1] /cpus/cpu@200[2] /cpus/cpu@300[3] }
[    0.000000] GICv3: GIC: PPI partition interrupt-partition-1[1] { /cpus/cpu@400[4] /cpus/cpu@500[5] /cpus/cpu@600[6] /cpus/cpu@700[7] }
[    0.000000] rcu: srcu_init: Setting srcu_struct sizes based on contention.
[    0.000000] arch_timer: cp15 timer(s) running at 24.00MHz (phys).
[    0.000000] clocksource: arch_sys_counter: mask: 0xffffffffffffff max_cycles: 0x588fe9dc0, max_idle_ns: 440795202592 ns
[    0.000001] sched_clock: 56 bits at 24MHz, resolution 41ns, wraps every 4398046511097ns
[    0.006375] kfence: initialized - using 2097152 bytes for 255 objects at 0x(____ptrval____)-0x(____ptrval____)
[    0.007137] Console: colour dummy device 80x25
[    0.007156] printk: legacy console [tty0] enabled
[    0.010231] Calibrating delay loop (skipped), value calculated using timer frequency.. 48.00 BogoMIPS (lpj=96000)
[    0.010271] pid_max: default: 32768 minimum: 301
[    0.013526] LSM: initializing lsm=capability,landlock,yama,bpf
[    0.016265] landlock: Up and running.
[    0.016286] Yama: becoming mindful.
[    0.016926] LSM support for eBPF active
[    0.018479] Mount-cache hash table entries: 16384 (order: 5, 131072 bytes, linear)
[    0.018538] Mountpoint-cache hash table entries: 16384 (order: 5, 131072 bytes, linear)
[    0.028199] rcu: Hierarchical SRCU implementation.
[    0.028224] rcu: 	Max phase no-delay instances is 1000.
[    0.028750] Timer migration: 1 hierarchy levels; 8 children per group; 1 crossnode level
[    0.031171] fsl-mc MSI: msi-controller@fe640000 domain created
[    0.031220] fsl-mc MSI: msi-controller@fe660000 domain created
[    0.041190] EFI services will not be available.
[    0.041976] smp: Bringing up secondary CPUs ...
[    0.043063] Detected VIPT I-cache on CPU1
[    0.043154] GICv3: CPU1: found redistributor 100 region 0:0x00000000fe6a0000
[    0.043172] GICv3: CPU1: using allocated LPI pending table @0x00000001013a0000
[    0.043228] CPU1: Booted secondary processor 0x0000000100 [0x412fd050]
[    0.044615] Detected VIPT I-cache on CPU2
[    0.044699] GICv3: CPU2: found redistributor 200 region 0:0x00000000fe6c0000
[    0.044716] GICv3: CPU2: using allocated LPI pending table @0x00000001013b0000
[    0.044766] CPU2: Booted secondary processor 0x0000000200 [0x412fd050]
[    0.046006] Detected VIPT I-cache on CPU3
[    0.046084] GICv3: CPU3: found redistributor 300 region 0:0x00000000fe6e0000
[    0.046100] GICv3: CPU3: using allocated LPI pending table @0x00000001013c0000
[    0.046147] CPU3: Booted secondary processor 0x0000000300 [0x412fd050]
[    0.047420] CPU features: detected: Spectre-v4
[    0.047427] CPU features: detected: Spectre-BHB
[    0.047432] CPU features: detected: SSBS not fully self-synchronizing
[    0.047435] Detected PIPT I-cache on CPU4
[    0.047480] GICv3: CPU4: found redistributor 400 region 0:0x00000000fe700000
[    0.047490] GICv3: CPU4: using allocated LPI pending table @0x00000001013d0000
[    0.047519] CPU4: Booted secondary processor 0x0000000400 [0x414fd0b0]
[    0.048674] Detected PIPT I-cache on CPU5
[    0.048731] GICv3: CPU5: found redistributor 500 region 0:0x00000000fe720000
[    0.048741] GICv3: CPU5: using allocated LPI pending table @0x00000001013e0000
[    0.048772] CPU5: Booted secondary processor 0x0000000500 [0x414fd0b0]
[    0.050145] Detected PIPT I-cache on CPU6
[    0.050197] GICv3: CPU6: found redistributor 600 region 0:0x00000000fe740000
[    0.050207] GICv3: CPU6: using allocated LPI pending table @0x00000001013f0000
[    0.050238] CPU6: Booted secondary processor 0x0000000600 [0x414fd0b0]
[    0.051391] Detected PIPT I-cache on CPU7
[    0.051445] GICv3: CPU7: found redistributor 700 region 0:0x00000000fe760000
[    0.051455] GICv3: CPU7: using allocated LPI pending table @0x0000000101800000
[    0.051486] CPU7: Booted secondary processor 0x0000000700 [0x414fd0b0]
[    0.051663] smp: Brought up 1 node, 8 CPUs
[    0.051991] SMP: Total of 8 processors activated.
[    0.052006] CPU: All CPU(s) started at EL2
[    0.052022] CPU features: detected: 32-bit EL0 Support
[    0.052037] CPU features: detected: Data cache clean to the PoU not required for I/D coherence
[    0.052059] CPU features: detected: Common not Private translations
[    0.052075] CPU features: detected: CRC32 instructions
[    0.052096] CPU features: detected: RCpc load-acquire (LDAPR)
[    0.052112] CPU features: detected: LSE atomic instructions
[    0.052127] CPU features: detected: Privileged Access Never
[    0.052143] CPU features: detected: PMUv3
[    0.052157] CPU features: detected: RAS Extension Support
[    0.052176] CPU features: detected: Speculative Store Bypassing Safe (SSBS)
[    0.052269] alternatives: applying system-wide alternatives
[    0.058734] CPU features: detected: Hardware dirty bit management on CPU4-7
[    0.059739] Memory: 8015620K/8386560K available (26432K kernel code, 6860K rwdata, 25852K rodata, 4800K init, 1042K bss, 306992K reserved, 32768K cma-reserved)
[    0.063322] devtmpfs: initialized
[    0.080172] clocksource: jiffies: mask: 0xffffffff max_cycles: 0xffffffff, max_idle_ns: 7645041785100000 ns
[    0.080203] posixtimers hash table entries: 4096 (order: 4, 65536 bytes, linear)
[    0.080239] futex hash table entries: 2048 (order: 5, 131072 bytes, linear)
[    0.080583] 2G module region forced by RANDOMIZE_MODULE_REGION_FULL
[    0.080596] 0 pages in range for non-PLT usage
[    0.080599] 507984 pages in range for PLT usage
[    0.082291] pinctrl core: initialized pinctrl subsystem
[    0.085410] DMI not present or invalid.
[    0.088517] NET: Registered PF_NETLINK/PF_ROUTE protocol family
[    0.089598] DMA: preallocated 1024 KiB GFP_KERNEL pool for atomic allocations
[    0.089881] DMA: preallocated 1024 KiB GFP_KERNEL|GFP_DMA pool for atomic allocations
[    0.090409] DMA: preallocated 1024 KiB GFP_KERNEL|GFP_DMA32 pool for atomic allocations
[    0.090451] audit: initializing netlink subsys (disabled)
[    0.090660] audit: type=2000 audit(0.076:1): state=initialized audit_enabled=0 res=1
[    0.091647] thermal_sys: Registered thermal governor 'step_wise'
[    0.091653] thermal_sys: Registered thermal governor 'power_allocator'
[    0.091732] cpuidle: using governor ladder
[    0.091772] cpuidle: using governor menu
[    0.091891] hw-breakpoint: found 6 breakpoint and 4 watchpoint registers.
[    0.092080] ASID allocator initialised with 32768 entries
[    0.094663] Serial: AMBA PL011 UART driver
[    0.134549] /pcie@fe180000: Fixed dependency cycle(s) with /pcie@fe180000/legacy-interrupt-controller
[    0.135076] /pcie@fe190000: Fixed dependency cycle(s) with /pcie@fe190000/legacy-interrupt-controller
[    0.148871] gpio gpiochip0: Static allocation of GPIO base is deprecated, use dynamic allocation.
[    0.149701] rockchip-gpio fd8a0000.gpio: probed /pinctrl/gpio@fd8a0000
[    0.150220] gpio gpiochip1: Static allocation of GPIO base is deprecated, use dynamic allocation.
[    0.150461] rockchip-gpio fec20000.gpio: probed /pinctrl/gpio@fec20000
[    0.150716] gpio gpiochip2: Static allocation of GPIO base is deprecated, use dynamic allocation.
[    0.150922] rockchip-gpio fec30000.gpio: probed /pinctrl/gpio@fec30000
[    0.151199] gpio gpiochip3: Static allocation of GPIO base is deprecated, use dynamic allocation.
[    0.151359] rockchip-gpio fec40000.gpio: probed /pinctrl/gpio@fec40000
[    0.151641] gpio gpiochip4: Static allocation of GPIO base is deprecated, use dynamic allocation.
[    0.151809] rockchip-gpio fec50000.gpio: probed /pinctrl/gpio@fec50000
[    0.161842] HugeTLB: allocation took 0ms with hugepage_allocation_threads=2
[    0.161856] HugeTLB: allocation took 0ms with hugepage_allocation_threads=2
[    0.161867] HugeTLB: registered 1.00 GiB page size, pre-allocated 0 pages
[    0.161874] HugeTLB: 0 KiB vmemmap can be freed for a 1.00 GiB page
[    0.161882] HugeTLB: registered 32.0 MiB page size, pre-allocated 0 pages
[    0.161888] HugeTLB: 0 KiB vmemmap can be freed for a 32.0 MiB page
[    0.161895] HugeTLB: registered 2.00 MiB page size, pre-allocated 0 pages
[    0.161901] HugeTLB: 0 KiB vmemmap can be freed for a 2.00 MiB page
[    0.161908] HugeTLB: registered 64.0 KiB page size, pre-allocated 0 pages
[    0.161914] HugeTLB: 0 KiB vmemmap can be freed for a 64.0 KiB page
[    0.170458] fbcon: Taking over console
[    0.170490] ACPI: Interpreter disabled.
[    0.173432] iommu: Default domain type: Translated
[    0.173445] iommu: DMA domain TLB invalidation policy: strict mode
[    0.175926] SCSI subsystem initialized
[    0.176404] usbcore: registered new interface driver usbfs
[    0.176472] usbcore: registered new interface driver hub
[    0.176494] usbcore: registered new device driver usb
[    0.177558] pps_core: LinuxPPS API ver. 1 registered
[    0.177566] pps_core: Software ver. 5.3.6 - Copyright 2005-2007 Rodolfo Giometti <giometti@linux.it>
[    0.177590] PTP clock support registered
[    0.177704] EDAC MC: Ver: 3.0.0
[    0.178334] scmi_core: SCMI protocol bus registered
[    0.179411] FPGA manager framework
[    0.179578] Advanced Linux Sound Architecture Driver Initialized.
[    0.180635] vgaarb: loaded
[    0.180964] clocksource: Switched to clocksource arch_sys_counter
[    0.182756] VFS: Disk quotas dquot_6.6.0
[    0.182953] VFS: Dquot-cache hash table entries: 512 (order 0, 4096 bytes)
[    0.183412] netfs: FS-Cache loaded
[    0.183652] pnp: PnP ACPI: disabled
[    0.193594] NET: Registered PF_INET protocol family
[    0.193851] IP idents hash table entries: 131072 (order: 8, 1048576 bytes, linear)
[    0.251661] tcp_listen_portaddr_hash hash table entries: 4096 (order: 4, 65536 bytes, linear)
[    0.251778] Table-perturb hash table entries: 65536 (order: 6, 262144 bytes, linear)
[    0.251900] TCP established hash table entries: 65536 (order: 7, 524288 bytes, linear)
[    0.252668] TCP bind hash table entries: 65536 (order: 9, 2097152 bytes, linear)
[    0.254573] TCP: Hash tables configured (established 65536 bind 65536)
[    0.254986] MPTCP token hash table entries: 8192 (order: 5, 196608 bytes, linear)
[    0.255172] UDP hash table entries: 4096 (order: 6, 262144 bytes, linear)
[    0.255522] UDP-Lite hash table entries: 4096 (order: 6, 262144 bytes, linear)
[    0.256072] NET: Registered PF_UNIX/PF_LOCAL protocol family
[    0.256143] NET: Registered PF_XDP protocol family
[    0.256157] PCI: CLS 0 bytes, default 64
[    0.256590] Trying to unpack rootfs image as initramfs...
[    0.259819] kvm [1]: nv: 566 coarse grained trap handlers
[    0.260076] kvm [1]: IPA Size Limit: 40 bits
[    0.260113] kvm [1]: GICv3: no GICV resource entry
[    0.260121] kvm [1]: disabling GICv2 emulation
[    0.260151] kvm [1]: GIC system register CPU interface enabled
[    0.260173] kvm [1]: vgic interrupt IRQ18
[    0.260217] kvm [1]: VHE mode initialized successfully
[    0.368899] Initialise system trusted keyrings
[    0.369228] workingset: timestamp_bits=42 max_order=21 bucket_order=0
[    0.374647] squashfs: version 4.0 (2009/01/31) Phillip Lougher
[    0.375328] 9p: Installing v9fs 9p2000 file system support
[    0.414277] Key type asymmetric registered
[    0.414292] Asymmetric key parser 'x509' registered
[    0.414474] Block layer SCSI generic (bsg) driver version 0.4 loaded (major 244)
[    0.414819] io scheduler mq-deadline registered
[    0.414827] io scheduler kyber registered
[    0.514572] Freeing initrd memory: 9868K
[    0.515976] ledtrig-cpu: registered to indicate activity on CPUs
[    0.536798] dma-pl330 fea10000.dma-controller: Loaded driver for PL330 DMAC-241330
[    0.536814] dma-pl330 fea10000.dma-controller: 	DBUFF-128x8bytes Num_Chans-8 Num_Peri-32 Num_Events-16
[    0.537991] dma-pl330 fea30000.dma-controller: Loaded driver for PL330 DMAC-241330
[    0.538004] dma-pl330 fea30000.dma-controller: 	DBUFF-128x8bytes Num_Chans-8 Num_Peri-32 Num_Events-16
[    0.539156] dma-pl330 fed10000.dma-controller: Loaded driver for PL330 DMAC-241330
[    0.539167] dma-pl330 fed10000.dma-controller: 	DBUFF-128x8bytes Num_Chans-8 Num_Peri-32 Num_Events-16
[    0.552382] Serial: 8250/16550 driver, 4 ports, IRQ sharing enabled
[    0.554628] feb50000.serial: ttyS2 at MMIO 0xfeb50000 (irq = 38, base_baud = 1500000) is a 16550A
[    0.554768] printk: legacy console [ttyS2] enabled
[    0.693936] msm_serial: driver initialized
[    0.694718] SuperH (H)SCI(F) driver initialized
[    0.695362] STM32 USART driver initialized
[    0.698521] arm-smmu-v3 fc900000.iommu: ias 48-bit, oas 48-bit (features 0x001c1eaf)
[    0.700009] arm-smmu-v3 fc900000.iommu: allocated 65536 entries for cmdq
[    0.701347] arm-smmu-v3 fc900000.iommu: allocated 32768 entries for evtq
[    0.702475] arm-smmu-v3 fc900000.iommu: msi_domain absent - falling back to wired irqs
[    0.704787] platform fdb50000.video-codec: Adding to iommu group 0
[    0.706194] platform fdba0000.video-codec: Adding to iommu group 1
[    0.707515] platform fdba4000.video-codec: Adding to iommu group 2
[    0.708835] platform fdba8000.video-codec: Adding to iommu group 3
[    0.710166] platform fdbac000.video-codec: Adding to iommu group 4
[    0.718170] loop: module loaded
[    0.719433] megasas: 07.734.00.00-rc1
[    0.724311] /spi@feb20000/pmic@0: Fixed dependency cycle(s) with /spi@feb20000/pmic@0/regulators/dcdc-reg7
[    0.725213] /spi@feb20000/pmic@0: Fixed dependency cycle(s) with /spi@feb20000/pmic@0/dvs3-null-pins
[    0.726020] /spi@feb20000/pmic@0: Fixed dependency cycle(s) with /spi@feb20000/pmic@0/dvs2-null-pins
[    0.726825] /spi@feb20000/pmic@0: Fixed dependency cycle(s) with /spi@feb20000/pmic@0/dvs1-null-pins
[    0.730385] tun: Universal TUN/TAP device driver, 1.6
[    0.732003] thunder_xcv, ver 1.0
[    0.732322] thunder_bgx, ver 1.0
[    0.732636] nicpf, ver 1.0
[    0.734117] hns3: Hisilicon Ethernet Network Driver for Hip08 Family - version
[    0.734752] hns3: Copyright (c) 2017 Huawei Corporation.
[    0.735256] hclge is initializing
[    0.735590] e1000: Intel(R) PRO/1000 Network Driver
[    0.736019] e1000: Copyright (c) 1999-2006 Intel Corporation.
[    0.736545] e1000e: Intel(R) PRO/1000 Network Driver
[    0.736992] e1000e: Copyright(c) 1999 - 2015 Intel Corporation.
[    0.737531] igb: Intel(R) Gigabit Ethernet Network Driver
[    0.738005] igb: Copyright (c) 2007-2014 Intel Corporation.
[    0.738535] igbvf: Intel(R) Gigabit Virtual Function Network Driver
[    0.739085] igbvf: Copyright (c) 2009 - 2012 Intel Corporation.
[    0.739922] sky2: driver version 1.30
[    0.745371] usbcore: registered new interface driver usb-storage
[    0.745990] usbcore: registered new interface driver usbserial_generic
[    0.746574] usbserial: USB Serial support registered for generic
[    0.750115] i2c_dev: i2c /dev entries driver
[    0.753949] fan53555-regulator 0-0042: FAN53555 Option[10] Rev[1] Detected!
[    0.754407] fan53555-regulator 0-0043: FAN53555 Option[10] Rev[1] Detected!
[    0.754844] fan53555-regulator 2-0042: FAN53555 Option[10] Rev[1] Detected!
[    0.761725] sdhci: Secure Digital Host Controller Interface driver
[    0.762275] sdhci: Copyright(c) Pierre Ossman
[    0.763575] Synopsys Designware Multimedia Card Interface Driver
[    0.765239] sdhci-pltfm: SDHCI platform and OF driver helper
[    0.768820] arm-scmi arm-scmi.0.auto: Using scmi_smc_transport
[    0.769350] arm-scmi arm-scmi.0.auto: SCMI max-rx-timeout: 30ms / max-msg-size: 104bytes / max-msg: 20
[    0.770275] scmi_protocol scmi_dev.1: Enabled polling mode TX channel - prot_id:16
[    0.771110] arm-scmi arm-scmi.0.auto: SCMI Notifications - Core Enabled.
[    0.771738] arm-scmi arm-scmi.0.auto: SCMI Protocol v2.0 'rockchip:' Firmware version 0x0
[    0.779054] SMCCC: SOC_ID: ARCH_SOC_ID not implemented, skipping ....
[    0.780214] hid: raw HID events driver (C) Jiri Kosina
[    0.781072] usbcore: registered new interface driver usbhid
[    0.781563] usbhid: USB HID core driver
[    0.785927] hw perfevents: enabled with armv8_cortex_a55 PMU driver, 7 (0,8000003f) counters available
[    0.788116] hw perfevents: enabled with armv8_cortex_a76 PMU driver, 7 (0,8000003f) counters available
[    0.794951] drop_monitor: Initializing network drop monitor service
[    0.796371] NET: Registered PF_INET6 protocol family
[    0.800371] Segment Routing with IPv6
[    0.800729] In-situ OAM (IOAM) with IPv6
[    0.801133] NET: Registered PF_PACKET protocol family
[    0.801883] 9pnet: Installing 9P2000 support
[    0.802299] Key type dns_resolver registered
[    0.811219] registered taskstats version 1
[    0.812037] Loading compiled-in X.509 certificates
[    0.827342] Demotion targets for Node 0: null
[    0.828019] Key type .fscrypt registered
[    0.828367] Key type fscrypt-provisioning registered
[    0.868656] random: crng init done
[    0.886036] cpufreq: cpufreq_online: CPU0: Running at unlisted initial frequency: 816000 kHz, changing to: 1008000 kHz
[    0.887102] cpu cpu0: EM: created perf domain
[    0.890533] cpufreq: cpufreq_online: CPU4: Running at unlisted initial frequency: 816000 kHz, changing to: 1200000 kHz
[    0.891575] cpu cpu4: EM: created perf domain
[    0.895299] cpufreq: cpufreq_online: CPU6: Running at unlisted initial frequency: 816000 kHz, changing to: 1200000 kHz
[    0.896337] cpu cpu6: EM: created perf domain
[    0.899217] dwmmc_rockchip fe2c0000.mmc: IDMAC supports 32-bit address mode.
[    0.899880] dwmmc_rockchip fe2c0000.mmc: Using internal DMA controller.
[    0.900462] dwmmc_rockchip fe2c0000.mmc: Version ID is 270a
[    0.900993] dwmmc_rockchip fe2c0000.mmc: DW MMC controller at irq 71,32 bit host data width,256 deep fifo
[    0.903886] dwmmc_rockchip fe2c0000.mmc: Got CD GPIO
[    0.917005] mmc_host mmc1: Bus speed (slot 0) = 400000Hz (slot req 400000Hz, actual 400000HZ div = 0)
[    0.937438] mmc0: SDHCI controller on fe2e0000.mmc [fe2e0000.mmc] using ADMA
[    0.940495] input: keys-1 as /devices/platform/keys-1/input/input0
[    0.956444] clk: Disabling unused clocks
[    0.957280] PM: genpd: Disabling unused power domains
[    0.957841] ALSA device list:
[    0.958109]   No soundcards found.
[    0.958528] dw-apb-uart feb50000.serial: forbid DMA for kernel console
[    0.963115] Freeing unused kernel memory: 4800K
[    0.963586] Run /init as init process

<<< NixOS Stage 1 >>>

[    0.982120] mmc_host mmc1: Bus speed (slot 0) = 198000000Hz (slot req 200000000Hz, actual 198000000HZ div = 0)
[    1.014567] mmc0: new HS400 Enhanced strobe MMC card at address 0001
loading module virtio_balloon...
loading module virtio_console...
loading module virtio_rng...
loading module virtio_gpu...
loading module dm_mod...
[    1.112481] device-mapper: ioctl: 4.49.0-ioctl (2025-01-17) initialised: dm-devel@lists.linux.dev
running udev...
Starting systemd-udevd version 257.5
[    1.214600] dwmmc_rockchip fe2c0000.mmc: Successfully tuned phase to 212
[    1.215509] mmc1: new UHS-I speed SDR104 SDXC card at address 5048
[    1.225643] mmcblk0: mmc0:0001 CUTB42 58.2 GiB
[    1.227507] mmcblk0boot0: mmc0:0001 CUTB42 4.00 MiB
[    1.229040] mmcblk0boot1: mmc0:0001 CUTB42 4.00 MiB
[    1.230139] mmcblk0rpmb: mmc0:0001 CUTB42 16.0 MiB, chardev (509:0)
[    1.231939] mmcblk1: mmc1:5048 SD64G 58.0 GiB
[    1.235835] GPT:Primary header thinks Alt. header is not at the end of the disk.
[    1.236486] GPT:7233535 != 121536511
[    1.236798] GPT:Alternate GPT header not at the end of the disk.
[    1.237330] GPT:7233535 != 121536511
[    1.237642] GPT: Use GNU Parted to correct GPT errors.
[    1.238095]  mmcblk1: p1 p2
DDR 9fa84341ce typ 24/09/06-09:51:11,fwver: v1.18
ch0 ttot10
ch0 ttot10
ch1 ttot10
ch2 ttot10
ch3 ttot10
ch0 ttot18
LPDDR4, 2112MHz
channel[0] BW=16 Col=10 Bk=8 CS0 Row=16 CS1 Row=16 CS=2 Die BW=16 Size=2048MB
ch1 ttot18
channel[1] BW=16 Col=10 Bk=8 CS0 Row=16 CS1 Row=16 CS=2 Die BW=16 Size=2048MB
ch2 ttot16
channel[2] BW=16 Col=10 Bk=8 CS0 Row=16 CS1 Row=16 CS=2 Die BW=16 Size=2048MB
ch3 ttot18
channel[3] BW=16 Col=10 Bk=8 CS0 Row=16 CS1 Row=16 CS=2 Die BW=16 Size=2048MB
Manufacturer ID:0xff
DQS rds:l0,l0, 
CH0 RX Vref:33.9%, TX Vref:13.2%,13.2%
DQ rds:l0 l0 l0 h1 l0 l0 h2 h1 , h1 h2 h1 l0 h1 h2 h1 h2 

DQS rds:h1,l0, 
CH1 RX Vref:35.7%, TX Vref:13.2%,13.2%
DQ rds:l0 h2 h1 h3 h3 h1 h1 h1 , h3 h2 h1 h2 h3 h1 h1 h1 

DQS rds:h1,h1, 
CH2 RX Vref:36.5%, TX Vref:13.2%,13.2%
DQ rds:h4 h4 h2 h1 h4 h3 h1 h2 , h3 l0 h3 h1 h1 h2 h1 h3 

DQS rds:l0,l0, 
CH3 RX Vref:35.2%, TX Vref:13.2%,13.2%
DQ rds:h5 h2 h2 l0 h1 h2 h4 h2 , h2 h2 h1 h1 h1 h2 l0 h2 

stride=0x2, ddr_config=0x4
hash ch_mask0-1 0x20 0x40, bank_mask0-3 0xa00 0x1400 0x2800 0x0, rank_mask0 0x401000
change to F1: 528MHz
ch0 ttot10
ch1 ttot10
ch2 ttot10
ch3 ttot10
change to F2: 1068MHz
ch0 ttot14
ch1 ttot14
ch2 ttot12
ch3 ttot14
change to F3: 1560MHz
ch0 ttot16
ch1 ttot16
ch2 ttot14
ch3 ttot16
change to F0: 2112MHz
ch0 ttot18
ch1 ttot18
ch2 ttot18
ch3 ttot18
out

U-Boot SPL 2025.04 (Jan 01 1980 - 00:00:00 +0000)
Trying to boot from MMC1
## Checking hash(es) for config config-1 ... OK
## Checking hash(es) for Image atf-1 ... sha256+ OK
## Checking hash(es) for Image u-boot ... sha256+ OK
## Checking hash(es) for Image fdt-1 ... sha256+ OK
## Checking hash(es) for Image atf-2 ... sha256+ OK
## Checking hash(es) for Image atf-3 ... sha256+ OK
NOTICE:  BL31: v2.12.0(release):
NOTICE:  BL31: Built : 00:00:00, Jan  1 1980


U-Boot 2025.04 (Jan 01 1980 - 00:00:00 +0000)

Model: Rockchip RK3588S EVB1 V10 Board
SoC:   RK3582
DRAM:  8 GiB
Core:  345 devices, 29 uclasses, devicetree: separate
MMC:   mmc@fe2c0000: 1, mmc@fe2e0000: 0
Loading Environment from nowhere... OK
In:    serial@feb50000
Out:   serial@feb50000
Err:   serial@feb50000
Model: Rockchip RK3588S EVB1 V10 Board
SoC:   RK3582
Net:   No ethernet found.
Hit any key to stop autoboot:  2  1  0 
## Error: "distro_bootcmd" not defined
=> 
Unknown command ' - try 'help'
Unknown command '2A' - try 'help'
=> 
Unknown command ' - try 'help'
Unknown command '2A' - try 'help'
=>             
Unknown command ' - try 'help'
Unknown command '2A' - try 'help'
=> 
Unknown command ' - try 'help'
Unknown command '2A' - try 'help'
=> 
Unknown command ' - try 'help'
Unknown command '2A' - try 'help'
=> 
Unknown command ' - try 'help'
Unknown command '2A' - try 'help'
=> 
Unknown command ' - try 'help'
Unknown command '2A' - try 'help'
=> help
?         - alias for 'help'
base      - print or set address offset
bdinfo    - print Board Info structure
blkcache  - block cache diagnostics and control
boot      - boot default, i.e., run 'bootcmd'
bootd     - boot default, i.e., run 'bootcmd'
bootdev   - Boot devices
bootefi   - Boots an EFI payload from memory
bootelf   - Boot from an ELF image in memory
bootflow  - Boot flows
booti     - boot Linux kernel 'Image' format from memory
bootm     - boot application image from memory
bootmeth  - Boot methods
bootp     - boot image via network using BOOTP/TFTP protocol
bootstd   - Standard-boot operation
bootvx    - Boot vxWorks from an ELF image
cmp       - memory compare
coninfo   - print console devices and information
cp        - memory copy
crc32     - checksum calculation
dhcp      - boot image via network using DHCP/TFTP protocol
dm        - Driver model low level access
echo      - echo args to console
editenv   - edit environment variable
eficonfig - provide menu-driven UEFI variable maintenance interface
env       - environment handling commands
exit      - exit script
ext2load  - load binary file from a Ext2 filesystem
ext2ls    - list files in a directory (default /)
ext4load  - load binary file from a Ext4 filesystem
ext4ls    - list files in a directory (default /)
ext4size  - determine a file's size
false     - do nothing, unsuccessfully
fastboot  - run as a fastboot usb or udp device
fatinfo   - print information about filesystem
fatload   - load binary file from a dos filesystem
fatls     - list files in a directory (default /)
fatmkdir  - create a directory
fatrm     - delete a file
fatsize   - determine a file's size
fatwrite  - write file into a dos filesystem
fdt       - flattened device tree utility commands
fstype    - Look up a filesystem type
fstypes   - List supported filesystem types
go        - start application at address 'addr'
gpio      - query and control gpio pins
gpt       - GUID Partition Table
gzwrite   - unzip and write memory to block device
help      - print command description/usage
iminfo    - print header information for application image
imxtract  - extract a part of a multi-image
itest     - return true/false on integer compare
ln        - Create a symbolic link
load      - load binary file from a filesystem
loadb     - load binary file over serial line (kermit mode)
loads     - load S-Record file over serial line
loadx     - load binary file over serial line (xmodem mode)
loady     - load binary file over serial line (ymodem mode)
loop      - infinite loop on address range
ls        - list files in a directory (default /)
lzmadec   - lzma uncompress a memory region
mbr       - MBR (Master Boot Record)
md        - memory display
mdio      - MDIO utility commands
mii       - MII utility commands
mm        - memory modify (auto-incrementing address)
mmc       - MMC sub system
mmcinfo   - display MMC info
mtest     - simple RAM read/write test
mw        - memory write (fill)
net       - NET sub-system
nm        - memory modify (constant address)
panic     - Panic with optional message
part      - disk partition related commands
ping      - send ICMP ECHO_REQUEST to network host
pinmux    - show pin-controller muxing
printenv  - print environment variables
pxe       - get and boot from pxe files
random    - fill memory with random pattern
regulator - uclass operations
reset     - Perform RESET of the CPU
run       - run commands in an environment variable
save      - save file to a filesystem
setenv    - set environment variables
setexpr   - set environment variable as the result of eval expression
sf        - SPI flash sub-system
showvar   - print local hushshell variables
size      - determine a file's size
sleep     - delay execution for some time
source    - run script from memory
sysboot   - command to get and boot from syslinux files
test      - minimal test like /bin/sh
tftpboot  - load file via network using TFTP protocol
true      - do nothing, successfully
ums       - Use the UMS [USB Mass Storage]
unlz4     - lz4 uncompress a memory region
unzip     - unzip a memory region
usb       - USB sub-system
usbboot   - boot from USB device
vbe       - Verified Boot for Embedded
version   - print monitor, compiler and linker version
=> help          help    
?         - alias for 'help'
base      - print or set address offset
bdinfo    - print Board Info structure
blkcache  - block cache diagnostics and control
boot      - boot default, i.e., run 'bootcmd'
bootd     - boot default, i.e., run 'bootcmd'
bootdev   - Boot devices
bootefi   - Boots an EFI payload from memory
bootelf   - Boot from an ELF image in memory
bootflow  - Boot flows
booti     - boot Linux kernel 'Image' format from memory
bootm     - boot application image from memory
bootmeth  - Boot methods
bootp     - boot image via network using BOOTP/TFTP protocol
bootstd   - Standard-boot operation
bootvx    - Boot vxWorks from an ELF image
cmp       - memory compare
coninfo   - print console devices and information
cp        - memory copy
crc32     - checksum calculation
dhcp      - boot image via network using DHCP/TFTP protocol
dm        - Driver model low level access
echo      - echo args to console
editenv   - edit environment variable
eficonfig - provide menu-driven UEFI variable maintenance interface
env       - environment handling commands
exit      - exit script
ext2load  - load binary file from a Ext2 filesystem
ext2ls    - list files in a directory (default /)
ext4load  - load binary file from a Ext4 filesystem
ext4ls    - list files in a directory (default /)
ext4size  - determine a file's size
false     - do nothing, unsuccessfully
fastboot  - run as a fastboot usb or udp device
fatinfo   - print information about filesystem
fatload   - load binary file from a dos filesystem
fatls     - list files in a directory (default /)
fatmkdir  - create a directory
fatrm     - delete a file
fatsize   - determine a file's size
fatwrite  - write file into a dos filesystem
fdt       - flattened device tree utility commands
fstype    - Look up a filesystem type
fstypes   - List supported filesystem types
go        - start application at address 'addr'
gpio      - query and control gpio pins
gpt       - GUID Partition Table
gzwrite   - unzip and write memory to block device
help      - print command description/usage
iminfo    - print header information for application image
imxtract  - extract a part of a multi-image
itest     - return true/false on integer compare
ln        - Create a symbolic link
load      - load binary file from a filesystem
loadb     - load binary file over serial line (kermit mode)
loads     - load S-Record file over serial line
loadx     - load binary file over serial line (xmodem mode)
loady     - load binary file over serial line (ymodem mode)
loop      - infinite loop on address range
ls        - list files in a directory (default /)
lzmadec   - lzma uncompress a memory region
mbr       - MBR (Master Boot Record)
md        - memory display
mdio      - MDIO utility commands
mii       - MII utility commands
mm        - memory modify (auto-incrementing address)
mmc       - MMC sub system
mmcinfo   - display MMC info
mtest     - simple RAM read/write test
mw        - memory write (fill)
net       - NET sub-system
nm        - memory modify (constant address)
panic     - Panic with optional message
part      - disk partition related commands
ping      - send ICMP ECHO_REQUEST to network host
pinmux    - show pin-controller muxing
printenv  - print environment variables
pxe       - get and boot from pxe files
random    - fill memory with random pattern
regulator - uclass operations
reset     - Perform RESET of the CPU
run       - run commands in an environment variable
save      - save file to a filesystem
setenv    - set environment variables
setexpr   - set environment variable as the result of eval expression
sf        - SPI flash sub-system
showvar   - print local hushshell variables
size      - determine a file's size
sleep     - delay execution for some time
source    - run script from memory
sysboot   - command to get and boot from syslinux files
test      - minimal test like /bin/sh
tftpboot  - load file via network using TFTP protocol
true      - do nothing, successfully
ums       - Use the UMS [USB Mass Storage]
unlz4     - lz4 uncompress a memory region
unzip     - unzip a memory region
usb       - USB sub-system
usbboot   - boot from USB device
vbe       - Verified Boot for Embedded
version   - print monitor, compiler and linker version
=> 
?         - alias for 'help'
base      - print or set address offset
bdinfo    - print Board Info structure
blkcache  - block cache diagnostics and control
boot      - boot default, i.e., run 'bootcmd'
bootd     - boot default, i.e., run 'bootcmd'
bootdev   - Boot devices
bootefi   - Boots an EFI payload from memory
bootelf   - Boot from an ELF image in memory
bootflow  - Boot flows
booti     - boot Linux kernel 'Image' format from memory
bootm     - boot application image from memory
bootmeth  - Boot methods
bootp     - boot image via network using BOOTP/TFTP protocol
bootstd   - Standard-boot operation
bootvx    - Boot vxWorks from an ELF image
cmp       - memory compare
coninfo   - print console devices and information
cp        - memory copy
crc32     - checksum calculation
dhcp      - boot image via network using DHCP/TFTP protocol
dm        - Driver model low level access
echo      - echo args to console
editenv   - edit environment variable
eficonfig - provide menu-driven UEFI variable maintenance interface
env       - environment handling commands
exit      - exit script
ext2load  - load binary file from a Ext2 filesystem
ext2ls    - list files in a directory (default /)
ext4load  - load binary file from a Ext4 filesystem
ext4ls    - list files in a directory (default /)
ext4size  - determine a file's size
false     - do nothing, unsuccessfully
fastboot  - run as a fastboot usb or udp device
fatinfo   - print information about filesystem
fatload   - load binary file from a dos filesystem
fatls     - list files in a directory (default /)
fatmkdir  - create a directory
fatrm     - delete a file
fatsize   - determine a file's size
fatwrite  - write file into a dos filesystem
fdt       - flattened device tree utility commands
fstype    - Look up a filesystem type
fstypes   - List supported filesystem types
go        - start application at address 'addr'
gpio      - query and control gpio pins
gpt       - GUID Partition Table
gzwrite   - unzip and write memory to block device
help      - print command description/usage
iminfo    - print header information for application image
imxtract  - extract a part of a multi-image
itest     - return true/false on integer compare
ln        - Create a symbolic link
load      - load binary file from a filesystem
loadb     - load binary file over serial line (kermit mode)
loads     - load S-Record file over serial line
loadx     - load binary file over serial line (xmodem mode)
loady     - load binary file over serial line (ymodem mode)
loop      - infinite loop on address range
ls        - list files in a directory (default /)
lzmadec   - lzma uncompress a memory region
mbr       - MBR (Master Boot Record)
md        - memory display
mdio      - MDIO utility commands
mii       - MII utility commands
mm        - memory modify (auto-incrementing address)
mmc       - MMC sub system
mmcinfo   - display MMC info
mtest     - simple RAM read/write test
mw        - memory write (fill)
net       - NET sub-system
nm        - memory modify (constant address)
panic     - Panic with optional message
part      - disk partition related commands
ping      - send ICMP ECHO_REQUEST to network host
pinmux    - show pin-controller muxing
printenv  - print environment variables
pxe       - get and boot from pxe files
random    - fill memory with random pattern
regulator - uclass operations
reset     - Perform RESET of the CPU
run       - run commands in an environment variable
save      - save file to a filesystem
setenv    - set environment variables
setexpr   - set environment variable as the result of eval expression
sf        - SPI flash sub-system
showvar   - print local hushshell variables
size      - determine a file's size
sleep     - delay execution for some time
source    - run script from memory
sysboot   - command to get and boot from syslinux files
test      - minimal test like /bin/sh
tftpboot  - load file via network using TFTP protocol
true      - do nothing, successfully
ums       - Use the UMS [USB Mass Storage]
unlz4     - lz4 uncompress a memory region
unzip     - unzip a memory region
usb       - USB sub-system
usbboot   - boot from USB device
vbe       - Verified Boot for Embedded
version   - print monitor, compiler and linker version
=> 
?         - alias for 'help'
base      - print or set address offset
bdinfo    - print Board Info structure
blkcache  - block cache diagnostics and control
boot      - boot default, i.e., run 'bootcmd'
bootd     - boot default, i.e., run 'bootcmd'
bootdev   - Boot devices
bootefi   - Boots an EFI payload from memory
bootelf   - Boot from an ELF image in memory
bootflow  - Boot flows
booti     - boot Linux kernel 'Image' format from memory
bootm     - boot application image from memory
bootmeth  - Boot methods
bootp     - boot image via network using BOOTP/TFTP protocol
bootstd   - Standard-boot operation
bootvx    - Boot vxWorks from an ELF image
cmp       - memory compare
coninfo   - print console devices and information
cp        - memory copy
crc32     - checksum calculation
dhcp      - boot image via network using DHCP/TFTP protocol
dm        - Driver model low level access
echo      - echo args to console
editenv   - edit environment variable
eficonfig - provide menu-driven UEFI variable maintenance interface
env       - environment handling commands
exit      - exit script
ext2load  - load binary file from a Ext2 filesystem
ext2ls    - list files in a directory (default /)
ext4load  - load binary file from a Ext4 filesystem
ext4ls    - list files in a directory (default /)
ext4size  - determine a file's size
false     - do nothing, unsuccessfully
fastboot  - run as a fastboot usb or udp device
fatinfo   - print information about filesystem
fatload   - load binary file from a dos filesystem
fatls     - list files in a directory (default /)
fatmkdir  - create a directory
fatrm     - delete a file
fatsize   - determine a file's size
fatwrite  - write file into a dos filesystem
fdt       - flattened device tree utility commands
fstype    - Look up a filesystem type
fstypes   - List supported filesystem types
go        - start application at address 'addr'
gpio      - query and control gpio pins
gpt       - GUID Partition Table
gzwrite   - unzip and write memory to block device
help      - print command description/usage
iminfo    - print header information for application image
imxtract  - extract a part of a multi-image
itest     - return true/false on integer compare
ln        - Create a symbolic link
load      - load binary file from a filesystem
loadb     - load binary file over serial line (kermit mode)
loads     - load S-Record file over serial line
loadx     - load binary file over serial line (xmodem mode)
loady     - load binary file over serial line (ymodem mode)
loop      - infinite loop on address range
ls        - list files in a directory (default /)
lzmadec   - lzma uncompress a memory region
mbr       - MBR (Master Boot Record)
md        - memory display
mdio      - MDIO utility commands
mii       - MII utility commands
mm        - memory modify (auto-incrementing address)
mmc       - MMC sub system
mmcinfo   - display MMC info
mtest     - simple RAM read/write test
mw        - memory write (fill)
net       - NET sub-system
nm        - memory modify (constant address)
panic     - Panic with optional message
part      - disk partition related commands
ping      - send ICMP ECHO_REQUEST to network host
pinmux    - show pin-controller muxing
printenv  - print environment variables
pxe       - get and boot from pxe files
random    - fill memory with random pattern
regulator - uclass operations
reset     - Perform RESET of the CPU
run       - run commands in an environment variable
save      - save file to a filesystem
setenv    - set environment variables
setexpr   - set environment variable as the result of eval expression
sf        - SPI flash sub-system
showvar   - print local hushshell variables
size      - determine a file's size
sleep     - delay execution for some time
source    - run script from memory
sysboot   - command to get and boot from syslinux files
test      - minimal test like /bin/sh
tftpboot  - load file via network using TFTP protocol
true      - do nothing, successfully
ums       - Use the UMS [USB Mass Storage]
unlz4     - lz4 uncompress a memory region
unzip     - unzip a memory region
usb       - USB sub-system
usbboot   - boot from USB device
vbe       - Verified Boot for Embedded
version   - print monitor, compiler and linker version
=> 
?         - alias for 'help'
base      - print or set address offset
bdinfo    - print Board Info structure
blkcache  - block cache diagnostics and control
boot      - boot default, i.e., run 'bootcmd'
bootd     - boot default, i.e., run 'bootcmd'
bootdev   - Boot devices
bootefi   - Boots an EFI payload from memory
bootelf   - Boot from an ELF image in memory
bootflow  - Boot flows
booti     - boot Linux kernel 'Image' format from memory
bootm     - boot application image from memory
bootmeth  - Boot methods
bootp     - boot image via network using BOOTP/TFTP protocol
bootstd   - Standard-boot operation
bootvx    - Boot vxWorks from an ELF image
cmp       - memory compare
coninfo   - print console devices and information
cp        - memory copy
crc32     - checksum calculation
dhcp      - boot image via network using DHCP/TFTP protocol
dm        - Driver model low level access
echo      - echo args to console
editenv   - edit environment variable
eficonfig - provide menu-driven UEFI variable maintenance interface
env       - environment handling commands
exit      - exit script
ext2load  - load binary file from a Ext2 filesystem
ext2ls    - list files in a directory (default /)
ext4load  - load binary file from a Ext4 filesystem
ext4ls    - list files in a directory (default /)
ext4size  - determine a file's size
false     - do nothing, unsuccessfully
fastboot  - run as a fastboot usb or udp device
fatinfo   - print information about filesystem
fatload   - load binary file from a dos filesystem
fatls     - list files in a directory (default /)
fatmkdir  - create a directory
fatrm     - delete a file
fatsize   - determine a file's size
fatwrite  - write file into a dos filesystem
fdt       - flattened device tree utility commands
fstype    - Look up a filesystem type
fstypes   - List supported filesystem types
go        - start application at address 'addr'
gpio      - query and control gpio pins
gpt       - GUID Partition Table
gzwrite   - unzip and write memory to block device
help      - print command description/usage
iminfo    - print header information for application image
imxtract  - extract a part of a multi-image
itest     - return true/false on integer compare
ln        - Create a symbolic link
load      - load binary file from a filesystem
loadb     - load binary file over serial line (kermit mode)
loads     - load S-Record file over serial line
loadx     - load binary file over serial line (xmodem mode)
loady     - load binary file over serial line (ymodem mode)
loop      - infinite loop on address range
ls        - list files in a directory (default /)
lzmadec   - lzma uncompress a memory region
mbr       - MBR (Master Boot Record)
md        - memory display
mdio      - MDIO utility commands
mii       - MII utility commands
mm        - memory modify (auto-incrementing address)
mmc       - MMC sub system
mmcinfo   - display MMC info
mtest     - simple RAM read/write test
mw        - memory write (fill)
net       - NET sub-system
nm        - memory modify (constant address)
panic     - Panic with optional message
part      - disk partition related commands
ping      - send ICMP ECHO_REQUEST to network host
pinmux    - show pin-controller muxing
printenv  - print environment variables
pxe       - get and boot from pxe files
random    - fill memory with random pattern
regulator - uclass operations
reset     - Perform RESET of the CPU
run       - run commands in an environment variable
save      - save file to a filesystem
setenv    - set environment variables
setexpr   - set environment variable as the result of eval expression
sf        - SPI flash sub-system
showvar   - print local hushshell variables
size      - determine a file's size
sleep     - delay execution for some time
source    - run script from memory
sysboot   - command to get and boot from syslinux files
test      - minimal test like /bin/sh
tftpboot  - load file via network using TFTP protocol
true      - do nothing, successfully
ums       - Use the UMS [USB Mass Storage]
unlz4     - lz4 uncompress a memory region
unzip     - unzip a memory region
usb       - USB sub-system
usbboot   - boot from USB device
vbe       - Verified Boot for Embedded
version   - print monitor, compiler and linker version
=> 
?         - alias for 'help'
base      - print or set address offset
bdinfo    - print Board Info structure
blkcache  - block cache diagnostics and control
boot      - boot default, i.e., run 'bootcmd'
bootd     - boot default, i.e., run 'bootcmd'
bootdev   - Boot devices
bootefi   - Boots an EFI payload from memory
bootelf   - Boot from an ELF image in memory
bootflow  - Boot flows
booti     - boot Linux kernel 'Image' format from memory
bootm     - boot application image from memory
bootmeth  - Boot methods
bootp     - boot image via network using BOOTP/TFTP protocol
bootstd   - Standard-boot operation
bootvx    - Boot vxWorks from an ELF image
cmp       - memory compare
coninfo   - print console devices and information
cp        - memory copy
crc32     - checksum calculation
dhcp      - boot image via network using DHCP/TFTP protocol
dm        - Driver model low level access
echo      - echo args to console
editenv   - edit environment variable
eficonfig - provide menu-driven UEFI variable maintenance interface
env       - environment handling commands
exit      - exit script
ext2load  - load binary file from a Ext2 filesystem
ext2ls    - list files in a directory (default /)
ext4load  - load binary file from a Ext4 filesystem
ext4ls    - list files in a directory (default /)
ext4size  - determine a file's size
false     - do nothing, unsuccessfully
fastboot  - run as a fastboot usb or udp device
fatinfo   - print information about filesystem
fatload   - load binary file from a dos filesystem
fatls     - list files in a directory (default /)
fatmkdir  - create a directory
fatrm     - delete a file
fatsize   - determine a file's size
fatwrite  - write file into a dos filesystem
fdt       - flattened device tree utility commands
fstype    - Look up a filesystem type
fstypes   - List supported filesystem types
go        - start application at address 'addr'
gpio      - query and control gpio pins
gpt       - GUID Partition Table
gzwrite   - unzip and write memory to block device
help      - print command description/usage
iminfo    - print header information for application image
imxtract  - extract a part of a multi-image
itest     - return true/false on integer compare
ln        - Create a symbolic link
load      - load binary file from a filesystem
loadb     - load binary file over serial line (kermit mode)
loads     - load S-Record file over serial line
loadx     - load binary file over serial line (xmodem mode)
loady     - load binary file over serial line (ymodem mode)
loop      - infinite loop on address range
ls        - list files in a directory (default /)
lzmadec   - lzma uncompress a memory region
mbr       - MBR (Master Boot Record)
md        - memory display
mdio      - MDIO utility commands
mii       - MII utility commands
mm        - memory modify (auto-incrementing address)
mmc       - MMC sub system
mmcinfo   - display MMC info
mtest     - simple RAM read/write test
mw        - memory write (fill)
net       - NET sub-system
nm        - memory modify (constant address)
panic     - Panic with optional message
part      - disk partition related commands
ping      - send ICMP ECHO_REQUEST to network host
pinmux    - show pin-controller muxing
printenv  - print environment variables
pxe       - get and boot from pxe files
random    - fill memory with random pattern
regulator - uclass operations
reset     - Perform RESET of the CPU
run       - run commands in an environment variable
save      - save file to a filesystem
setenv    - set environment variables
setexpr   - set environment variable as the result of eval expression
sf        - SPI flash sub-system
showvar   - print local hushshell variables
size      - determine a file's size
sleep     - delay execution for some time
source    - run script from memory
sysboot   - command to get and boot from syslinux files
test      - minimal test like /bin/sh
tftpboot  - load file via network using TFTP protocol
true      - do nothing, successfully
ums       - Use the UMS [USB Mass Storage]
unlz4     - lz4 uncompress a memory region
unzip     - unzip a memory region
usb       - USB sub-system
usbboot   - boot from USB device
vbe       - Verified Boot for Embedded
version   - print monitor, compiler and linker version
=> 
?         - alias for 'help'
base      - print or set address offset
bdinfo    - print Board Info structure
blkcache  - block cache diagnostics and control
boot      - boot default, i.e., run 'bootcmd'
bootd     - boot default, i.e., run 'bootcmd'
bootdev   - Boot devices
bootefi   - Boots an EFI payload from memory
bootelf   - Boot from an ELF image in memory
bootflow  - Boot flows
booti     - boot Linux kernel 'Image' format from memory
bootm     - boot application image from memory
bootmeth  - Boot methods
bootp     - boot image via network using BOOTP/TFTP protocol
bootstd   - Standard-boot operation
bootvx    - Boot vxWorks from an ELF image
cmp       - memory compare
coninfo   - print console devices and information
cp        - memory copy
crc32     - checksum calculation
dhcp      - boot image via network using DHCP/TFTP protocol
dm        - Driver model low level access
echo      - echo args to console
editenv   - edit environment variable
eficonfig - provide menu-driven UEFI variable maintenance interface
env       - environment handling commands
exit      - exit script
ext2load  - load binary file from a Ext2 filesystem
ext2ls    - list files in a directory (default /)
ext4load  - load binary file from a Ext4 filesystem
ext4ls    - list files in a directory (default /)
ext4size  - determine a file's size
false     - do nothing, unsuccessfully
fastboot  - run as a fastboot usb or udp device
fatinfo   - print information about filesystem
fatload   - load binary file from a dos filesystem
fatls     - list files in a directory (default /)
fatmkdir  - create a directory
fatrm     - delete a file
fatsize   - determine a file's size
fatwrite  - write file into a dos filesystem
fdt       - flattened device tree utility commands
fstype    - Look up a filesystem type
fstypes   - List supported filesystem types
go        - start application at address 'addr'
gpio      - query and control gpio pins
gpt       - GUID Partition Table
gzwrite   - unzip and write memory to block device
help      - print command description/usage
iminfo    - print header information for application image
imxtract  - extract a part of a multi-image
itest     - return true/false on integer compare
ln        - Create a symbolic link
load      - load binary file from a filesystem
loadb     - load binary file over serial line (kermit mode)
loads     - load S-Record file over serial line
loadx     - load binary file over serial line (xmodem mode)
loady     - load binary file over serial line (ymodem mode)
loop      - infinite loop on address range
ls        - list files in a directory (default /)
lzmadec   - lzma uncompress a memory region
mbr       - MBR (Master Boot Record)
md        - memory display
mdio      - MDIO utility commands
mii       - MII utility commands
mm        - memory modify (auto-incrementing address)
mmc       - MMC sub system
mmcinfo   - display MMC info
mtest     - simple RAM read/write test
mw        - memory write (fill)
net       - NET sub-system
nm        - memory modify (constant address)
panic     - Panic with optional message
part      - disk partition related commands
ping      - send ICMP ECHO_REQUEST to network host
pinmux    - show pin-controller muxing
printenv  - print environment variables
pxe       - get and boot from pxe files
random    - fill memory with random pattern
regulator - uclass operations
reset     - Perform RESET of the CPU
run       - run commands in an environment variable
save      - save file to a filesystem
setenv    - set environment variables
setexpr   - set environment variable as the result of eval expression
sf        - SPI flash sub-system
showvar   - print local hushshell variables
size      - determine a file's size
sleep     - delay execution for some time
source    - run script from memory
sysboot   - command to get and boot from syslinux files
test      - minimal test like /bin/sh
tftpboot  - load file via network using TFTP protocol
true      - do nothing, successfully
ums       - Use the UMS [USB Mass Storage]
unlz4     - lz4 uncompress a memory region
unzip     - unzip a memory region
usb       - USB sub-system
usbboot   - boot from USB device
vbe       - Verified Boot for Embedded
version   - print monitor, compiler and linker version
=> booti 0x02000000 0x6000000:${initrd_size} 0x01000000 ${bootargs}
## Flattened Device Tree blob at 01000000
   Booting using the fdt blob at 0x1000000
Working FDT set to 1000000
   Loading Ramdisk to f0000000, end f0000000 ... OK
   Loading Device Tree to 00000000eceaa000, end 00000000eced2037 ... OK
Working FDT set to eceaa000

Starting kernel ...

"Synchronous Abort" handler, esr 0x02000000
elr: ffffffff15e28a18 lr : ffffffff15e17104 (reloc)
elr: 000000000533ba18 lr : 000000000532a104
x0 : 00000000eceaa000 x1 : 0000000000000000
x2 : 0000000000000000 x3 : 0000000000000000
x4 : 0000000002000000 x5 : 0000000000000001
x6 : 0000000000000008 x7 : 0000000000000000
x8 : 00000000edf3db30 x9 : 0000000000000004
x10: 00000000c3000123 x11: 0000000000000003
x12: 0000000000000004 x13: 00000000eceaa000
x14: 00000000ffffffff x15: 00000000eff15048
x16: 0000000000000000 x17: 0000000010193b67
x18: 00000000edef3d80 x19: 00000000effe59b8
x20: 0000000000000000 x21: 0000000000000000
x22: 0000000000001710 x23: 00000000eded6230
x24: 0000000000000000 x25: 0000000000000000
x26: 0000000000000000 x27: 0000000000000000
x28: 00000000edf3da40 x29: 00000000eded60b0

Code: cccccccc cccccccc cccccccc cccccccc (cccccccc) 
Resetting CPU ...

resetting ...
DDR 9fa84341ce typ 24/09/06-09:51:11,fwver: v1.18
ch0 ttot10
ch0 ttot10
ch1 ttot10
ch2 ttot10
ch3 ttot10
ch0 ttot18
LPDDR4, 2112MHz
channel[0] BW=16 Col=10 Bk=8 CS0 Row=16 CS1 Row=16 CS=2 Die BW=16 Size=2048MB
ch1 ttot18
channel[1] BW=16 Col=10 Bk=8 CS0 Row=16 CS1 Row=16 CS=2 Die BW=16 Size=2048MB
ch2 ttot16
channel[2] BW=16 Col=10 Bk=8 CS0 Row=16 CS1 Row=16 CS=2 Die BW=16 Size=2048MB
ch3 ttot18
channel[3] BW=16 Col=10 Bk=8 CS0 Row=16 CS1 Row=16 CS=2 Die BW=16 Size=2048MB
Manufacturer ID:0xff
DQS rds:l0,l0, 
CH0 RX Vref:33.9%, TX Vref:13.2%,13.2%
DQ rds:l0 l0 l0 h1 l0 l0 h2 h1 , h1 h2 h1 l0 h1 h2 h1 h1 

DQS rds:h1,l0, 
CH1 RX Vref:36.1%, TX Vref:13.2%,13.2%
DQ rds:h1 h3 h1 h4 h3 h1 h1 h2 , h4 h4 h1 h3 h5 h1 h1 h1 

DQS rds:h1,h1, 
CH2 RX Vref:36.5%, TX Vref:13.2%,13.2%
DQ rds:h3 h4 h2 h1 h4 h3 h1 h1 , h2 l0 h3 h1 h1 h2 h1 h3 

DQS rds:l0,l0, 
CH3 RX Vref:35.2%, TX Vref:13.2%,13.2%
DQ rds:h5 h2 h2 l0 h1 h2 h4 h2 , h2 h2 h1 h1 h1 h3 l0 h2 

stride=0x2, ddr_config=0x4
hash ch_mask0-1 0x20 0x40, bank_mask0-3 0xa00 0x1400 0x2800 0x0, rank_mask0 0x401000
change to F1: 528MHz
ch0 ttot10
ch1 ttot10
ch2 ttot10
ch3 ttot10
change to F2: 1068MHz
ch0 ttot14
ch1 ttot14
ch2 ttot12
ch3 ttot14
change to F3: 1560MHz
ch0 ttot16
ch1 ttot16
ch2 ttot14
ch3 ttot16
change to F0: 2112MHz
ch0 ttot18
ch1 ttot18
ch2 ttot18
ch3 ttot18
out

U-Boot SPL 2025.04 (Jan 01 1980 - 00:00:00 +0000)
Trying to boot from MMC1
## Checking hash(es) for config config-1 ... OK
## Checking hash(es) for Image atf-1 ... sha256+ OK
## Checking hash(es) for Image u-boot ... sha256+ OK
## Checking hash(es) for Image fdt-1 ... sha256+ OK
## Checking hash(es) for Image atf-2 ... sha256+ OK
## Checking hash(es) for Image atf-3 ... sha256+ OK
NOTICE:  BL31: v2.12.0(release):
NOTICE:  BL31: Built : 00:00:00, Jan  1 1980


U-Boot 2025.04 (Jan 01 1980 - 00:00:00 +0000)

Model: Rockchip RK3588S EVB1 V10 Board
SoC:   RK3582
DRAM:  8 GiB
Core:  345 devices, 29 uclasses, devicetree: separate
MMC:   mmc@fe2c0000: 1, mmc@fe2e0000: 0
Loading Environment from nowhere... OK
In:    serial@feb50000
Out:   serial@feb50000
Err:   serial@feb50000
Model: Rockchip RK3588S EVB1 V10 Board
SoC:   RK3582
Net:   No ethernet found.
Hit any key to stop autoboot:  2  1  0 
## Error: "distro_bootcmd" not defined
=> booti 0x02000000 0x6000000:${initrd_size} 0x01000000 ${bootargs}
## Flattened Device Tree blob at 01000000
   Booting using the fdt blob at 0x1000000
Working FDT set to 1000000
   Loading Ramdisk to f0000000, end f0000000 ... OK
   Loading Device Tree to 00000000eceaa000, end 00000000eced2037 ... OK
Working FDT set to eceaa000

Starting kernel ...

"Synchronous Abort" handler, esr 0x02000000
elr: ffffffff15e28a18 lr : ffffffff15e17104 (reloc)
elr: 000000000533ba18 lr : 000000000532a104
x0 : 00000000eceaa000 x1 : 0000000000000000
x2 : 0000000000000000 x3 : 0000000000000000
x4 : 0000000002000000 x5 : 0000000000000001
x6 : 0000000000000008 x7 : 0000000000000000
x8 : 00000000edf3db30 x9 : 0000000000000004
x10: 00000000c3000123 x11: 0000000000000003
x12: 0000000000000004 x13: 00000000eceaa000
x14: 00000000ffffffff x15: 00000000eff15048
x16: 0000000000000000 x17: 0000000010193b67
x18: 00000000edef3d80 x19: 00000000effe59b8
x20: 0000000000000000 x21: 0000000000000000
x22: 0000000000001710 x23: 00000000eded6230
x24: 0000000000000000 x25: 0000000000000000
x26: 0000000000000000 x27: 0000000000000000
x28: 00000000edf3da40 x29: 00000000eded60b0

Code: cccccccc cccccccc cccccccc cccccccc (cccccccc) 
Resetting CPU ...

resetting ...
DDR 9fa84341ce typ 24/09/06-09:51:11,fwver: v1.18
ch0 ttot10
ch0 ttot10
ch1 ttot10
ch2 ttot10
ch3 ttot10
ch0 ttot18
LPDDR4, 2112MHz
channel[0] BW=16 Col=10 Bk=8 CS0 Row=16 CS1 Row=16 CS=2 Die BW=16 Size=2048MB
ch1 ttot18
channel[1] BW=16 Col=10 Bk=8 CS0 Row=16 CS1 Row=16 CS=2 Die BW=16 Size=2048MB
ch2 ttot16
channel[2] BW=16 Col=10 Bk=8 CS0 Row=16 CS1 Row=16 CS=2 Die BW=16 Size=2048MB
ch3 ttot18
channel[3] BW=16 Col=10 Bk=8 CS0 Row=16 CS1 Row=16 CS=2 Die BW=16 Size=2048MB
Manufacturer ID:0xff
DQS rds:l0,l0, 
CH0 RX Vref:33.9%, TX Vref:13.2%,13.2%
DQ rds:l0 l0 l0 h1 l0 l0 h2 h1 , h1 h2 h1 l0 h1 h2 h1 h1 

DQS rds:h1,l0, 
CH1 RX Vref:35.7%, TX Vref:13.2%,13.2%
DQ rds:l0 h2 h1 h3 h3 h1 h1 h1 , h3 h2 h1 h2 h4 h2 h1 h1 

DQS rds:h1,h1, 
CH2 RX Vref:36.5%, TX Vref:13.2%,13.2%
DQ rds:h3 h4 h2 h1 h3 h3 h1 h2 , h2 l0 h3 h1 h1 h2 h1 h2 

DQS rds:l0,l0, 
CH3 RX Vref:35.2%, TX Vref:13.2%,13.2%
DQ rds:h5 h2 h2 l0 h1 h2 h4 h2 , h2 h2 h1 h1 h1 h2 l0 h2 

stride=0x2, ddr_config=0x4
hash ch_mask0-1 0x20 0x40, bank_mask0-3 0xa00 0x1400 0x2800 0x0, rank_mask0 0x401000
change to F1: 528MHz
ch0 ttot10
ch1 ttot10
ch2 ttot10
ch3 ttot10
change to F2: 1068MHz
ch0 ttot14
ch1 ttot14
ch2 ttot12
ch3 ttot14
change to F3: 1560MHz
ch0 ttot16
ch1 ttot16
ch2 ttot14
ch3 ttot16
change to F0: 2112MHz
ch0 ttot18
ch1 ttot18
ch2 ttot18
ch3 ttot18
out

U-Boot SPL 2025.04 (Jan 01 1980 - 00:00:00 +0000)
Trying to boot from MMC1
## Checking hash(es) for config config-1 ... OK
## Checking hash(es) for Image atf-1 ... sha256+ OK
## Checking hash(es) for Image u-boot ... sha256+ OK
## Checking hash(es) for Image fdt-1 ... sha256+ OK
## Checking hash(es) for Image atf-2 ... sha256+ OK
## Checking hash(es) for Image atf-3 ... sha256+ OK
NOTICE:  BL31: v2.12.0(release):
NOTICE:  BL31: Built : 00:00:00, Jan  1 1980


U-Boot 2025.04 (Jan 01 1980 - 00:00:00 +0000)

Model: Rockchip RK3588S EVB1 V10 Board
SoC:   RK3582
DRAM:  8 GiB
Core:  345 devices, 29 uclasses, devicetree: separate
MMC:   mmc@fe2c0000: 1, mmc@fe2e0000: 0
Loading Environment from nowhere... OK
In:    serial@feb50000
Out:   serial@feb50000
Err:   serial@feb50000
Model: Rockchip RK3588S EVB1 V10 Board
SoC:   RK3582
Net:   No ethernet found.
Hit any key to stop autoboot:  2  1  0 
## Error: "distro_bootcmd" not defined
=> setenv bootargs "console=ttyS2,115200n8 root=/dev/mmcblk1p2 rootwait"
=> fatload mmc 1:1 0x6000000 /nixos/6bsnly49mhx656bwpm1sajvk6rvpa5wj-initrd-linux-6.15.4-initrd
10108163 bytes read in 866 ms (11.1 MiB/s)
=> setenv bootargs "console=ttyS2,115200n8 root=/dev/mmcblk1p2 rootwait"
=> fatload mmc 1:1 0x6000000 /nixos/6bsnly49mhx656bwpm1sajvk6rvpa5wj-initrd-linux-6.15.4-initrd
10108163 bytes read in 866 ms (11.1 MiB/s)
=> setenv initrd_size ${filesize}
=> fatload mmc 1:1 0x02000000 /nixos
Failed to load '/nixos'
=> fatload mmc 1:1 0x02000000 /nixos/iaziacmiwcyvzfqxwnvdylqyw05c00wy-linux-6.15.4-Image
65614336 bytes read in 5616 ms (11.1 MiB/s)
=> fatload mmc 1:1 0x01000000 /nixos/iaziacmiwcyvzfqxwnvdylqyw05c00wy-linux-6.15.4-dtbs/rockchip/rk3582-radxa-e52c.dtb
151608 bytes read in 84 ms (1.7 MiB/s)
=> booti 0x02000000 0x6000000:${initrd_size} 0x01000000 ${bootargs}
## Flattened Device Tree blob at 01000000
   Booting using the fdt blob at 0x1000000
Working FDT set to 1000000
   Loading Ramdisk to ec525000, end ecec8d03 ... OK
   Loading Device Tree to 00000000ec4fc000, end 00000000ec524037 ... OK
Working FDT set to ec4fc000

Starting kernel ...

DDR 9fa84341ce typ 24/09/06-09:51:11,fwver: v1.18
ch0 ttot10
ch0 ttot10
ch1 ttot10
ch2 ttot10
ch3 ttot10
ch0 ttot18
LPDDR4, 2112MHz
channel[0] BW=16 Col=10 Bk=8 CS0 Row=16 CS1 Row=16 CS=2 Die BW=16 Size=2048MB
ch1 ttot18
channel[1] BW=16 Col=10 Bk=8 CS0 Row=16 CS1 Row=16 CS=2 Die BW=16 Size=2048MB
ch2 ttot16
channel[2] BW=16 Col=10 Bk=8 CS0 Row=16 CS1 Row=16 CS=2 Die BW=16 Size=2048MB
ch3 ttot18
channel[3] BW=16 Col=10 Bk=8 CS0 Row=16 CS1 Row=16 CS=2 Die BW=16 Size=2048MB
Manufacturer ID:0xff
DQS rds:l0,l0, 
CH0 RX Vref:33.9%, TX Vref:13.2%,13.2%
DQ rds:l0 l0 l0 h1 l0 l0 h2 h1 , h1 h2 h1 l0 h1 h2 h1 h2 

DQS rds:h1,h1, 
CH1 RX Vref:36.1%, TX Vref:13.2%,13.2%
DQ rds:l0 h3 h2 h3 h4 h1 h1 h2 , h6 h3 h1 h2 h5 h1 h1 h1 

DQS rds:h1,h1, 
CH2 RX Vref:36.9%, TX Vref:13.2%,13.2%
DQ rds:h4 h5 h3 h1 h4 h3 h1 h2 , h2 l0 h3 h1 h1 h2 h1 h2 

DQS rds:l0,l0, 
CH3 RX Vref:35.2%, TX Vref:13.2%,13.2%
DQ rds:h4 h2 h2 l0 h1 h2 h4 h2 , h2 h2 h1 h1 h1 h2 h1 h2 

stride=0x2, ddr_config=0x4
hash ch_mask0-1 0x20 0x40, bank_mask0-3 0xa00 0x1400 0x2800 0x0, rank_mask0 0x401000
change to F1: 528MHz
ch0 ttot10
ch1 ttot10
ch2 ttot10
ch3 ttot10
change to F2: 1068MHz
ch0 ttot14
ch1 ttot14
ch2 ttot12
ch3 ttot14
change to F3: 1560MHz
ch0 ttot16
ch1 ttot16
ch2 ttot14
ch3 ttot16
change to F0: 2112MHz
ch0 ttot18
ch1 ttot18
ch2 ttot18
ch3 ttot18
out

U-Boot SPL 2025.04 (Jan 01 1980 - 00:00:00 +0000)
Trying to boot from MMC1
## Checking hash(es) for config config-1 ... OK
## Checking hash(es) for Image atf-1 ... sha256+ OK
## Checking hash(es) for Image u-boot ... sha256+ OK
## Checking hash(es) for Image fdt-1 ... sha256+ OK
## Checking hash(es) for Image atf-2 ... sha256+ OK
## Checking hash(es) for Image atf-3 ... sha256+ OK
NOTICE:  BL31: v2.12.0(release):
NOTICE:  BL31: Built : 00:00:00, Jan  1 1980


U-Boot 2025.04 (Jan 01 1980 - 00:00:00 +0000)

Model: Rockchip RK3588S EVB1 V10 Board
SoC:   RK3582
DRAM:  8 GiB
Core:  345 devices, 29 uclasses, devicetree: separate
MMC:   mmc@fe2c0000: 1, mmc@fe2e0000: 0
Loading Environment from nowhere... OK
In:    serial@feb50000
Out:   serial@feb50000
Err:   serial@feb50000
Model: Rockchip RK3588S EVB1 V10 Board
SoC:   RK3582
Net:   No ethernet found.
Hit any key to stop autoboot:  2  1  0 
## Error: "distro_bootcmd" not defined
=> setenv bootargs "console=ttyS2,115200n8 root=/dev/disk/by-label/NIXOS_SD rootwait"
=> fatload mmc 1:1 0x6000000 /nixos/6bsnly49mhx656bwpm1sajvk6rvpa5wj-initrd-linux-6.15.4-initrd
10108163 bytes read in 866 ms (11.1 MiB/s)
=> setenv initrd_size ${filesize}
=> fatload mmc 1:1 0x02000000 /nixos/iaziacmiwcyvzfqxwnvdylqyw05c00wy-linux-6.15.4-Image
65614336 bytes read in 5616 ms (11.1 MiB/s)
=> 
=> fatload mmc 1:1 0x01000000 /nixos/iaziacmiwcyvzfqxwnvdylqyw05c00wy-linux-6.15.4-dtbs/rockchip/rk3582-radxa-e52c.dtb
151608 bytes read in 84 ms (1.7 MiB/s)
=> booti 0x02000000 0x6000000:${initrd_size} 0x01000000 ${bootargs}
## Flattened Device Tree blob at 01000000
   Booting using the fdt blob at 0x1000000
Working FDT set to 1000000
   Loading Ramdisk to ec525000, end ecec8d03 ... OK
   Loading Device Tree to 00000000ec4fc000, end 00000000ec524037 ... OK
Working FDT set to ec4fc000

Starting kernel ...

DDR 9fa84341ce typ 24/09/06-09:51:11,fwver: v1.18
ch0 ttot10
ch0 ttot10
ch1 ttot10
ch2 ttot10
ch3 ttot10
ch0 ttot18
LPDDR4, 2112MHz
channel[0] BW=16 Col=10 Bk=8 CS0 Row=16 CS1 Row=16 CS=2 Die BW=16 Size=2048MB
ch1 ttot18
channel[1] BW=16 Col=10 Bk=8 CS0 Row=16 CS1 Row=16 CS=2 Die BW=16 Size=2048MB
ch2 ttot16
channel[2] BW=16 Col=10 Bk=8 CS0 Row=16 CS1 Row=16 CS=2 Die BW=16 Size=2048MB
ch3 ttot18
channel[3] BW=16 Col=10 Bk=8 CS0 Row=16 CS1 Row=16 CS=2 Die BW=16 Size=2048MB
Manufacturer ID:0xff
DQS rds:l0,l0, 
CH0 RX Vref:33.9%, TX Vref:13.2%,13.2%
DQ rds:l0 l0 l0 h1 l0 l0 h2 h1 , h1 h2 h1 l0 h1 h2 h1 h2 

DQS rds:h1,h1, 
CH1 RX Vref:36.1%, TX Vref:13.2%,13.2%
DQ rds:h1 h3 h2 h3 h4 h1 h1 h2 , h6 h4 h1 h2 h5 h1 h1 h1 

DQS rds:h1,h1, 
CH2 RX Vref:36.5%, TX Vref:13.2%,13.2%
DQ rds:h3 h5 h2 h1 h4 h3 h1 h2 , h2 l0 h3 h1 h1 h2 h1 h3 

DQS rds:l0,l0, 
CH3 RX Vref:35.2%, TX Vref:13.2%,13.2%
DQ rds:h5 h2 h2 l0 h1 h2 h4 h2 , h2 h2 h1 h1 h1 h3 l0 h2 

stride=0x2, ddr_config=0x4
hash ch_mask0-1 0x20 0x40, bank_mask0-3 0xa00 0x1400 0x2800 0x0, rank_mask0 0x401000
change to F1: 528MHz
ch0 ttot10
ch1 ttot10
ch2 ttot10
ch3 ttot10
change to F2: 1068MHz
ch0 ttot14
ch1 ttot14
ch2 ttot12
ch3 ttot14
change to F3: 1560MHz
ch0 ttot16
ch1 ttot16
ch2 ttot14
ch3 ttot16
change to F0: 2112MHz
ch0 ttot18
ch1 ttot18
ch2 ttot18
ch3 ttot18
out

U-Boot SPL 2025.04 (Jan 01 1980 - 00:00:00 +0000)
Trying to boot from MMC1
## Checking hash(es) for config config-1 ... OK
## Checking hash(es) for Image atf-1 ... sha256+ OK
## Checking hash(es) for Image u-boot ... sha256+ OK
## Checking hash(es) for Image fdt-1 ... sha256+ OK
## Checking hash(es) for Image atf-2 ... sha256+ OK
## Checking hash(es) for Image atf-3 ... sha256+ OK
NOTICE:  BL31: v2.12.0(release):
NOTICE:  BL31: Built : 00:00:00, Jan  1 1980


U-Boot 2025.04 (Jan 01 1980 - 00:00:00 +0000)

Model: Rockchip RK3588S EVB1 V10 Board
SoC:   RK3582
DRAM:  8 GiB
Core:  345 devices, 29 uclasses, devicetree: separate
MMC:   mmc@fe2c0000: 1, mmc@fe2e0000: 0
Loading Environment from nowhere... OK
In:    serial@feb50000
Out:   serial@feb50000
Err:   serial@feb50000
Model: Rockchip RK3588S EVB1 V10 Board
SoC:   RK3582
Net:   No ethernet found.
Hit any key to stop autoboot:  2  1  0 
## Error: "distro_bootcmd" not defined
=> reset
resetting ...
DDR 9fa84341ce typ 24/09/06-09:51:11,fwver: v1.18
ch0 ttot10
ch0 ttot10
ch1 ttot10
ch2 ttot10
ch3 ttot10
ch0 ttot18
LPDDR4, 2112MHz
channel[0] BW=16 Col=10 Bk=8 CS0 Row=16 CS1 Row=16 CS=2 Die BW=16 Size=2048MB
ch1 ttot18
channel[1] BW=16 Col=10 Bk=8 CS0 Row=16 CS1 Row=16 CS=2 Die BW=16 Size=2048MB
ch2 ttot16
channel[2] BW=16 Col=10 Bk=8 CS0 Row=16 CS1 Row=16 CS=2 Die BW=16 Size=2048MB
ch3 ttot18
channel[3] BW=16 Col=10 Bk=8 CS0 Row=16 CS1 Row=16 CS=2 Die BW=16 Size=2048MB
Manufacturer ID:0xff
DQS rds:l0,l0, 
CH0 RX Vref:33.9%, TX Vref:13.2%,13.2%
DQ rds:l0 l0 l0 h1 l0 l0 h2 h1 , h1 h2 h1 l0 h1 h2 h1 h2 

DQS rds:h1,l0, 
CH1 RX Vref:35.7%, TX Vref:13.2%,13.2%
DQ rds:l0 h2 h1 h2 h3 h1 h1 h1 , h3 h3 h1 h2 h5 h1 h1 h1 

DQS rds:h2,h1, 
CH2 RX Vref:36.5%, TX Vref:13.2%,13.2%
DQ rds:h3 h4 h2 h1 h3 h2 h1 h1 , h2 l0 h3 h1 h1 h2 h1 h2 

DQS rds:l0,l0, 
CH3 RX Vref:35.2%, TX Vref:13.2%,13.2%
DQ rds:h5 h2 h2 h1 h1 h3 h4 h1 , h2 h2 h1 h1 h1 h2 l0 h2 

stride=0x2, ddr_config=0x4
hash ch_mask0-1 0x20 0x40, bank_mask0-3 0xa00 0x1400 0x2800 0x0, rank_mask0 0x401000
change to F1: 528MHz
ch0 ttot10
ch1 ttot10
ch2 ttot10
ch3 ttot10
change to F2: 1068MHz
ch0 ttot14
ch1 ttot14
ch2 ttot12
ch3 ttot14
change to F3: 1560MHz
ch0 ttot16
ch1 ttot16
ch2 ttot14
ch3 ttot16
change to F0: 2112MHz
ch0 ttot18
ch1 ttot18
ch2 ttot18
ch3 ttot18
out

U-Boot SPL 2025.04 (Jan 01 1980 - 00:00:00 +0000)
Trying to boot from MMC1
## Checking hash(es) for config config-1 ... OK
## Checking hash(es) for Image atf-1 ... sha256+ OK
## Checking hash(es) for Image u-boot ... sha256+ OK
## Checking hash(es) for Image fdt-1 ... sha256+ OK
## Checking hash(es) for Image atf-2 ... sha256+ OK
## Checking hash(es) for Image atf-3 ... sha256+ OK
NOTICE:  BL31: v2.12.0(release):
NOTICE:  BL31: Built : 00:00:00, Jan  1 1980


U-Boot 2025.04 (Jan 01 1980 - 00:00:00 +0000)

Model: Rockchip RK3588S EVB1 V10 Board
SoC:   RK3582
DRAM:  8 GiB
Core:  345 devices, 29 uclasses, devicetree: separate
MMC:   mmc@fe2c0000: 1, mmc@fe2e0000: 0
