mmc_init: -95, time 2185
spl: mmc init failed with error: -95
Trying to boot from MMC1
Trying fit image at 0x4000 sector
## Verified-boot: 0
## Checking atf-1 0x00040000 ... sha256(ac799e4aa0...) + OK
## Checking uboot 0x00200000 ... sha256(6713c0b213...) + OK
## Checking fdt 0x002b5808 ... sha256(8e66f1b12e...) + OK
## Checking atf-2 0x000f0000 ... sha256(338cd7cb83...) + OK
## Checking atf-3 0xff100000 ... sha256(c0f2f7769f...) + OK
Jumping to U-Boot(0x00200000) via ARM Trusted Firmware(0x00040000)
Total: 2260.237/2598.644 ms

INFO:    Preloader serial: 2
NOTICE:  BL31: v2.3():v2.3-557-g9609b9c19:derrick.huang
NOTICE:  BL31: Built : 14:29:57, Mar  8 2023
INFO:    spec: 0x1
INFO:    ext 32k is not valid
INFO:    ddr: stride-en 4CH
INFO:    GICv3 without legacy support detected.
INFO:    ARM GICv3 driver initialized in EL3
INFO:    valid_cpu_msk=0xff bcore0_rst = 0x0, bcore1_rst = 0x0
INFO:    system boots from cpu-hwid-0
INFO:    idle_st=0x21fff, pd_st=0x11fff9, repair_st=0xfff70001
INFO:    dfs DDR fsp_params[0].freq_mhz= 1848MHz
INFO:    dfs DDR fsp_params[1].freq_mhz= 528MHz
INFO:    dfs DDR fsp_params[2].freq_mhz= 1068MHz
INFO:    dfs DDR fsp_params[3].freq_mhz= 1560MHz
INFO:    BL31: Initialising Exception Handling Framework
INFO:    BL31: Initializing runtime services
WARNING: No OPTEE provided by BL2 boot loader, Booting device without OPTEE initialization. SMC`s destined for OPTEE will return SMC_UNK
ERROR:   Error initializing runtime service opteed_fast
INFO:    BL31: Preparing for EL3 exit to normal world
INFO:    Entry point address = 0x200000
INFO:    SPSR = 0x3c9


U-Boot 2017.09-OpenWrt-2024110109 (Nov 01 2024 - 03:14:15 +0000) OpenWrt

Model: Easepi RK3588 Board
MPIDR: 0x81000000
PreSerial: 2, raw, 0xfeb50000
DRAM:  8 GiB
Sysmem: init
Relocation Offset: efbf7000
Relocation fdt: ed9f94f0 - ed9fece8
CR: M/C/I
DM: v2
mmc@fe2c0000: 1, mmc@fe2e0000: 0
Bootdev(atags): mmc 0
MMC0: HS400 Enhanced Strobe, 200Mhz
PartType: DOS
No misc partition
boot mode: None
FIT: No boot partition
No valid DTB, ret=-22
Failed to get kernel dtb, ret=-22
Model: Easepi RK3588 Board
MPIDR: 0x81000000
## Error: Can't overwrite "ethaddr"
## Error inserting "ethaddr" variable, errno=1
## Error: Can't overwrite "eth1addr"
## Error inserting "eth1addr" variable, errno=1
CLK: (sync kernel. arm: enter 1008000 KHz, init 1008000 KHz, kernel 0N/A)
  b0pll 24000 KHz
  b1pll 24000 KHz
  lpll 24000 KHz
  v0pll 24000 KHz
  aupll 24000 KHz
  cpll 1500000 KHz
  gpll 1188000 KHz
  npll 24000 KHz
  ppll 100000 KHz
  aclk_center_root 702000 KHz
  pclk_center_root 100000 KHz
  hclk_center_root 396000 KHz
  aclk_center_low_root 500000 KHz
  aclk_top_root 750000 KHz
  pclk_top_root 100000 KHz
  aclk_low_top_root 396000 KHz
Net:   eth1: ethernet@fe1c0000
Hit key to stop autoboot('CTRL+C'):  2  1  0 
mmc_init: -95, time 2186
switch to partitions #0, OK
mmc0(part 0) is current device
Scanning mmc 0:1...
Found U-Boot script /boot.scr
372 bytes read in 1 ms (363.3 KiB/s)
## Executing script at 00500000
137351 bytes read in 2 ms (65.5 MiB/s)
20086792 bytes read in 71 ms (269.8 MiB/s)
Fdt Ramdisk skip relocation
No misc partition
## Flattened Device Tree blob at 0x08300000
   Booting using the fdt blob at 0x08300000
   Using Device Tree in place at 0000000008300000, end 0000000008324886
## reserved-memory:
  ramoops@110000: addr=110000 size=f0000
Adding bank: 0x00200000 - 0xf0000000 (size: 0xefe00000)
Adding bank: 0x100000000 - 0x200000000 (size: 0x100000000)
Adding bank: 0x2f0000000 - 0x300000000 (size: 0x10000000)
Total: 4442.435/7090.798 ms

Starting kernel ...

[    0.000000] Booting Linux on physical CPU 0x0000000000 [0x412fd050]
[    0.000000] Linux version 5.10.221 (build@buildserver) (aarch64-openwrt-linux-musl-gcc (OpenWrt GCC 11.2.0 2023071019) 11.2.0, GNU ld (GNU Binutils) 2.37) #0 SMP Fri Nov 1 03:14:15 2024
[    0.000000] Machine model: Radxa E52C
[    0.000000] earlycon: uart8250 at MMIO32 0x00000000feb50000 (options '')
[    0.000000] printk: bootconsole [uart8250] enabled
[    0.000000] OF: fdt: Reserved memory: failed to reserve memory for node 'drm-logo@00000000': base 0x0000000000000000, size 0 MiB
[    0.000000] OF: fdt: Reserved memory: failed to reserve memory for node 'drm-cubic-lut@00000000': base 0x0000000000000000, size 0 MiB
[    0.000000] Reserved memory: created CMA memory pool at 0x00000002ff800000, size 8 MiB
[    0.000000] OF: reserved mem: initialized node cma, compatible id shared-dma-pool
[    0.000000] Zone ranges:
[    0.000000]   DMA      [mem 0x0000000000200000-0x00000000ffffffff]
[    0.000000]   DMA32    empty
[    0.000000]   Normal   [mem 0x0000000100000000-0x00000002ffffffff]
[    0.000000] Movable zone start for each node
[    0.000000] Early memory node ranges
[    0.000000]   node   0: [mem 0x0000000000200000-0x00000000efffffff]
[    0.000000]   node   0: [mem 0x0000000100000000-0x00000001ffffffff]
[    0.000000]   node   0: [mem 0x00000002f0000000-0x00000002ffffffff]
[    0.000000] Initmem setup node 0 [mem 0x0000000000200000-0x00000002ffffffff]
[    0.000000] psci: probing for conduit method from DT.
[    0.000000] psci: PSCIv1.1 detected in firmware.
[    0.000000] psci: Using standard PSCI v0.2 function IDs
[    0.000000] psci: MIGRATE_INFO_TYPE not supported.
[    0.000000] psci: SMC Calling Convention v1.2
[    0.000000] percpu: Embedded 22 pages/cpu s49448 r8192 d32472 u90112
[    0.000000] Detected VIPT I-cache on CPU0
[    0.000000] CPU features: detected: GIC system register CPU interface
[    0.000000] Built 1 zonelists, mobility grouping on.  Total pages: 2047496
[    0.000000] Kernel command line: earlycon=uart8250,mmio32,0xfeb50000 console=ttyFIQ0 irqchip.gicv3_pseudo_nmi=0 root=PARTUUID=5452574f-02 rw rootwait
[    0.000000] Dentry cache hash table entries: 1048576 (order: 11, 8388608 bytes, linear)
[    0.000000] Inode-cache hash table entries: 524288 (order: 10, 4194304 bytes, linear)
[    0.000000] mem auto-init: stack:off, heap alloc:off, heap free:off
[    0.000000] software IO TLB: mapped [mem 0x00000000ec000000-0x00000000f0000000] (64MB)
[    0.000000] Memory: 8130872K/8386560K available (12030K kernel code, 1760K rwdata, 3716K rodata, 2048K init, 811K bss, 247496K reserved, 8192K cma-reserved)
[    0.000000] SLUB: HWalign=64, Order=0-3, MinObjects=0, CPUs=6, Nodes=1
[    0.000000] rcu: Hierarchical RCU implementation.
[    0.000000] rcu: 	RCU restricting CPUs from NR_CPUS=8 to nr_cpu_ids=6.
[    0.000000] 	Tracing variant of Tasks RCU enabled.
[    0.000000] rcu: RCU calculated value of scheduler-enlistment delay is 30 jiffies.
[    0.000000] rcu: Adjusting geometry for rcu_fanout_leaf=16, nr_cpu_ids=6
[    0.000000] NR_IRQS: 64, nr_irqs: 64, preallocated irqs: 0
[    0.000000] GICv3: GIC: Using split EOI/Deactivate mode
[    0.000000] GICv3: 480 SPIs implemented
[    0.000000] GICv3: 0 Extended SPIs implemented
[    0.000000] GICv3: Distributor has no Range Selector support
[    0.000000] GICv3: 16 PPIs implemented
[    0.000000] GICv3: CPU0: found redistributor 0 region 0:0x00000000fe680000
[    0.000000] ITS [mem 0xfe640000-0xfe65ffff]
[    0.000000] ITS@0x00000000fe640000: allocated 8192 Devices @100040000 (indirect, esz 8, psz 64K, shr 0)
[    0.000000] ITS@0x00000000fe640000: allocated 32768 Interrupt Collections @100050000 (flat, esz 2, psz 64K, shr 0)
[    0.000000] ITS: using cache flushing for cmd queue
[    0.000000] ITS [mem 0xfe660000-0xfe67ffff]
[    0.000000] ITS@0x00000000fe660000: allocated 8192 Devices @100070000 (indirect, esz 8, psz 64K, shr 0)
[    0.000000] ITS@0x00000000fe660000: allocated 32768 Interrupt Collections @100080000 (flat, esz 2, psz 64K, shr 0)
[    0.000000] ITS: using cache flushing for cmd queue
[    0.000000] GICv3: using LPI property table @0x0000000100090000
[    0.000000] GIC: using cache flushing for LPI property table
[    0.000000] GICv3: CPU0: using allocated LPI pending table @0x00000001000a0000
[    0.000000] arch_timer: cp15 timer(s) running at 24.00MHz (phys).
[    0.000000] clocksource: arch_sys_counter: mask: 0xffffffffffffff max_cycles: 0x588fe9dc0, max_idle_ns: 440795202592 ns
[    0.000003] sched_clock: 56 bits at 24MHz, resolution 41ns, wraps every 4398046511097ns
[    0.001461] Console: colour dummy device 80x25
[    0.001915] Calibrating delay loop (skipped), value calculated using timer frequency.. 48.00 BogoMIPS (lpj=80000)
[    0.002848] pid_max: default: 32768 minimum: 301
[    0.003381] Mount-cache hash table entries: 16384 (order: 5, 131072 bytes, linear)
[    0.004082] Mountpoint-cache hash table entries: 16384 (order: 5, 131072 bytes, linear)
[    0.006204] rcu: Hierarchical SRCU implementation.
[    0.006792] dyndbg: Ignore empty _ddebug table in a CONFIG_DYNAMIC_DEBUG_CORE build
[    0.007633] Platform MSI: msi-controller@fe640000 domain created
[    0.008189] Platform MSI: msi-controller@fe660000 domain created
[    0.008951] PCI/MSI: /interrupt-controller@fe600000/msi-controller@fe640000 domain created
[    0.009714] PCI/MSI: /interrupt-controller@fe600000/msi-controller@fe660000 domain created
[    0.010791] smp: Bringing up secondary CPUs ...
[    0.011613] Detected VIPT I-cache on CPU1
[    0.011642] GICv3: CPU1: found redistributor 100 region 0:0x00000000fe6a0000
[    0.011657] GICv3: CPU1: using allocated LPI pending table @0x00000001000b0000
[    0.011691] CPU1: Booted secondary processor 0x0000000100 [0x412fd050]
[    0.012196] Detected VIPT I-cache on CPU2
[    0.012217] GICv3: CPU2: found redistributor 200 region 0:0x00000000fe6c0000
[    0.012231] GICv3: CPU2: using allocated LPI pending table @0x00000001000c0000
[    0.012265] CPU2: Booted secondary processor 0x0000000200 [0x412fd050]
[    0.012726] Detected VIPT I-cache on CPU3
[    0.012744] GICv3: CPU3: found redistributor 300 region 0:0x00000000fe6e0000
[    0.012758] GICv3: CPU3: using allocated LPI pending table @0x00000001000d0000
[    0.012789] CPU3: Booted secondary processor 0x0000000300 [0x412fd050]
[    0.013235] CPU features: detected: Spectre-v4
[    0.013237] CPU features: detected: Spectre-BHB
[    0.013239] Detected PIPT I-cache on CPU4
[    0.013250] GICv3: CPU4: found redistributor 400 region 0:0x00000000fe700000
[    0.013258] GICv3: CPU4: using allocated LPI pending table @0x00000001000e0000
[    0.013281] CPU4: Booted secondary processor 0x0000000400 [0x414fd0b0]
[    0.013712] Detected PIPT I-cache on CPU5
[    0.013724] GICv3: CPU5: found redistributor 500 region 0:0x00000000fe720000
[    0.013732] GICv3: CPU5: using allocated LPI pending table @0x00000001000f0000
[    0.013754] CPU5: Booted secondary processor 0x0000000500 [0x414fd0b0]
[    0.013799] smp: Brought up 1 node, 6 CPUs
[    0.026166] SMP: Total of 6 processors activated.
[    0.026597] CPU features: detected: 32-bit EL0 Support
[    0.027064] CPU features: detected: Data cache clean to the PoU not required for I/D coherence
[    0.027844] CPU features: detected: CRC32 instructions
[    0.028309] CPU features: detected: Speculative Store Bypassing Safe (SSBS)
[    0.029003] CPU features: emulated: Privileged Access Never (PAN) using TTBR0_EL1 switching
[    0.031277] CPU: All CPU(s) started at EL2
[    0.031675] alternatives: patching kernel code
[    0.042087] KASLR disabled due to lack of seed
[    0.042534] clocksource: jiffies: mask: 0xffffffff max_cycles: 0xffffffff, max_idle_ns: 6370867519511994 ns
[    0.043419] futex hash table entries: 2048 (order: 5, 131072 bytes, linear)
[    0.044165] pinctrl core: initialized pinctrl subsystem
[    0.045051] NET: Registered protocol family 16
[    0.046321] DMA: preallocated 1024 KiB GFP_KERNEL pool for atomic allocations
[    0.047017] DMA: preallocated 1024 KiB GFP_KERNEL|GFP_DMA pool for atomic allocations
[    0.047769] DMA: preallocated 1024 KiB GFP_KERNEL|GFP_DMA32 pool for atomic allocations
[    0.048986] Registered FIQ tty driver
[    0.049455] thermal_sys: Registered thermal governor 'fair_share'
[    0.049457] thermal_sys: Registered thermal governor 'step_wise'
[    0.050004] thermal_sys: Registered thermal governor 'user_space'
[    0.050805] cpuidle: using governor menu
[    0.051796] hw-breakpoint: found 6 breakpoint and 4 watchpoint registers.
[    0.052484] ASID allocator initialised with 65536 entries
[    0.053782] printk: console [ramoops-1] enabled
[    0.054224] pstore: Registered ramoops as persistent store backend
[    0.054778] ramoops: using 0xf0000@0x110000, ecc: 0
[    0.088295] rockchip-gpio fd8a0000.gpio: probed /pinctrl/gpio@fd8a0000
[    0.089334] rockchip-gpio fec20000.gpio: probed /pinctrl/gpio@fec20000
[    0.090343] rockchip-gpio fec30000.gpio: probed /pinctrl/gpio@fec30000
[    0.091374] rockchip-gpio fec40000.gpio: probed /pinctrl/gpio@fec40000
[    0.092376] rockchip-gpio fec50000.gpio: probed /pinctrl/gpio@fec50000
[    0.092990] rockchip-pinctrl pinctrl: probed pinctrl
[    0.099776] HugeTLB registered 1.00 GiB page size, pre-allocated 0 pages
[    0.100402] HugeTLB registered 32.0 MiB page size, pre-allocated 0 pages
[    0.101015] HugeTLB registered 2.00 MiB page size, pre-allocated 0 pages
[    0.101622] HugeTLB registered 64.0 KiB page size, pre-allocated 0 pages
[    0.104180] cryptd: max_cpu_qlen set to 1000
[    0.107205] fiq_debugger fiq_debugger.0: IRQ fiq not found
[    0.107703] fiq_debugger fiq_debugger.0: IRQ wakeup not found
[    0.108225] fiq_debugger_probe: could not install nmi irq handler
[[    0.108816] printk: console [ttyFIQ0] enabled
    0.108816] printk: console [ttyFIQ0] enabled
[    0.109587] printk: bootconsole [uart8250] disabled
[    0.109587] printk: bootconsole [uart8250] disabled
[    0.110053] Registered fiq debugger ttyFIQ0
[    0.110426] vcc_5v0: supplied by vcc5v0_sys
[    0.110587] vcc_1v1_nldo_s3: supplied by vcc5v0_sys
[    0.110770] vcc5v0_otg: supplied by vcc5v0_sys
[    0.110944] iommu: Default domain type: Translated 
[    0.113634] SCSI subsystem initialized
[    0.113869] usbcore: registered new interface driver usbfs
[    0.113887] usbcore: registered new interface driver hub
[    0.113903] usbcore: registered new device driver usb
[    0.114251] arm-scmi firmware:scmi: SCMI Notifications - Core Enabled.
[    0.114282] arm-scmi firmware:scmi: SCMI Protocol v2.0 'rockchip:' Firmware version 0x0
[    0.114931] Advanced Linux Sound Architecture Driver Initialized.
[    0.115112] Bluetooth: Core ver 2.22
[    0.115124] NET: Registered protocol family 31
[    0.115127] Bluetooth: HCI device and connection manager initialized
[    0.115133] Bluetooth: HCI socket layer initialized
[    0.115136] Bluetooth: L2CAP socket layer initialized
[    0.116344] rockchip-cpuinfo cpuinfo: SoC		: 35821000
[    0.116349] rockchip-cpuinfo cpuinfo: Serial		: 72046fc9aed5d6bf
[    0.116579] clocksource: Switched to clocksource arch_sys_counter
[    0.116674] FS-Cache: Loaded
[    0.116733] CacheFiles: Loaded
[    0.118011] NET: Registered protocol family 2
[    0.118135] IP idents hash table entries: 131072 (order: 8, 1048576 bytes, linear)
[    0.120050] tcp_listen_portaddr_hash hash table entries: 4096 (order: 5, 163840 bytes, linear)
[    0.120136] TCP established hash table entries: 65536 (order: 7, 524288 bytes, linear)
[    0.120468] TCP bind hash table entries: 65536 (order: 9, 2097152 bytes, linear)
[    0.121238] TCP: Hash tables configured (established 65536 bind 65536)
[    0.121281] UDP hash table entries: 4096 (order: 6, 393216 bytes, linear)
[    0.121427] UDP-Lite hash table entries: 4096 (order: 6, 393216 bytes, linear)
[    0.121633] NET: Registered protocol family 1
[    0.121875] RPC: Registered named UNIX socket transport module.
[    0.121881] RPC: Registered udp transport module.
[    0.121884] RPC: Registered tcp transport module.
[    0.121887] RPC: Registered tcp NFSv4.1 backchannel transport module.
[    0.121994] PCI: CLS 0 bytes, default 64
[    0.122392] rockchip-thermal fec00000.tsadc: Missing rockchip,grf property
[    0.122842] rockchip-thermal fec00000.tsadc: tsadc is probed successfully!
[    0.123376] hw perfevents: enabled with armv8_pmuv3 PMU driver, 7 counters available
[    0.126891] workingset: timestamp_bits=46 max_order=21 bucket_order=0
[    0.128218] squashfs: version 4.0 (2009/01/31) Phillip Lougher
[    0.128432] NFS: Registering the id_resolver key type
[    0.128447] Key type id_resolver registered
[    0.128449] Key type id_legacy registered
[    0.128472] nfs4filelayout_init: NFSv4 File Layout Driver Registering...
[    0.128478] nfs4flexfilelayout_init: NFSv4 Flexfile Layout Driver Registering...
[    0.128491] jffs2: version 2.2 (NAND) (SUMMARY) (LZMA) (RTIME) (CMODE_PRIORITY) (c) 2001-2006 Red Hat, Inc.
[    0.128626] fuse: init (API version 7.32)
[    0.148829] Key type asymmetric registered
[    0.148835] Asymmetric key parser 'x509' registered
[    0.148850] Block layer SCSI generic (bsg) driver version 0.4 loaded (major 245)
[    0.148937] io scheduler bfq registered
[    0.152131] rk-pcie fe180000.pcie: invalid prsnt-gpios property in node
[    0.152172] rk-pcie fe180000.pcie: no vpcie3v3 regulator found
[    0.152268] rk-pcie fe190000.pcie: invalid prsnt-gpios property in node
[    0.152284] rk-pcie fe190000.pcie: no vpcie3v3 regulator found
[    0.152707] rk-pcie fe180000.pcie: IRQ msi not found
[    0.152718] rk-pcie fe180000.pcie: use outband MSI support
[    0.152722] rk-pcie fe190000.pcie: IRQ msi not found
[    0.152726] rk-pcie fe190000.pcie: use outband MSI support
[    0.152731] rk-pcie fe190000.pcie: Missing *config* reg space
[    0.152742] rk-pcie fe190000.pcie: host bridge /pcie@fe190000 ranges:
[    0.152750] rk-pcie fe180000.pcie: Missing *config* reg space
[    0.152766] rk-pcie fe180000.pcie: host bridge /pcie@fe180000 ranges:
[    0.152770] rk-pcie fe190000.pcie:      err 0x00f4000000..0x00f40fffff -> 0x00f4000000
[    0.152791] rk-pcie fe190000.pcie:       IO 0x00f4100000..0x00f41fffff -> 0x00f4100000
[    0.152800] rk-pcie fe180000.pcie:      err 0x00f3000000..0x00f30fffff -> 0x00f3000000
[    0.152813] rk-pcie fe180000.pcie:       IO 0x00f3100000..0x00f31fffff -> 0x00f3100000
[    0.152823] rk-pcie fe190000.pcie:      MEM 0x00f4200000..0x00f4ffffff -> 0x00f4200000
[    0.152835] rk-pcie fe180000.pcie:      MEM 0x00f3200000..0x00f3ffffff -> 0x00f3200000
[    0.152842] rk-pcie fe190000.pcie:      MEM 0x0a00000000..0x0a3fffffff -> 0x0a00000000
[    0.152858] rk-pcie fe180000.pcie:      MEM 0x09c0000000..0x09ffffffff -> 0x09c0000000
[    0.152869] rk-pcie fe190000.pcie: Missing *config* reg space
[    0.152889] rk-pcie fe180000.pcie: Missing *config* reg space
[    0.152900] rk-pcie fe190000.pcie: invalid resource
[    0.152920] rk-pcie fe180000.pcie: invalid resource
[    0.153009] iep: Module initialized.
[    0.153084] mpp_service mpp-srv: 
[    0.153093] mpp_service mpp-srv: probe start
[    0.154149] mpp_vdpu2 fdb50400.vdpu: Adding to iommu group 1
[    0.154342] mpp_vdpu2 fdb50400.vdpu: probe device
[    0.154394] mpp_vdpu2 fdb50400.vdpu: reset_group->rw_sem_on=0
[    0.154400] mpp_vdpu2 fdb50400.vdpu: reset_group->rw_sem_on=0
[    0.154478] mpp_vdpu2 fdb50400.vdpu: probing finish
[    0.154641] mpp_vepu2 jpege-ccu: probing start
[    0.154646] mpp_vepu2 jpege-ccu: probing finish
[    0.154710] mpp_vepu2 fdb50000.vepu: Adding to iommu group 1
[    0.154781] mpp_vepu2 fdb50000.vepu: probing start
[    0.154818] mpp_vepu2 fdb50000.vepu: reset_group->rw_sem_on=0
[    0.154822] mpp_vepu2 fdb50000.vepu: reset_group->rw_sem_on=0
[    0.154895] mpp_vepu2 fdb50000.vepu: probing finish
[    0.155001] mpp_vepu2 fdba0000.jpege-core: Adding to iommu group 5
[    0.155115] mpp_vepu2 fdba0000.jpege-core: probing start
[    0.155162] mpp_vepu2 fdba0000.jpege-core: attach ccu success
[    0.155234] mpp_vepu2 fdba0000.jpege-core: probing finish
[    0.155336] mpp_vepu2 fdba4000.jpege-core: Adding to iommu group 6
[    0.155448] mpp_vepu2 fdba4000.jpege-core: probing start
[    0.155491] mpp_vepu2 fdba4000.jpege-core: attach ccu success
[    0.155558] mpp_vepu2 fdba4000.jpege-core: probing finish
[    0.155656] mpp_vepu2 fdba8000.jpege-core: Adding to iommu group 7
[    0.155769] mpp_vepu2 fdba8000.jpege-core: probing start
[    0.155813] mpp_vepu2 fdba8000.jpege-core: attach ccu success
[    0.155882] mpp_vepu2 fdba8000.jpege-core: probing finish
[    0.155994] mpp_vepu2 fdbac000.jpege-core: Adding to iommu group 8
[    0.156122] mpp_vepu2 fdbac000.jpege-core: probing start
[    0.156172] mpp_vepu2 fdbac000.jpege-core: attach ccu success
[    0.156240] mpp_vepu2 fdbac000.jpege-core: probing finish
[    0.156437] mpp-iep2 fdbb0000.iep: Adding to iommu group 9
[    0.156560] mpp-iep2 fdbb0000.iep: probe device
[    0.156631] mpp-iep2 fdbb0000.iep: allocate roi buffer failed
[    0.156693] mpp-iep2 fdbb0000.iep: probing finish
[    0.156873] mpp_jpgdec fdb90000.jpegd: Adding to iommu group 4
[    0.157060] mpp_jpgdec fdb90000.jpegd: probe device
[    0.157184] mpp_jpgdec fdb90000.jpegd: probing finish
[    0.157502] mpp_rkvdec2 fdc30000.rkvdec-ccu: rkvdec-ccu, probing start
[    0.157516] mpp_rkvdec2 fdc30000.rkvdec-ccu: ccu-mode: 1
[    0.157519] mpp_rkvdec2 fdc30000.rkvdec-ccu: probing finish
[    0.157677] mpp_rkvenc2 rkvenc-ccu: probing start
[    0.157681] mpp_rkvenc2 rkvenc-ccu: probing finish
[    0.157763] mpp_rkvenc2 fdbd0000.rkvenc-core: Adding to iommu group 10
[    0.157914] mpp_rkvenc2 fdbd0000.rkvenc-core: probing start
[    0.157999] mpp_rkvenc2 fdbd0000.rkvenc-core: dev_pm_opp_set_regulators: no regulator (venc) found: -19
[    0.158013] rkvenc_init:1814: failed to add venc devfreq
[    0.158034] mpp_rkvenc2 fdbd0000.rkvenc-core: attach ccu as core 0
[    0.158108] mpp_rkvenc2 fdbd0000.rkvenc-core: probing finish
[    0.158554] mpp_av1dec: Adding child /av1d@fdc70000
[    0.158614] mpp_av1dec: register device av1d-master
[    0.158626] mpp_av1dec av1d-master: av1_iommu_of_xlate,784
[    0.158641] av1_iommu_probe_device,736, consumer : av1d-master, supplier : fdca0000.iommu
[    0.158665] mpp_av1dec av1d-master: Adding to iommu group 12
[    0.158853] mpp_av1dec av1d-master: probing start
[    0.158983] mpp_av1dec av1d-master: probing finish
[    0.159083] mpp_service mpp-srv: probe success
[    0.166904] dma-pl330 fea10000.dma-controller: Loaded driver for PL330 DMAC-241330
[    0.166912] dma-pl330 fea10000.dma-controller: 	DBUFF-128x8bytes Num_Chans-8 Num_Peri-32 Num_Events-16
[    0.167616] dma-pl330 fea30000.dma-controller: Loaded driver for PL330 DMAC-241330
[    0.167622] dma-pl330 fea30000.dma-controller: 	DBUFF-128x8bytes Num_Chans-8 Num_Peri-32 Num_Events-16
[    0.168306] dma-pl330 fed10000.dma-controller: Loaded driver for PL330 DMAC-241330
[    0.168311] dma-pl330 fed10000.dma-controller: 	DBUFF-128x8bytes Num_Chans-8 Num_Peri-32 Num_Events-16
[    0.168364] misc rk_decom: misc device rk_decom register success.
[    0.168593] rockchip-pvtm fda40000.pvtm: pvtm@0 probed
[    0.168640] rockchip-pvtm fda50000.pvtm: pvtm@1 probed
[    0.168682] rockchip-pvtm fda60000.pvtm: pvtm@2 probed
[    0.168726] rockchip-pvtm fdaf0000.pvtm: pvtm@3 probed
[    0.168767] rockchip-pvtm fdb30000.pvtm: pvtm@4 probed
[    0.169031] rockchip-system-monitor rockchip-system-monitor: system monitor probe
[    0.169596] Serial: 8250/16550 driver, 10 ports, IRQ sharing disabled
[    0.170540] random: crng init done
[    0.172849] brd: module loaded
[    0.174078] loop: module loaded
[    0.174169] lkdtm: No crash points registered, enable through debugfs
[    0.174236] system_heap: orders[0] = 6
[    0.174243] system_heap: orders[1] = 4
[    0.174246] system_heap: orders[2] = 0
[    0.175776] rockchip-spi feb20000.spi: no high_speed pinctrl state
[    0.177112] rk806 spi2.0: chip id: RK806,ver:0x2, 0x1
[    0.177266] rk806 spi2.0: ON: 0x40 OFF:0x0
[    0.178944] vdd_gpu_s0: supplied by vcc5v0_sys
[    0.180027] vdd_cpu_lit_s0: supplied by vcc5v0_sys
[    0.180544] vdd_log_s0: supplied by vcc5v0_sys
[    0.181027] vdd_vdenc_s0: supplied by vcc5v0_sys
[    0.181556] vdd_ddr_s0: supplied by vcc5v0_sys
[    0.181804] vdd2_ddr_s3: supplied by vcc5v0_sys
[    0.182239] vdd_2v0_pldo_s3: supplied by vcc5v0_sys
[    0.182615] vcc_3v3_s3: supplied by vcc5v0_sys
[    0.182978] vddq_ddr_s0: supplied by vcc5v0_sys
[    0.183412] vcc_1v8_s3: supplied by vcc5v0_sys
[    0.183824] vdd_0v75_s3: supplied by vcc_1v1_nldo_s3
[    0.184247] vdd_ddr_pll_s0: supplied by vcc_1v1_nldo_s3
[    0.184574] avdd_0v75_s0: Bringing 750000uV into 837500-837500uV
[    0.184807] avdd_0v75_s0: supplied by vcc_1v1_nldo_s3
[    0.185186] vdd_0v85_s0: supplied by vcc_1v1_nldo_s3
[    0.185566] vdd_0v75_s0: supplied by vcc_1v1_nldo_s3
[    0.186016] avcc_1v8_s0: supplied by vdd_2v0_pldo_s3
[    0.186458] vcc_1v8_s0: supplied by vdd_2v0_pldo_s3
[    0.186940] avdd_1v2_s0: supplied by vdd_2v0_pldo_s3
[    0.187371] vcc_3v3_s0: supplied by vcc5v0_sys
[    0.187737] vccio_sd_s0: supplied by vcc5v0_sys
[    0.188125] pldo6_s3: supplied by vcc5v0_sys
[    0.188421] rk806 spi2.0: no sleep-setting state
[    0.188426] rk806 spi2.0: no reset-setting pinctrl state
[    0.188430] rk806 spi2.0: no dvs-setting pinctrl state
[    0.189784] rockchip-spi feb20000.spi: probed, poll=0, rsd=0
[    0.191001] PPP generic driver version 2.4.2
[    0.197466] ehci_hcd: USB 2.0 'Enhanced' Host Controller (EHCI) Driver
[    0.197472] ehci-pci: EHCI PCI platform driver
[    0.197502] ohci_hcd: USB 1.1 'Open' Host Controller (OHCI) Driver
[    0.197510] ohci-platform: OHCI generic platform driver
[    0.198000] phy phy-fd5d0000.syscon:usb2-phy@0.0: illegal mode
[    0.198007] xhci-hcd xhci-hcd.3.auto: xHCI Host Controller
[    0.198016] xhci-hcd xhci-hcd.3.auto: new USB bus registered, assigned bus number 1
[    0.198101] xhci-hcd xhci-hcd.3.auto: hcc params 0x0220fe64 hci version 0x110 quirks 0x0000002002010010
[    0.198124] xhci-hcd xhci-hcd.3.auto: irq 88, io mem 0xfc000000
[    0.198188] xhci-hcd xhci-hcd.3.auto: xHCI Host Controller
[    0.198194] xhci-hcd xhci-hcd.3.auto: new USB bus registered, assigned bus number 2
[    0.198201] xhci-hcd xhci-hcd.3.auto: Host supports USB 3.0 SuperSpeed
[    0.198513] hub 1-0:1.0: USB hub found
[    0.198534] hub 1-0:1.0: 1 port detected
[    0.198703] usb usb2: We don't know the algorithms for LPM for this host, disabling LPM.
[    0.198851] hub 2-0:1.0: USB hub found
[    0.198862] hub 2-0:1.0: 1 port detected
[    0.199056] usbcore: registered new interface driver uas
[    0.199085] usbcore: registered new interface driver usb-storage
[    0.199121] usbcore: registered new interface driver usbserial_generic
[    0.199134] usbserial: USB Serial support registered for generic
[    0.199186] gadgetfs: USB Gadget filesystem, version 24 Aug 2004
[    0.199193] file system registered
[    0.200070] input: rk805 pwrkey as /devices/platform/feb20000.spi/spi_master/spi2/spi2.0/rk805-pwrkey.1.auto/input/input0
[    0.200141] i2c /dev entries driver
[    0.203484] vdd_cpu_big0_s0: supplied by vcc5v0_sys
[    0.211533] vdd_cpu_big1_s0: supplied by vcc5v0_sys
[    0.220001] vdd_npu_s0: supplied by vcc5v0_sys
[    0.326583] rk3x-i2c fead0000.i2c: timeout, ipd: 0x00, state: 3
[    0.326594] rtc-hym8563 5-0051: could not init device, -110
[    0.326606] rtc-hym8563: probe of 5-0051 failed with error -110
[    0.327091] __power_supply_register: Expected proper parent device for 'test_ac'
[    0.327126] __power_supply_register: Expected proper parent device for 'test_battery'
[    0.327230] __power_supply_register: Expected proper parent device for 'test_usb'
[    0.327788] device-mapper: uevent: version 1.0.3
[    0.327848] device-mapper: ioctl: 4.43.0-ioctl (2020-10-01) initialised: dm-devel@redhat.com
[    0.328474] cpu cpu0: bin=0
[    0.328646] cpu cpu0: leakage=10
[    0.330052] cpu cpu0: pvtm=1422
[    0.330173] cpu cpu0: pvtm-volt-sel=1
[    0.332033] cpu cpu4: bin=0
[    0.332202] cpu cpu4: leakage=8
[    0.338647] cpu cpu4: pvtm=1652
[    0.342549] cpu cpu4: pvtm-volt-sel=3
[    0.344035] cpu cpu0: avs=0
[    0.344615] cpu cpu4: avs=0
[    0.344815] cpu cpu0: EM: created perf domain
[    0.344844] cpu cpu0: l=10000 h=85000 hyst=5000 l_limit=0 h_limit=1608000000 h_table=0
[    0.345303] cpu cpu4: EM: created perf domain
[    0.345478] cpu cpu4: l=10000 h=85000 hyst=5000 l_limit=0 h_limit=2208000000 h_table=0
[    0.354205] sdhci: Secure Digital Host Controller Interface driver
[    0.354213] sdhci: Copyright(c) Pierre Ossman
[    0.354218] Synopsys Designware Multimedia Card Interface Driver
[    0.354542] sdhci-pltfm: SDHCI platform and OF driver helper
[    0.355024] dwmmc_rockchip fe2c0000.mmc: IDMAC supports 32-bit address mode.
[    0.355061] dwmmc_rockchip fe2c0000.mmc: Using internal DMA controller.
[    0.355070] dwmmc_rockchip fe2c0000.mmc: Version ID is 270a
[    0.355102] dwmmc_rockchip fe2c0000.mmc: DW MMC controller at irq 63,32 bit host data width,256 deep fifo
[    0.355813] ledtrig-cpu: registered to indicate activity on CPUs
[    0.356242] ashmem: initialized
[    0.357745] rk-pcie fe190000.pcie: PCIe Linking... LTSSM is 0x3
[    0.361623] optee: probing for conduit method.
[    0.361635] optee: api uid mismatch
[    0.361644] optee: probe of firmware:optee failed with error -22
[    0.363176] Initializing XFRM netlink socket
[    0.363358] NET: Registered protocol family 10
[    0.363819] Segment Routing with IPv6
[    0.363852] NET: Registered protocol family 17
[    0.363877] bridge: filtering via arp/ip/ip6tables is no longer available by default. Update your scripts to load br_netfilter if you need this.
[    0.363903] 8021q: 802.1Q VLAN Support v1.8
[    0.363916] [BT_RFKILL]: Enter rfkill_rk_init
[    0.363921] [WLAN_RFKILL]: Enter rfkill_wlan_init
[    0.364176] Key type dns_resolver registered
[    0.364565] rga3_core0 fdb60000.rga: Adding to iommu group 2
[    0.364718] rga: rga3_core0, irq = 25, match scheduler
[    0.364829] rga: rga3_core0 hardware loaded successfully, hw_version:3.0.76831.
[    0.364868] rga: rga3_core0 probe successfully
[    0.365131] rga3_core1 fdb70000.rga: Adding to iommu group 3
[    0.365270] rga: rga3_core1, irq = 26, match scheduler
[    0.365366] rga: rga3_core1 hardware loaded successfully, hw_version:3.0.76831.
[    0.365401] rga: rga3_core1 probe successfully
[    0.365670] rga: rga2, irq = 27, match scheduler
[    0.365765] rga: rga2 hardware loaded successfully, hw_version:3.2.63318.
[    0.365774] rga: rga2 probe successfully
[    0.365956] rga_iommu: IOMMU binding successfully, default mapping core[0x1]
[    0.366051] rga: Module initialized. v1.2.25
[    0.373355] mmc_host mmc0: Bus speed (slot 0) = 400000Hz (slot req 400000Hz, actual 400000HZ div = 0)
[    0.383440] mmc1: SDHCI controller on fe2e0000.mmc [fe2e0000.mmc] using ADMA
[    0.392660] rockchip-dmc dmc: leakage=31
[    0.392676] rockchip-dmc dmc: leakage-volt-sel=0
[    0.392960] rockchip-dmc dmc: avs=0
[    0.392971] rockchip-dmc dmc: current ATF version 0x100
[    0.393066] rockchip-dmc dmc: normal_rate = 1560000000
[    0.393072] rockchip-dmc dmc: reboot_rate = 1848000000
[    0.393078] rockchip-dmc dmc: suspend_rate = 528000000
[    0.393083] rockchip-dmc dmc: video_4k_rate = 1560000000
[    0.393089] rockchip-dmc dmc: video_4k_10b_rate = 1560000000
[    0.393095] rockchip-dmc dmc: video_svep_rate = 1560000000
[    0.393100] rockchip-dmc dmc: boost_rate = 1848000000
[    0.393106] rockchip-dmc dmc: fixed_rate(isp|cif0|cif1|dualview) = 1848000000
[    0.393111] rockchip-dmc dmc: performance_rate = 1848000000
[    0.393117] rockchip-dmc dmc: hdmirx_rate = 1848000000
[    0.393124] rockchip-dmc dmc: failed to get vop bandwidth to dmc rate
[    0.393130] rockchip-dmc dmc: failed to get vop pn to msch rl
[    0.393230] rockchip-dmc dmc: l=10000 h=2147483647 hyst=5000 l_limit=0 h_limit=0 h_table=0
[    0.393472] rockchip-dmc dmc: could not find power_model node
[    0.396757] clk: Disabling unused clocks
[    0.398067] ALSA device list:
[    0.398076]   No soundcards found.
[    0.398217] Waiting for root device PARTUUID=5452574f-02...
[    0.413463] rk-pcie fe180000.pcie: PCIe Link up, LTSSM is 0x130011
[    0.413658] rk-pcie fe180000.pcie: PCI host bridge to bus 0003:30
[    0.413683] pci_bus 0003:30: root bus resource [bus 30-3f]
[    0.413701] pci_bus 0003:30: root bus resource [??? 0xf3000000-0xf30fffff flags 0x0]
[    0.413720] pci_bus 0003:30: root bus resource [io  0x100000-0x1fffff] (bus address [0xf3100000-0xf31fffff])
[    0.413737] pci_bus 0003:30: root bus resource [mem 0xf3200000-0xf3ffffff]
[    0.413755] pci_bus 0003:30: root bus resource [mem 0x9c0000000-0x9ffffffff pref]
[    0.413810] pci 0003:30:00.0: [1d87:3588] type 01 class 0x060400
[    0.413849] pci 0003:30:00.0: reg 0x38: [mem 0x00000000-0x0000ffff pref]
[    0.413933] pci 0003:30:00.0: supports D1 D2
[    0.413946] pci 0003:30:00.0: PME# supported from D0 D1 D3hot
[    0.421622] pci 0003:30:00.0: Primary bus is hard wired to 0
[    0.421640] pci 0003:30:00.0: bridge configuration invalid ([bus 01-ff]), reconfiguring
[    0.421832] pci 0003:31:00.0: [10ec:8125] type 00 class 0x020000
[    0.421889] pci 0003:31:00.0: reg 0x10: [io  0x0000-0x00ff]
[    0.421953] pci 0003:31:00.0: reg 0x18: [mem 0x00000000-0x0000ffff 64bit]
[    0.421997] pci 0003:31:00.0: reg 0x20: [mem 0x00000000-0x00003fff 64bit]
[    0.422351] pci 0003:31:00.0: supports D1 D2
[    0.422360] pci 0003:31:00.0: PME# supported from D0 D1 D2 D3hot D3cold
[    0.434853] pci_bus 0003:31: busn_res: [bus 31-3f] end is updated to 31
[    0.434909] pci 0003:30:00.0: BAR 8: assigned [mem 0xf3200000-0xf32fffff]
[    0.434925] pci 0003:30:00.0: BAR 6: assigned [mem 0xf3300000-0xf330ffff pref]
[    0.434942] pci 0003:30:00.0: BAR 7: assigned [io  0x100000-0x100fff]
[    0.434963] pci 0003:31:00.0: BAR 2: assigned [mem 0xf3200000-0xf320ffff 64bit]
[    0.435009] pci 0003:31:00.0: BAR 4: assigned [mem 0xf3210000-0xf3213fff 64bit]
[    0.435053] pci 0003:31:00.0: BAR 0: assigned [io  0x100000-0x1000ff]
[    0.435078] pci 0003:30:00.0: PCI bridge to [bus 31]
[    0.435091] pci 0003:30:00.0:   bridge window [io  0x100000-0x100fff]
[    0.435106] pci 0003:30:00.0:   bridge window [mem 0xf3200000-0xf32fffff]
[    0.437722] pcieport 0003:30:00.0: PME: Signaling with IRQ 99
[    0.439945] rk-pcie fe190000.pcie: PCIe Link up, LTSSM is 0x130011
[    0.440089] rk-pcie fe190000.pcie: PCI host bridge to bus 0004:40
[    0.440105] pci_bus 0004:40: root bus resource [bus 40-4f]
[    0.440120] pci_bus 0004:40: root bus resource [??? 0xf4000000-0xf40fffff flags 0x0]
[    0.440133] pci_bus 0004:40: root bus resource [io  0x0000-0xfffff] (bus address [0xf4100000-0xf41fffff])
[    0.440145] pci_bus 0004:40: root bus resource [mem 0xf4200000-0xf4ffffff]
[    0.440157] pci_bus 0004:40: root bus resource [mem 0xa00000000-0xa3fffffff pref]
[    0.440189] pci 0004:40:00.0: [1d87:3588] type 01 class 0x060400
[    0.440217] pci 0004:40:00.0: reg 0x38: [mem 0x00000000-0x0000ffff pref]
[    0.440278] pci 0004:40:00.0: supports D1 D2
[    0.440291] pci 0004:40:00.0: PME# supported from D0 D1 D3hot
[    0.446953] pci 0004:40:00.0: Primary bus is hard wired to 0
[    0.446970] pci 0004:40:00.0: bridge configuration invalid ([bus 01-ff]), reconfiguring
[    0.447236] pci 0004:41:00.0: [10ec:8125] type 00 class 0x020000
[    0.447302] pci 0004:41:00.0: reg 0x10: initial BAR value 0x00000000 invalid
[    0.447314] pci 0004:41:00.0: reg 0x10: [io  size 0x0100]
[    0.447391] pci 0004:41:00.0: reg 0x18: [mem 0x00000000-0x0000ffff 64bit]
[    0.447456] pci 0004:41:00.0: reg 0x20: [mem 0x00000000-0x00003fff 64bit]
[    0.447840] pci 0004:41:00.0: supports D1 D2
[    0.447852] pci 0004:41:00.0: PME# supported from D0 D1 D2 D3hot D3cold
[    0.449484] mmc1: Host Software Queue enabled
[    0.449502] mmc1: new HS400 Enhanced strobe MMC card at address 0001
[    0.449969] mmcblk1: mmc1:0001 CUTB42 58.2 GiB 
[    0.450173] mmcblk1boot0: mmc1:0001 CUTB42 partition 1 4.00 MiB
[    0.450379] mmcblk1boot1: mmc1:0001 CUTB42 partition 2 4.00 MiB
[    0.450466] mmcblk1rpmb: mmc1:0001 CUTB42 partition 3 16.0 MiB, chardev (239:0)
[    0.451127]  mmcblk1: p1 p2 p3
[    0.456234] VFS: Mounted root (squashfs filesystem) readonly on device 179:2.
[    0.456837] Freeing unused kernel memory: 2048K
[    0.461348] pci_bus 0004:41: busn_res: [bus 41-4f] end is updated to 41
[    0.461408] pci 0004:40:00.0: BAR 8: assigned [mem 0xf4200000-0xf42fffff]
[    0.461422] pci 0004:40:00.0: BAR 6: assigned [mem 0xf4300000-0xf430ffff pref]
[    0.461432] pci 0004:40:00.0: BAR 7: assigned [io  0x1000-0x1fff]
[    0.461448] pci 0004:41:00.0: BAR 2: assigned [mem 0xf4200000-0xf420ffff 64bit]
[    0.461488] pci 0004:41:00.0: BAR 4: assigned [mem 0xf4210000-0xf4213fff 64bit]
[    0.461527] pci 0004:41:00.0: BAR 0: assigned [io  0x1000-0x10ff]
[    0.461548] pci 0004:40:00.0: PCI bridge to [bus 41]
[    0.461559] pci 0004:40:00.0:   bridge window [io  0x1000-0x1fff]
[    0.461570] pci 0004:40:00.0:   bridge window [mem 0xf4200000-0xf42fffff]
[    0.463721] pcieport 0004:40:00.0: PME: Signaling with IRQ 109
[    0.471286] vendor storage:20190527 ret = 0
[    0.476837] Run /sbin/init as init process
[    0.628249] init: Console is alive
[    1.681751] kmodloader: loading kernel modules from /etc/modules-boot.d/*
[    1.764385] Key type encrypted registered
[    1.766044] pps_core: LinuxPPS API ver. 1 registered
[    1.766057] pps_core: Software ver. 5.3.6 - Copyright 2005-2007 Rodolfo Giometti <giometti@linux.it>
[    1.767089] PTP clock support registered
[    1.768615] Button Hotplug driver version 0.4.1
[    1.771694] raid6: skip pq benchmark and using algorithm neonx8
[    1.771703] raid6: using neon recovery algorithm
[    1.773279] xor: measuring software checksum speed
[    1.775059]    8regs           :  5575 MB/sec
[    1.776536]    32regs          :  6687 MB/sec
[    1.777603]    arm64_neon      :  9323 MB/sec
[    1.777610] xor: using function: arm64_neon (9323 MB/sec)
[    1.824554] Btrfs loaded, crc32c=crc32c-generic
[    1.830256] JFS: nTxBlock = 8192, nTxLock = 65536
[    1.838947] SGI XFS with security attributes, no debug enabled
[    1.839589] mmc0: card never left busy state
[    1.839594] mmc0: error -110 whilst initialising SD card
[    1.841551] igb: Intel(R) Gigabit Ethernet Network Driver
[    1.841556] igb: Copyright (c) 2007-2014 Intel Corporation.
[    1.841855] fsl-ehci: Freescale EHCI Host controller driver
[    1.842101] ehci-platform: EHCI generic platform driver
[    1.843517] uhci_hcd: USB Universal Host Controller Interface driver
[    1.843809] ohci-pci: OHCI PCI platform driver
[    1.843985] kmodloader: done loading kernel modules from /etc/modules-boot.d/*
[    1.849462] init: - preinit -
[    1.856205] mmc_host mmc0: Bus speed (slot 0) = 300000Hz (slot req 300000Hz, actual 300000HZ div = 0)
Press the [f] key and hit [enter] to enter failsafe mode
Press the [1], [2], [3] or [4] key and hit [enter] to select the debug level
[    3.247281] mmc0: card never left busy state
[    3.247317] mmc0: error -110 whilst initialising SD card
[    3.261531] mmc_host mmc0: Bus speed (slot 0) = 200000Hz (slot req 200000Hz, actual 200000HZ div = 0)
[    4.603494] usb usb2-port1: Cannot enable. Maybe the USB cable is bad?
[    4.710038] mmc0: card never left busy state
[    4.710063] mmc0: error -110 whilst initialising SD card
[    4.724201] dwmmc_rockchip fe2c0000.mmc: failed to set rate 100000Hz
[    4.724328] mmc_host mmc0: Bus speed (slot 0) = 200000Hz (slot req 100000Hz, actual 100000HZ div = 1)
[    4.737086] dwmmc_rockchip fe2c0000.mmc: failed to set rate 100000Hz
[    4.741394] dwmmc_rockchip fe2c0000.mmc: failed to set rate 100000Hz
[    4.746922] dwmmc_rockchip fe2c0000.mmc: failed to set rate 100000Hz
[    4.750431] dwmmc_rockchip fe2c0000.mmc: failed to set rate 100000Hz
[    5.292172] mount_root: - mount overlayfs -
[    5.356920] mount_root: overlay: filesystem ext4 found
[    5.484632] e2fsck 1.46.5 (30-Dec-2021)
[    5.515630] resize2fs 1.46.5 (30-Dec-2021)
[    5.516911] The filesystem is already 524288 (4k) blocks long.  Nothing to do!
[    5.516911] 
[    5.569284] EXT4-fs (mmcblk1p3): mounted filesystem with ordered data mode. Opts: (null)
[    5.569786] mount_root: overlay: successfully mounted
[    5.694537] block: attempting to load /etc/config/fstab
[    5.695332] block: extroot: not configured
[    5.731510] overlayfs: "xino" feature enabled using 32 upper inode bits.
[    5.744560] mount: 
[    5.744576] /dev: filesystem was mounted, but failed to update userspace mount table.
[    5.744597] 
[    5.809085] EXT4-fs (mmcblk1p1): warning: mounting unchecked fs, running e2fsck is recommended
[    5.809716] EXT4-fs (mmcblk1p1): mounted filesystem without journal. Opts: (null)
[    5.813307] urandom-seed: Seeding with /etc/urandom.seed
Scanning for Btrfs filesystems
[    6.009445] procd: - early -
Failed to connect to ubus
[    6.243427] mmc0: card never left busy state
[    6.243464] mmc0: error -110 whilst initialising SD card
[    6.557215] procd: - ubus -
[    6.611348] procd: - init -
Please press Enter to activate this console.
[    6.850983] urngd: v1.0.2 started.
[    6.951667] kmodloader: loading kernel modules from /etc/modules.d/*
[    6.965189] MACsec IEEE 802.1AE
[    6.972540] zram: Added device: zram0
[    6.979007] async_tx: api initialized (async)
[    6.981986] aoe: AoE v85 initialised.
[    6.982583] NET: Registered protocol family 8
[    6.982592] NET: Registered protocol family 20
[    6.985976] Key type cifs.idmap registered
[    6.989001] NET: Registered protocol family 15
[    6.990039] Modular ISDN core version 1.1.29
[    6.990105] NET: Registered protocol family 34
[    6.990385] mISDN: Layer-1-over-IP driver Rev. 2.00
[    6.990502] 0 virtual devices registered
[    6.990970] DSP module 2.0
[    6.990975] mISDN_dsp: DSP clocks every 80 samples. This equals 3 jiffies.
[    6.996031] tun: Universal TUN/TAP device driver, 1.6
[    6.996707] device-mapper: raid: Loading target version 1.15.1
[    6.999456] ipip: IPv4 and MPLS over IPv4 tunneling driver
[    7.001587] l2tp_core: L2TP core driver, V2.0
[    7.001837] l2tp_netlink: L2TP netlink interface
[    7.003757] sctp: Hash tables configured (bind 128/128)
[    7.004395] sit: IPv6, IPv4 and MPLS over IPv4 tunneling driver
[    7.004954] IPv4 over IPsec tunneling driver
[    7.005819] l2tp_eth: L2TP ethernet pseudowire support (L2TPv3)
[    7.006134] l2tp_ip: L2TP IP encapsulation support (L2TPv3)
[    7.006386] l2tp_ip6: L2TP IP encapsulation support for IPv6 (L2TPv3)
[    7.006710] nat46: module (version d9bc161faa4c18ad1d327a96baa2dc4460b71ccd) loaded.
[    7.007648] e100: Intel(R) PRO/100 Network Driver
[    7.007653] e100: Copyright(c) 1999-2006 Intel Corporation
[    7.008387] e1000: Intel(R) PRO/1000 Network Driver
[    7.008392] e1000: Copyright (c) 1999-2006 Intel Corporation.
[    7.009109] Intel(R) 2.5G Ethernet Linux Driver
[    7.009113] Copyright(c) 2018 Intel Corporation.
[    7.010198] r8125 Ethernet controller driver 9.013.02-NAPI-RSS loaded
[    7.010269] r8125 0003:31:00.0: enabling device (0000 -> 0003)
[    7.025992] r8125: This product is covered by one or more of the following patents: US6,570,884, US6,115,776, and US6,327,625.
[    7.028019] r8125  Copyright (C) 2024 Realtek NIC software team <nicfae@realtek.com> 
[    7.028019]  This program comes with ABSOLUTELY NO WARRANTY; for details, please see <http://www.gnu.org/licenses/>. 
[    7.028019]  This is free software, and you are welcome to redistribute it under certain conditions; see <http://www.gnu.org/licenses/>. 
[    7.028132] r8125 Ethernet controller driver 9.013.02-NAPI-RSS loaded
[    7.028194] r8125 0004:41:00.0: enabling device (0000 -> 0003)
[    7.043826] r8125: This product is covered by one or more of the following patents: US6,570,884, US6,115,776, and US6,327,625.
[    7.045852] r8125  Copyright (C) 2024 Realtek NIC software team <nicfae@realtek.com> 
[    7.045852]  This program comes with ABSOLUTELY NO WARRANTY; for details, please see <http://www.gnu.org/licenses/>. 
[    7.045852]  This is free software, and you are welcome to redistribute it under certain conditions; see <http://www.gnu.org/licenses/>. 
[    7.049842] gre: GRE over IPv4 demultiplexor driver
[    7.050516] ip_gre: GRE over IPv4 tunneling driver
[    7.051419] ip6_gre: GRE over IPv6 tunneling driver
[    7.062874] st: Version 20160209, fixed bufsize 32768, s/g segs 256
[    7.072379] videodev: Linux video capture interface: v2.00
[    7.075228] hid: raw HID events driver (C) Jiri Kosina
[    7.078050] rockchip-hdptx-phy-hdmi fed60000.hdmiphy: hdptx phy init success
[    7.078679] GACT probability on
[    7.078947] Mirror/redirect action on
[    7.080231] u32 classifier
[    7.080240]     input device check on
[    7.080242]     Actions configured
[    7.082699] Simple TC action Loaded
[    7.090505] rockchip-vop2 fdd90000.vop: Adding to iommu group 11
[    7.092329] rockchip-vop2 fdd90000.vop: [drm:rockchip_drm_show_logo [rockchipdrm]] vp0 assign plane mask: 0x5, primary plane phy id: 0
[    7.092346] rockchip-vop2 fdd90000.vop: [drm:rockchip_drm_show_logo [rockchipdrm]] vp1 assign plane mask: 0xa, primary plane phy id: 1
[    7.092351] rockchip-vop2 fdd90000.vop: [drm:rockchip_drm_show_logo [rockchipdrm]] vp2 assign plane mask: 0x140, primary plane phy id: 6
[    7.092357] rockchip-vop2 fdd90000.vop: [drm:rockchip_drm_show_logo [rockchipdrm]] vp3 assign plane mask: 0x280, primary plane phy id: 7
[    7.092416] rockchip-vop2 fdd90000.vop: [drm:rockchip_drm_show_logo [rockchipdrm]] Esmart0-win0 as cursor plane for vp0
[    7.092457] rockchip-vop2 fdd90000.vop: [drm:rockchip_drm_show_logo [rockchipdrm]] Esmart1-win0 as cursor plane for vp1
[    7.092496] rockchip-vop2 fdd90000.vop: [drm:rockchip_drm_show_logo [rockchipdrm]] Esmart2-win0 as cursor plane for vp2
[    7.092533] rockchip-vop2 fdd90000.vop: [drm:rockchip_drm_show_logo [rockchipdrm]] Esmart3-win0 as cursor plane for vp3
[    7.092544] [drm] failed to init overlay plane Cluster0-win1
[    7.092546] [drm] failed to init overlay plane Cluster1-win1
[    7.092549] [drm] failed to init overlay plane Cluster2-win1
[    7.092551] [drm] failed to init overlay plane Cluster3-win1
[    7.097281] rockchip-drm display-subsystem: bound fdd90000.vop (ops vop2_component_ops [rockchipdrm])
[    7.097912] dwhdmi-rockchip fde80000.hdmi: registered ddc I2C bus driver
[    7.098358] rockchip-drm display-subsystem: bound fde80000.hdmi (ops rk3568_vop_layer0_regs [rockchipdrm])
[    7.200061] dwhdmi-rockchip fde80000.hdmi: i2c read time out!
[    7.303429] dwhdmi-rockchip fde80000.hdmi: i2c read time out!
[    7.406765] dwhdmi-rockchip fde80000.hdmi: i2c read time out!
[    7.513263] dwhdmi-rockchip fde80000.hdmi: i2c read time out!
[    7.620056] dwhdmi-rockchip fde80000.hdmi: i2c read time out!
[    7.620095] dwhdmi-rockchip fde80000.hdmi: failed to get edid
[    7.730053] dwhdmi-rockchip fde80000.hdmi: i2c read time out!
[    7.833392] dwhdmi-rockchip fde80000.hdmi: i2c read time out!
[    7.936725] dwhdmi-rockchip fde80000.hdmi: i2c read time out!
[    8.040068] dwhdmi-rockchip fde80000.hdmi: i2c read time out!
[    8.143366] dwhdmi-rockchip fde80000.hdmi: i2c read time out!
[    8.143388] dwhdmi-rockchip fde80000.hdmi: failed to get edid
[    8.143523] dwhdmi-rockchip fde80000.hdmi: use tmds mode
[    8.143605] rockchip-vop2 fdd90000.vop: [drm:rockchip_drm_show_logo [rockchipdrm]] Update mode to 1920x1080p60, type: 11(if:800) for vp0 dclk: 148500000
[    8.143824] rockchip-vop2 fdd90000.vop: [drm:rockchip_drm_show_logo [rockchipdrm]] dclk_out0 div: 0 dclk_core0 div: 2
[    8.143854] rockchip-hdptx-phy-hdmi fed60000.hdmiphy: hdptx_ropll_cmn_config bus_width:16a8c8 rate:1485000
[    8.144142] rockchip-hdptx-phy-hdmi fed60000.hdmiphy: hdptx phy pll locked!
[    8.144157] rockchip-vop2 fdd90000.vop: [drm:rockchip_drm_show_logo [rockchipdrm]] set dclk_vop0 to 148500000, get 148500000
[    8.144186] dwhdmi-rockchip fde80000.hdmi: final tmdsclk = 148500000
[    8.144222] dwhdmi-rockchip fde80000.hdmi: don't use dsc mode
[    8.144226] dwhdmi-rockchip fde80000.hdmi: dw hdmi qp use tmds mode
[    8.144236] rockchip-hdptx-phy-hdmi fed60000.hdmiphy: bus_width:0x16a8c8,bit_rate:1485000
[    8.144436] rockchip-hdptx-phy-hdmi fed60000.hdmiphy: hdptx phy lane locked!
[    8.211026] dwhdmi-rockchip fde80000.hdmi: use tmds mode
[    8.227791] Console: switching to colour frame buffer device 240x67
[    8.227902] dwhdmi-rockchip fde80000.hdmi: use tmds mode
[    8.264024] rockchip-drm display-subsystem: [drm] fb0: rockchipdrmfb frame buffer device
[    8.284099] [drm] Initialized rockchip 3.0.0 20140818 for display-subsystem on minor 0
[    8.294190] input: rockchip-hdmi0 rockchip-hdmi0 as /devices/platform/hdmi0-sound/sound/card0/input1
[    8.307989] I : [File] : drivers/gpu/arm/mali400/mali/linux/mali_kernel_linux.c; [Line] : 406; [Func] : mali_module_init(); svn_rev_string_from_arm of this mali_ko is '', rk_ko_ver is '5', built at '09:03:58', on 'Oct 18 2024'.
[    8.308406] Mali: 
[    8.308409] Mali device driver loaded
[    8.309799] RKNPU fdab0000.npu: Adding to iommu group 0
[    8.309952] RKNPU fdab0000.npu: RKNPU: rknpu iommu is enabled, using iommu mode
[    8.311050] RKNPU fdab0000.npu: can't request region for resource [mem 0xfdab0000-0xfdabffff]
[    8.311063] RKNPU fdab0000.npu: can't request region for resource [mem 0xfdac0000-0xfdacffff]
[    8.311069] RKNPU fdab0000.npu: can't request region for resource [mem 0xfdad0000-0xfdadffff]
[    8.311198] [drm] Initialized rknpu 0.8.5 20230202 for fdab0000.npu on minor 1
[    8.314369] RKNPU fdab0000.npu: RKNPU: bin=0
[    8.314547] RKNPU fdab0000.npu: leakage=7
[    8.314581] debugfs: Directory 'fdab0000.npu-rknpu' with parent 'vdd_npu_s0' already present!
[    8.326191] RKNPU fdab0000.npu: pvtm=866
[    8.331451] RKNPU fdab0000.npu: pvtm-volt-sel=3
[    8.332221] RKNPU fdab0000.npu: avs=0
[    8.332432] RKNPU fdab0000.npu: l=10000 h=85000 hyst=5000 l_limit=0 h_limit=800000000 h_table=0
[    8.344409] RKNPU fdab0000.npu: failed to find power_model node
[    8.344419] RKNPU fdab0000.npu: RKNPU: failed to initialize power model
[    8.344425] RKNPU fdab0000.npu: RKNPU: failed to get dynamic-coefficient
[    8.348293] pktgen: Packet Generator for packet performance testing. Version: 2.75
[    8.358137] usbcore: registered new interface driver ark3116
[    8.358187] usbserial: USB Serial support registered for ark3116
[    8.361439] at24 0-0050: supply vcc not found, using dummy regulator
[    8.364304] at24 0-0050: 2048 byte 24c16 EEPROM, writable, 16 bytes/write
[    8.364986] usbcore: registered new interface driver belkin_sa
[    8.365008] usbserial: USB Serial support registered for Belkin / Peracom / GoHubs USB Serial Adapter
[    8.365370] Bridge firewalling registered
[    8.366422] usbcore: registered new interface driver cdc_acm
[    8.366426] cdc_acm: USB Abstract Control Model driver for USB modems and ISDN adapters
[    8.366838] usbcore: registered new interface driver cdc_wdm
[    8.367096] usbcore: registered new interface driver ch341
[    8.367113] usbserial: USB Serial support registered for ch341-uart
[    8.367379] usbcore: registered new interface driver chaoskey
[    8.368116] cm109: Keymap for Komunikate KIP1000 phone loaded
[    8.368142] usbcore: registered new interface driver cm109
[    8.368146] cm109: CM109 phone driver: 20080805 (C) Alfred E. Heggestad
[    8.368575] Loading modules backported from Linux version v5.15.162-0-gf45bea23c39cb
[    8.368580] Backport generated by backports.git v5.15.162-1-0-g9fa1c65c
[    8.369335] usbcore: registered new interface driver cp210x
[    8.369354] usbserial: USB Serial support registered for cp210x
[    8.369976] usbcore: registered new interface driver cypress_m8
[    8.369995] usbserial: USB Serial support registered for DeLorme Earthmate USB
[    8.370009] usbserial: USB Serial support registered for HID->COM RS232 Adapter
[    8.370024] usbserial: USB Serial support registered for Nokia CA-42 V2 Adapter
[    8.370358] usbcore: registered new interface driver dmx_usb
[    8.370363] /home/build/istoreos-build/22.03/rk35xx/openwrt/build_dir/target-aarch64_cortex-a53_musl/linux-rockchip_rk35xx/dmx_usb_module-19.12.1/dmx_usb.c: DMX USB Driver V19.12.1
[    8.371108] usbcore: registered new interface driver ftdi_sio
[    8.371126] usbserial: USB Serial support registered for FTDI USB Serial Device
[    8.371457] usbcore: registered new interface driver garmin_gps
[    8.371474] usbserial: USB Serial support registered for Garmin GPS usb/tty
[    8.373219] hso: drivers/net/usb/hso.c: Option Wireless
[    8.373327] usbcore: registered new interface driver hso
[    8.373747] usbcore: registered new interface driver io_edgeport
[    8.373763] usbserial: USB Serial support registered for Edgeport 2 port adapter
[    8.373778] usbserial: USB Serial support registered for Edgeport 4 port adapter
[    8.373791] usbserial: USB Serial support registered for Edgeport 8 port adapter
[    8.373804] usbserial: USB Serial support registered for EPiC device
[    8.375422] usbcore: registered new interface driver ipheth
[    8.377416] usbcore: registered new interface driver kaweth
[    8.377759] usbcore: registered new interface driver keyspan
[    8.377777] usbserial: USB Serial support registered for Keyspan - (without firmware)
[    8.377795] usbserial: USB Serial support registered for Keyspan 1 port adapter
[    8.377810] usbserial: USB Serial support registered for Keyspan 2 port adapter
[    8.377824] usbserial: USB Serial support registered for Keyspan 4 port adapter
[    8.378317] lib80211: common routines for IEEE802.11 drivers
[    8.382375] usbcore: registered new interface driver mct_u232
[    8.382422] usbserial: USB Serial support registered for MCT U232
[    8.384560] usbcore: registered new interface driver mos7720
[    8.384608] usbserial: USB Serial support registered for Moschip 2 port adapter
[    8.385147] usbcore: registered new interface driver mos7840
[    8.385195] usbserial: USB Serial support registered for Moschip 7840/7820 USB Serial Driver
[    8.423193] nf_conntrack_rtsp v0.7 loading
[    8.432241] nf_nat_rtsp v0.7 loading
[    8.438696] ntfs3: Index binary search
[    8.438724] ntfs3: Hot fix free clusters
[    8.438730] ntfs3: Max link count 1024
[    8.438735] ntfs3: Activated 32 bits per cluster
[    8.439955] usbcore: registered new interface driver oti6858
[    8.440021] usbserial: USB Serial support registered for oti6858
[    8.440754] pegasus: v0.9.3 (2013/04/25), Pegasus/Pegasus II USB Ethernet driver
[    8.440815] usbcore: registered new interface driver pegasus
[    8.441281] usbcore: registered new interface driver pl2303
[    8.441316] usbserial: USB Serial support registered for pl2303
[    8.442889] PPP MPPE Compression module registered
[    8.444051] NET: Registered protocol family 24
[    8.444655] PPTP driver version 0.8.5
[    8.446645] usbcore: registered new device driver r8152-cfgselector
[    8.446686] usbcore: registered new interface driver r8152
[    8.447363] usbcore: registered new interface driver rtl8150
[    8.448767] usbcore: registered new interface driver sierra
[    8.448806] usbserial: USB Serial support registered for Sierra USB modem
[    8.450822] usbcore: registered new interface driver ti_usb_3410_5052
[    8.451056] usbserial: USB Serial support registered for TI USB 3410 1 port adapter
[    8.451080] usbserial: USB Serial support registered for TI USB 5052 2 port adapter
[    8.452269] usbcore: registered new interface driver ums-alauda
[    8.452615] usbcore: registered new interface driver ums-cypress
[    8.453018] usbcore: registered new interface driver ums-datafab
[    8.453413] usbcore: registered new interface driver ums-freecom
[    8.453793] usbcore: registered new interface driver ums-isd200
[    8.454184] usbcore: registered new interface driver ums-jumpshot
[    8.454542] usbcore: registered new interface driver ums-karma
[    8.455100] usbcore: registered new interface driver ums-sddr09
[    8.455378] usbcore: registered new interface driver ums-sddr55
[    8.455659] usbcore: registered new interface driver ums-usbat
[    8.455894] usbcore: registered new interface driver usb_serial_simple
[    8.455917] usbserial: USB Serial support registered for carelink
[    8.455931] usbserial: USB Serial support registered for flashloader
[    8.455948] usbserial: USB Serial support registered for funsoft
[    8.455968] usbserial: USB Serial support registered for google
[    8.455981] usbserial: USB Serial support registered for hp4x
[    8.456000] usbserial: USB Serial support registered for kaufmann
[    8.456025] usbserial: USB Serial support registered for libtransistor
[    8.456047] usbserial: USB Serial support registered for moto_modem
[    8.456061] usbserial: USB Serial support registered for motorola_tetra
[    8.456077] usbserial: USB Serial support registered for nokia
[    8.456094] usbserial: USB Serial support registered for novatel_gps
[    8.456108] usbserial: USB Serial support registered for siemens_mpi
[    8.456122] usbserial: USB Serial support registered for suunto
[    8.456139] usbserial: USB Serial support registered for vivopay
[    8.456155] usbserial: USB Serial support registered for zio
[    8.458745] usbcore: registered new interface driver usbhid
[    8.458750] usbhid: USB HID core driver
[    8.459021] usbcore: registered new interface driver usblp
[    8.461183] usbcore: registered new interface driver uvcvideo
[    8.461189] USB Video Class driver (1.1.1)
[    8.461425] usbcore: registered new interface driver visor
[    8.461444] usbserial: USB Serial support registered for Handspring Visor / Palm OS
[    8.461455] usbserial: USB Serial support registered for Sony Clie 5.0
[    8.461469] usbserial: USB Serial support registered for Sony Clie 3.5
[    8.461786] usbcore: registered new interface driver cdc_xr_usb_serial
[    8.461790] xr_usb_serial_common: Exar USB UART (serial port) driver
[    8.473907] xt_time: kernel timezone is -0000
[    8.474830] usbcore: registered new interface driver aqc111
[    8.475251] usbcore: registered new interface driver asix
[    8.475540] usbcore: registered new interface driver ax88179_178a
[    8.475749] usbcore: registered new interface driver cdc_eem
[    8.476227] usbcore: registered new interface driver cdc_ether
[    8.476950] usbcore: registered new interface driver cdc_ncm
[    8.477144] usbcore: registered new interface driver cdc_subset
[    8.484650] usbcore: registered new interface driver dm9601
[    8.484932] usbcore: registered new interface driver huawei_cdc_ncm
[    8.485475] usbcore: registered new interface driver ipw
[    8.485503] usbserial: USB Serial support registered for IPWireless converter
DDR V1.10 75d050770f typ 23/02/28-20:47:10
LPDDR4, 1866MHz
channel[0] BW=16 Col=10 Bk=8 CS0 Row=16 CS1 Row=16 CS=2 Die BW=16 Size=2048MB
channel[1] BW=16 Col=10 Bk=8 CS0 Row=16 CS1 Row=16 CS=2 Die BW=16 Size=2048MB
channel[2] BW=16 Col=10 Bk=8 CS0 Row=16 CS1 Row=16 CS=2 Die BW=16 Size=2048MB
channel[3] BW=16 Col=10 Bk=8 CS0 Row=16 CS1 Row=16 CS=2 Die BW=16 Size=2048MB
Manufacturer ID:0xff
CH0 RX Vref:36.1%, TX Vref:13.2%,13.2%
CH1 RX Vref:37.3%, TX Vref:13.2%,13.2%
CH2 RX Vref:38.1%, TX Vref:13.2%,13.2%
CH3 RX Vref:37.3%, TX Vref:13.2%,13.2%
change to F1: 528MHz
change to F2: 1068MHz
change to F3: 1560MHz
change to F0: 1866MHz
out
U-Boot SPL board init
U-Boot SPL 2017.09-OpenWrt-2024110109 (Nov 01 2024 - 03:14:15)
Trying to boot from MMC2
mmc_init: -95, time 2186
spl: mmc init failed with error: -95
Trying to boot from MMC1
Trying fit image at 0x4000 sector
## Verified-boot: 0
## Checking atf-1 0x00040000 ... sha256(ac799e4aa0...) + OK
## Checking uboot 0x00200000 ... sha256(6713c0b213...) + OK
## Checking fdt 0x002b5808 ... sha256(8e66f1b12e...) + OK
## Checking atf-2 0x000f0000 ... sha256(338cd7cb83...) + OK
## Checking atf-3 0xff100000 ... sha256(c0f2f7769f...) + OK
Jumping to U-Boot(0x00200000) via ARM Trusted Firmware(0x00040000)
Total: 2261.229/2600.59 ms

INFO:    Preloader serial: 2
NOTICE:  BL31: v2.3():v2.3-557-g9609b9c19:derrick.huang
NOTICE:  BL31: Built : 14:29:57, Mar  8 2023
INFO:    spec: 0x1
INFO:    ext 32k is not valid
INFO:    ddr: stride-en 4CH
INFO:    GICv3 without legacy support detected.
INFO:    ARM GICv3 driver initialized in EL3
INFO:    valid_cpu_msk=0xff bcore0_rst = 0x0, bcore1_rst = 0x0
INFO:    system boots from cpu-hwid-0
INFO:    idle_st=0x21fff, pd_st=0x11fff9, repair_st=0xfff70001
INFO:    dfs DDR fsp_params[0].freq_mhz= 1848MHz
INFO:    dfs DDR fsp_params[1].freq_mhz= 528MHz
INFO:    dfs DDR fsp_params[2].freq_mhz= 1068MHz
INFO:    dfs DDR fsp_params[3].freq_mhz= 1560MHz
INFO:    BL31: Initialising Exception Handling Framework
INFO:    BL31: Initializing runtime services
WARNING: No OPTEE provided by BL2 boot loader, Booting device without OPTEE initialization. SMC`s destined for OPTEE will return SMC_UNK
ERROR:   Error initializing runtime service opteed_fast
INFO:    BL31: Preparing for EL3 exit to normal world
INFO:    Entry point address = 0x200000
INFO:    SPSR = 0x3c9


U-Boot 2017.09-OpenWrt-2024110109 (Nov 01 2024 - 03:14:15 +0000) OpenWrt

Model: Easepi RK3588 Board
MPIDR: 0x81000000
PreSerial: 2, raw, 0xfeb50000
DRAM:  8 GiB
Sysmem: init
Relocation Offset: efbf7000
Relocation fdt: ed9f94f0 - ed9fece8
CR: M/C/I
DM: v2
mmc@fe2c0000: 1, mmc@fe2e0000: 0
Bootdev(atags): mmc 0
MMC0: HS400 Enhanced Strobe, 200Mhz
PartType: DOS
No misc partition
boot mode: None
FIT: No boot partition
No valid DTB, ret=-22
Failed to get kernel dtb, ret=-22
Model: Easepi RK3588 Board
MPIDR: 0x81000000
## Error: Can't overwrite "ethaddr"
## Error inserting "ethaddr" variable, errno=1
## Error: Can't overwrite "eth1addr"
## Error inserting "eth1addr" variable, errno=1
CLK: (sync kernel. arm: enter 1008000 KHz, init 1008000 KHz, kernel 0N/A)
  b0pll 24000 KHz
  b1pll 24000 KHz
  lpll 24000 KHz
  v0pll 24000 KHz
  aupll 24000 KHz
  cpll 1500000 KHz
  gpll 1188000 KHz
  npll 24000 KHz
  ppll 100000 KHz
  aclk_center_root 702000 KHz
  pclk_center_root 100000 KHz
  hclk_center_root 396000 KHz
  aclk_center_low_root 500000 KHz
  aclk_top_root 750000 KHz
  pclk_top_root 100000 KHz
  aclk_low_top_root 396000 KHz
Net:   eth1: ethernet@fe1c0000
Hit key to stop autoboot('CTRL+C'):  2  1  0 
mmc_init: -95, time 2185
switch to partitions #0, OK
mmc0(part 0) is current device
Scanning mmc 0:1...
Found U-Boot script /boot.scr
372 bytes read in 1 ms (363.3 KiB/s)
## Executing script at 00500000
137351 bytes read in 2 ms (65.5 MiB/s)
20086792 bytes read in 71 ms (269.8 MiB/s)
Fdt Ramdisk skip relocation
No misc partition
## Flattened Device Tree blob at 0x08300000
   Booting using the fdt blob at 0x08300000
   Using Device Tree in place at 0000000008300000, end 0000000008324886
## reserved-memory:
  ramoops@110000: addr=110000 size=f0000
Adding bank: 0x00200000 - 0xf0000000 (size: 0xefe00000)
Adding bank: 0x100000000 - 0x200000000 (size: 0x100000000)
Adding bank: 0x2f0000000 - 0x300000000 (size: 0x10000000)
Total: 4442.666/7092.300 ms

Starting kernel ...

[    0.000000] Booting Linux on physical CPU 0x0000000000 [0x412fd050]
[    0.000000] Linux version 5.10.221 (build@buildserver) (aarch64-openwrt-linux-musl-gcc (OpenWrt GCC 11.2.0 2023071019) 11.2.0, GNU ld (GNU Binutils) 2.37) #0 SMP Fri Nov 1 03:14:15 2024
[    0.000000] Machine model: Radxa E52C
[    0.000000] earlycon: uart8250 at MMIO32 0x00000000feb50000 (options '')
[    0.000000] printk: bootconsole [uart8250] enabled
[    0.000000] OF: fdt: Reserved memory: failed to reserve memory for node 'drm-logo@00000000': base 0x0000000000000000, size 0 MiB
[    0.000000] OF: fdt: Reserved memory: failed to reserve memory for node 'drm-cubic-lut@00000000': base 0x0000000000000000, size 0 MiB
[    0.000000] Reserved memory: created CMA memory pool at 0x00000002ff800000, size 8 MiB
[    0.000000] OF: reserved mem: initialized node cma, compatible id shared-dma-pool
[    0.000000] Zone ranges:
[    0.000000]   DMA      [mem 0x0000000000200000-0x00000000ffffffff]
[    0.000000]   DMA32    empty
[    0.000000]   Normal   [mem 0x0000000100000000-0x00000002ffffffff]
[    0.000000] Movable zone start for each node
[    0.000000] Early memory node ranges
[    0.000000]   node   0: [mem 0x0000000000200000-0x00000000efffffff]
[    0.000000]   node   0: [mem 0x0000000100000000-0x00000001ffffffff]
[    0.000000]   node   0: [mem 0x00000002f0000000-0x00000002ffffffff]
[    0.000000] Initmem setup node 0 [mem 0x0000000000200000-0x00000002ffffffff]
[    0.000000] psci: probing for conduit method from DT.
[    0.000000] psci: PSCIv1.1 detected in firmware.
[    0.000000] psci: Using standard PSCI v0.2 function IDs
[    0.000000] psci: MIGRATE_INFO_TYPE not supported.
[    0.000000] psci: SMC Calling Convention v1.2
[    0.000000] percpu: Embedded 22 pages/cpu s49448 r8192 d32472 u90112
[    0.000000] Detected VIPT I-cache on CPU0
[    0.000000] CPU features: detected: GIC system register CPU interface
[    0.000000] Built 1 zonelists, mobility grouping on.  Total pages: 2047496
[    0.000000] Kernel command line: earlycon=uart8250,mmio32,0xfeb50000 console=ttyFIQ0 irqchip.gicv3_pseudo_nmi=0 root=PARTUUID=5452574f-02 rw rootwait
[    0.000000] Dentry cache hash table entries: 1048576 (order: 11, 8388608 bytes, linear)
[    0.000000] Inode-cache hash table entries: 524288 (order: 10, 4194304 bytes, linear)
[    0.000000] mem auto-init: stack:off, heap alloc:off, heap free:off
[    0.000000] software IO TLB: mapped [mem 0x00000000ec000000-0x00000000f0000000] (64MB)
[    0.000000] Memory: 8130872K/8386560K available (12030K kernel code, 1760K rwdata, 3716K rodata, 2048K init, 811K bss, 247496K reserved, 8192K cma-reserved)
[    0.000000] SLUB: HWalign=64, Order=0-3, MinObjects=0, CPUs=6, Nodes=1
[    0.000000] rcu: Hierarchical RCU implementation.
[    0.000000] rcu: 	RCU restricting CPUs from NR_CPUS=8 to nr_cpu_ids=6.
[    0.000000] 	Tracing variant of Tasks RCU enabled.
[    0.000000] rcu: RCU calculated value of scheduler-enlistment delay is 30 jiffies.
[    0.000000] rcu: Adjusting geometry for rcu_fanout_leaf=16, nr_cpu_ids=6
[    0.000000] NR_IRQS: 64, nr_irqs: 64, preallocated irqs: 0
[    0.000000] GICv3: GIC: Using split EOI/Deactivate mode
[    0.000000] GICv3: 480 SPIs implemented
[    0.000000] GICv3: 0 Extended SPIs implemented
[    0.000000] GICv3: Distributor has no Range Selector support
[    0.000000] GICv3: 16 PPIs implemented
[    0.000000] GICv3: CPU0: found redistributor 0 region 0:0x00000000fe680000
[    0.000000] ITS [mem 0xfe640000-0xfe65ffff]
[    0.000000] ITS@0x00000000fe640000: allocated 8192 Devices @100040000 (indirect, esz 8, psz 64K, shr 0)
[    0.000000] ITS@0x00000000fe640000: allocated 32768 Interrupt Collections @100050000 (flat, esz 2, psz 64K, shr 0)
[    0.000000] ITS: using cache flushing for cmd queue
[    0.000000] ITS [mem 0xfe660000-0xfe67ffff]
[    0.000000] ITS@0x00000000fe660000: allocated 8192 Devices @100070000 (indirect, esz 8, psz 64K, shr 0)
[    0.000000] ITS@0x00000000fe660000: allocated 32768 Interrupt Collections @100080000 (flat, esz 2, psz 64K, shr 0)
[    0.000000] ITS: using cache flushing for cmd queue
[    0.000000] GICv3: using LPI property table @0x0000000100090000
[    0.000000] GIC: using cache flushing for LPI property table
[    0.000000] GICv3: CPU0: using allocated LPI pending table @0x00000001000a0000
[    0.000000] arch_timer: cp15 timer(s) running at 24.00MHz (phys).
[    0.000000] clocksource: arch_sys_counter: mask: 0xffffffffffffff max_cycles: 0x588fe9dc0, max_idle_ns: 440795202592 ns
[    0.000004] sched_clock: 56 bits at 24MHz, resolution 41ns, wraps every 4398046511097ns
[    0.001457] Console: colour dummy device 80x25
[    0.001912] Calibrating delay loop (skipped), value calculated using timer frequency.. 48.00 BogoMIPS (lpj=80000)
[    0.002844] pid_max: default: 32768 minimum: 301
[    0.003380] Mount-cache hash table entries: 16384 (order: 5, 131072 bytes, linear)
[    0.004081] Mountpoint-cache hash table entries: 16384 (order: 5, 131072 bytes, linear)
[    0.006199] rcu: Hierarchical SRCU implementation.
[    0.006784] dyndbg: Ignore empty _ddebug table in a CONFIG_DYNAMIC_DEBUG_CORE build
[    0.007626] Platform MSI: msi-controller@fe640000 domain created
[    0.008183] Platform MSI: msi-controller@fe660000 domain created
[    0.008950] PCI/MSI: /interrupt-controller@fe600000/msi-controller@fe640000 domain created
[    0.009712] PCI/MSI: /interrupt-controller@fe600000/msi-controller@fe660000 domain created
[    0.010787] smp: Bringing up secondary CPUs ...
[    0.011608] Detected VIPT I-cache on CPU1
[    0.011638] GICv3: CPU1: found redistributor 100 region 0:0x00000000fe6a0000
[    0.011652] GICv3: CPU1: using allocated LPI pending table @0x00000001000b0000
[    0.011685] CPU1: Booted secondary processor 0x0000000100 [0x412fd050]
[    0.012189] Detected VIPT I-cache on CPU2
[    0.012210] GICv3: CPU2: found redistributor 200 region 0:0x00000000fe6c0000
[    0.012224] GICv3: CPU2: using allocated LPI pending table @0x00000001000c0000
[    0.012258] CPU2: Booted secondary processor 0x0000000200 [0x412fd050]
[    0.012718] Detected VIPT I-cache on CPU3
[    0.012736] GICv3: CPU3: found redistributor 300 region 0:0x00000000fe6e0000
[    0.012750] GICv3: CPU3: using allocated LPI pending table @0x00000001000d0000
[    0.012781] CPU3: Booted secondary processor 0x0000000300 [0x412fd050]
[    0.013226] CPU features: detected: Spectre-v4
[    0.013227] CPU features: detected: Spectre-BHB
[    0.013230] Detected PIPT I-cache on CPU4
[    0.013241] GICv3: CPU4: found redistributor 400 region 0:0x00000000fe700000
[    0.013249] GICv3: CPU4: using allocated LPI pending table @0x00000001000e0000
[    0.013271] CPU4: Booted secondary processor 0x0000000400 [0x414fd0b0]
[    0.013703] Detected PIPT I-cache on CPU5
[    0.013715] GICv3: CPU5: found redistributor 500 region 0:0x00000000fe720000
[    0.013723] GICv3: CPU5: using allocated LPI pending table @0x00000001000f0000
[    0.013746] CPU5: Booted secondary processor 0x0000000500 [0x414fd0b0]
[    0.013791] smp: Brought up 1 node, 6 CPUs
[    0.026146] SMP: Total of 6 processors activated.
[    0.026577] CPU features: detected: 32-bit EL0 Support
[    0.027044] CPU features: detected: Data cache clean to the PoU not required for I/D coherence
[    0.027822] CPU features: detected: CRC32 instructions
[    0.028286] CPU features: detected: Speculative Store Bypassing Safe (SSBS)
[    0.028976] CPU features: emulated: Privileged Access Never (PAN) using TTBR0_EL1 switching
[    0.031243] CPU: All CPU(s) started at EL2
[    0.031640] alternatives: patching kernel code
[    0.042093] KASLR disabled due to lack of seed
[    0.042538] clocksource: jiffies: mask: 0xffffffff max_cycles: 0xffffffff, max_idle_ns: 6370867519511994 ns
[    0.043423] futex hash table entries: 2048 (order: 5, 131072 bytes, linear)
[    0.044167] pinctrl core: initialized pinctrl subsystem
[    0.045061] NET: Registered protocol family 16
[    0.046336] DMA: preallocated 1024 KiB GFP_KERNEL pool for atomic allocations
[    0.047033] DMA: preallocated 1024 KiB GFP_KERNEL|GFP_DMA pool for atomic allocations
[    0.047786] DMA: preallocated 1024 KiB GFP_KERNEL|GFP_DMA32 pool for atomic allocations
[    0.048982] Registered FIQ tty driver
[    0.049476] thermal_sys: Registered thermal governor 'fair_share'
[    0.049478] thermal_sys: Registered thermal governor 'step_wise'
[    0.050024] thermal_sys: Registered thermal governor 'user_space'
[    0.050808] cpuidle: using governor menu
[    0.051800] hw-breakpoint: found 6 breakpoint and 4 watchpoint registers.
[    0.052489] ASID allocator initialised with 65536 entries
[    0.053883] printk: console [ramoops-1] enabled
[    0.054329] pstore: Registered ramoops as persistent store backend
[    0.054886] ramoops: using 0xf0000@0x110000, ecc: 0
[    0.088505] rockchip-gpio fd8a0000.gpio: probed /pinctrl/gpio@fd8a0000
[    0.089544] rockchip-gpio fec20000.gpio: probed /pinctrl/gpio@fec20000
[    0.090553] rockchip-gpio fec30000.gpio: probed /pinctrl/gpio@fec30000
[    0.091586] rockchip-gpio fec40000.gpio: probed /pinctrl/gpio@fec40000
[    0.092578] rockchip-gpio fec50000.gpio: probed /pinctrl/gpio@fec50000
[    0.093195] rockchip-pinctrl pinctrl: probed pinctrl
[    0.100135] HugeTLB registered 1.00 GiB page size, pre-allocated 0 pages
[    0.100759] HugeTLB registered 32.0 MiB page size, pre-allocated 0 pages
[    0.101370] HugeTLB registered 2.00 MiB page size, pre-allocated 0 pages
[    0.101979] HugeTLB registered 64.0 KiB page size, pre-allocated 0 pages
[    0.104171] cryptd: max_cpu_qlen set to 1000
[    0.107720] fiq_debugger fiq_debugger.0: IRQ fiq not found
[    0.108322] fiq_debugger fiq_debugger.0: IRQ wakeup not found
[    0.108844] fiq_debugger_probe: could not install nmi irq handler
[[    0.109432] printk: console [ttyFIQ0] enabled
    0.109432] printk: console [ttyFIQ0] enabled
[    0.110204] printk: bootconsole [uart8250] disabled
[    0.110204] printk: bootconsole [uart8250] disabled
[    0.110669] Registered fiq debugger ttyFIQ0
[    0.111063] vcc_5v0: supplied by vcc5v0_sys
[    0.111221] vcc_1v1_nldo_s3: supplied by vcc5v0_sys
[    0.111407] vcc5v0_otg: supplied by vcc5v0_sys
[    0.111583] iommu: Default domain type: Translated 
[    0.113971] SCSI subsystem initialized
[    0.114113] usbcore: registered new interface driver usbfs
[    0.114127] usbcore: registered new interface driver hub
[    0.114142] usbcore: registered new device driver usb
[    0.114457] arm-scmi firmware:scmi: SCMI Notifications - Core Enabled.
[    0.114489] arm-scmi firmware:scmi: SCMI Protocol v2.0 'rockchip:' Firmware version 0x0
[    0.115542] Advanced Linux Sound Architecture Driver Initialized.
[    0.115719] Bluetooth: Core ver 2.22
[    0.115731] NET: Registered protocol family 31
[    0.115734] Bluetooth: HCI device and connection manager initialized
[    0.115739] Bluetooth: HCI socket layer initialized
[    0.115743] Bluetooth: L2CAP socket layer initialized
[    0.116951] rockchip-cpuinfo cpuinfo: SoC		: 35821000
[    0.116956] rockchip-cpuinfo cpuinfo: Serial		: 72046fc9aed5d6bf
[    0.117226] clocksource: Switched to clocksource arch_sys_counter
[    0.117329] FS-Cache: Loaded
[    0.117392] CacheFiles: Loaded
[    0.118771] NET: Registered protocol family 2
[    0.118891] IP idents hash table entries: 131072 (order: 8, 1048576 bytes, linear)
[    0.120858] tcp_listen_portaddr_hash hash table entries: 4096 (order: 5, 163840 bytes, linear)
[    0.120947] TCP established hash table entries: 65536 (order: 7, 524288 bytes, linear)
[    0.121280] TCP bind hash table entries: 65536 (order: 9, 2097152 bytes, linear)
[    0.122047] TCP: Hash tables configured (established 65536 bind 65536)
[    0.122091] UDP hash table entries: 4096 (order: 6, 393216 bytes, linear)
[    0.122240] UDP-Lite hash table entries: 4096 (order: 6, 393216 bytes, linear)
[    0.122442] NET: Registered protocol family 1
[    0.122666] RPC: Registered named UNIX socket transport module.
[    0.122670] RPC: Registered udp transport module.
[    0.122672] RPC: Registered tcp transport module.
[    0.122675] RPC: Registered tcp NFSv4.1 backchannel transport module.
[    0.122789] PCI: CLS 0 bytes, default 64
[    0.123188] rockchip-thermal fec00000.tsadc: Missing rockchip,grf property
[    0.123623] rockchip-thermal fec00000.tsadc: tsadc is probed successfully!
[    0.124148] hw perfevents: enabled with armv8_pmuv3 PMU driver, 7 counters available
[    0.127510] workingset: timestamp_bits=46 max_order=21 bucket_order=0
[    0.130792] squashfs: version 4.0 (2009/01/31) Phillip Lougher
[    0.131004] NFS: Registering the id_resolver key type
[    0.131018] Key type id_resolver registered
[    0.131021] Key type id_legacy registered
[    0.131044] nfs4filelayout_init: NFSv4 File Layout Driver Registering...
[    0.131051] nfs4flexfilelayout_init: NFSv4 Flexfile Layout Driver Registering...
[    0.131063] jffs2: version 2.2 (NAND) (SUMMARY) (LZMA) (RTIME) (CMODE_PRIORITY) (c) 2001-2006 Red Hat, Inc.
[    0.131195] fuse: init (API version 7.32)
[    0.151403] Key type asymmetric registered
[    0.151410] Asymmetric key parser 'x509' registered
[    0.151427] Block layer SCSI generic (bsg) driver version 0.4 loaded (major 245)
[    0.151518] io scheduler bfq registered
[    0.154653] rk-pcie fe180000.pcie: invalid prsnt-gpios property in node
[    0.154674] rk-pcie fe180000.pcie: no vpcie3v3 regulator found
[    0.154843] rk-pcie fe180000.pcie: IRQ msi not found
[    0.154846] rk-pcie fe180000.pcie: use outband MSI support
[    0.154851] rk-pcie fe180000.pcie: Missing *config* reg space
[    0.154857] rk-pcie fe180000.pcie: host bridge /pcie@fe180000 ranges:
[    0.154867] rk-pcie fe180000.pcie:      err 0x00f3000000..0x00f30fffff -> 0x00f3000000
[    0.154875] rk-pcie fe180000.pcie:       IO 0x00f3100000..0x00f31fffff -> 0x00f3100000
[    0.154883] rk-pcie fe180000.pcie:      MEM 0x00f3200000..0x00f3ffffff -> 0x00f3200000
[    0.154893] rk-pcie fe180000.pcie:      MEM 0x09c0000000..0x09ffffffff -> 0x09c0000000
[    0.154914] rk-pcie fe190000.pcie: invalid prsnt-gpios property in node
[    0.154919] rk-pcie fe180000.pcie: Missing *config* reg space
[    0.154947] rk-pcie fe180000.pcie: invalid resource
[    0.154953] rk-pcie fe190000.pcie: no vpcie3v3 regulator found
[    0.155142] iep: Module initialized.
[    0.155178] mpp_service mpp-srv: 
[    0.155182] mpp_service mpp-srv: probe start
[    0.155241] rk-pcie fe190000.pcie: IRQ msi not found
[    0.155251] rk-pcie fe190000.pcie: use outband MSI support
[    0.155259] rk-pcie fe190000.pcie: Missing *config* reg space
[    0.155272] rk-pcie fe190000.pcie: host bridge /pcie@fe190000 ranges:
[    0.155292] rk-pcie fe190000.pcie:      err 0x00f4000000..0x00f40fffff -> 0x00f4000000
[    0.155309] rk-pcie fe190000.pcie:       IO 0x00f4100000..0x00f41fffff -> 0x00f4100000
[    0.155328] rk-pcie fe190000.pcie:      MEM 0x00f4200000..0x00f4ffffff -> 0x00f4200000
[    0.155341] rk-pcie fe190000.pcie:      MEM 0x0a00000000..0x0a3fffffff -> 0x0a00000000
[    0.155367] rk-pcie fe190000.pcie: Missing *config* reg space
[    0.155396] rk-pcie fe190000.pcie: invalid resource
[    0.156274] mpp_vdpu2 fdb50400.vdpu: Adding to iommu group 1
[    0.156472] mpp_vdpu2 fdb50400.vdpu: probe device
[    0.156523] mpp_vdpu2 fdb50400.vdpu: reset_group->rw_sem_on=0
[    0.156529] mpp_vdpu2 fdb50400.vdpu: reset_group->rw_sem_on=0
[    0.156602] mpp_vdpu2 fdb50400.vdpu: probing finish
[    0.156716] mpp_vepu2 jpege-ccu: probing start
[    0.156721] mpp_vepu2 jpege-ccu: probing finish
[    0.156787] mpp_vepu2 fdb50000.vepu: Adding to iommu group 1
[    0.156806] mpp_vepu2 fdb50000.vepu: probing start
[    0.156843] mpp_vepu2 fdb50000.vepu: reset_group->rw_sem_on=0
[    0.156848] mpp_vepu2 fdb50000.vepu: reset_group->rw_sem_on=0
[    0.156922] mpp_vepu2 fdb50000.vepu: probing finish
[    0.156984] mpp_vepu2 fdba0000.jpege-core: Adding to iommu group 5
[    0.157096] mpp_vepu2 fdba0000.jpege-core: probing start
[    0.157143] mpp_vepu2 fdba0000.jpege-core: attach ccu success
[    0.157216] mpp_vepu2 fdba0000.jpege-core: probing finish
[    0.157282] mpp_vepu2 fdba4000.jpege-core: Adding to iommu group 6
[    0.157395] mpp_vepu2 fdba4000.jpege-core: probing start
[    0.157441] mpp_vepu2 fdba4000.jpege-core: attach ccu success
[    0.157513] mpp_vepu2 fdba4000.jpege-core: probing finish
[    0.157569] mpp_vepu2 fdba8000.jpege-core: Adding to iommu group 7
[    0.157679] mpp_vepu2 fdba8000.jpege-core: probing start
[    0.157722] mpp_vepu2 fdba8000.jpege-core: attach ccu success
[    0.157791] mpp_vepu2 fdba8000.jpege-core: probing finish
[    0.157860] mpp_vepu2 fdbac000.jpege-core: Adding to iommu group 8
[    0.157978] mpp_vepu2 fdbac000.jpege-core: probing start
[    0.158027] mpp_vepu2 fdbac000.jpege-core: attach ccu success
[    0.158097] mpp_vepu2 fdbac000.jpege-core: probing finish
[    0.158285] mpp-iep2 fdbb0000.iep: Adding to iommu group 9
[    0.158438] mpp-iep2 fdbb0000.iep: probe device
[    0.158512] mpp-iep2 fdbb0000.iep: allocate roi buffer failed
[    0.158611] mpp-iep2 fdbb0000.iep: probing finish
[    0.158758] mpp_jpgdec fdb90000.jpegd: Adding to iommu group 4
[    0.158952] mpp_jpgdec fdb90000.jpegd: probe device
[    0.159083] mpp_jpgdec fdb90000.jpegd: probing finish
[    0.159391] mpp_rkvdec2 fdc30000.rkvdec-ccu: rkvdec-ccu, probing start
[    0.159406] mpp_rkvdec2 fdc30000.rkvdec-ccu: ccu-mode: 1
[    0.159409] mpp_rkvdec2 fdc30000.rkvdec-ccu: probing finish
[    0.159537] mpp_rkvenc2 rkvenc-ccu: probing start
[    0.159541] mpp_rkvenc2 rkvenc-ccu: probing finish
[    0.159624] mpp_rkvenc2 fdbd0000.rkvenc-core: Adding to iommu group 10
[    0.159762] mpp_rkvenc2 fdbd0000.rkvenc-core: probing start
[    0.159845] mpp_rkvenc2 fdbd0000.rkvenc-core: dev_pm_opp_set_regulators: no regulator (venc) found: -19
[    0.159859] rkvenc_init:1814: failed to add venc devfreq
[    0.159878] mpp_rkvenc2 fdbd0000.rkvenc-core: attach ccu as core 0
[    0.159956] mpp_rkvenc2 fdbd0000.rkvenc-core: probing finish
[    0.160397] mpp_av1dec: Adding child /av1d@fdc70000
[    0.160457] mpp_av1dec: register device av1d-master
[    0.160469] mpp_av1dec av1d-master: av1_iommu_of_xlate,784
[    0.160484] av1_iommu_probe_device,736, consumer : av1d-master, supplier : fdca0000.iommu
[    0.160507] mpp_av1dec av1d-master: Adding to iommu group 12
[    0.160700] mpp_av1dec av1d-master: probing start
[    0.160829] mpp_av1dec av1d-master: probing finish
[    0.160929] mpp_service mpp-srv: probe success
[    0.168678] dma-pl330 fea10000.dma-controller: Loaded driver for PL330 DMAC-241330
[    0.168687] dma-pl330 fea10000.dma-controller: 	DBUFF-128x8bytes Num_Chans-8 Num_Peri-32 Num_Events-16
[    0.169369] dma-pl330 fea30000.dma-controller: Loaded driver for PL330 DMAC-241330
[    0.169375] dma-pl330 fea30000.dma-controller: 	DBUFF-128x8bytes Num_Chans-8 Num_Peri-32 Num_Events-16
[    0.170036] dma-pl330 fed10000.dma-controller: Loaded driver for PL330 DMAC-241330
[    0.170043] dma-pl330 fed10000.dma-controller: 	DBUFF-128x8bytes Num_Chans-8 Num_Peri-32 Num_Events-16
[    0.170092] misc rk_decom: misc device rk_decom register success.
[    0.170320] rockchip-pvtm fda40000.pvtm: pvtm@0 probed
[    0.170363] rockchip-pvtm fda50000.pvtm: pvtm@1 probed
[    0.170415] rockchip-pvtm fda60000.pvtm: pvtm@2 probed
[    0.170456] rockchip-pvtm fdaf0000.pvtm: pvtm@3 probed
[    0.170496] rockchip-pvtm fdb30000.pvtm: pvtm@4 probed
[    0.170773] rockchip-system-monitor rockchip-system-monitor: system monitor probe
[    0.171342] Serial: 8250/16550 driver, 10 ports, IRQ sharing disabled
[    0.172273] random: crng init done
[    0.174626] brd: module loaded
[    0.175833] loop: module loaded
[    0.175917] lkdtm: No crash points registered, enable through debugfs
[    0.176056] system_heap: orders[0] = 6
[    0.176059] system_heap: orders[1] = 4
[    0.176063] system_heap: orders[2] = 0
[    0.177798] rockchip-spi feb20000.spi: no high_speed pinctrl state
[    0.179107] rk806 spi2.0: chip id: RK806,ver:0x2, 0x1
[    0.179244] rk806 spi2.0: ON: 0x20 OFF:0x2
[    0.180814] vdd_gpu_s0: supplied by vcc5v0_sys
[    0.181820] vdd_cpu_lit_s0: supplied by vcc5v0_sys
[    0.182335] vdd_log_s0: supplied by vcc5v0_sys
[    0.182836] vdd_vdenc_s0: supplied by vcc5v0_sys
[    0.183388] vdd_ddr_s0: supplied by vcc5v0_sys
[    0.183658] vdd2_ddr_s3: supplied by vcc5v0_sys
[    0.184167] vdd_2v0_pldo_s3: supplied by vcc5v0_sys
[    0.184583] vcc_3v3_s3: supplied by vcc5v0_sys
[    0.184996] vddq_ddr_s0: supplied by vcc5v0_sys
[    0.185471] vcc_1v8_s3: supplied by vcc5v0_sys
[    0.185881] vdd_0v75_s3: supplied by vcc_1v1_nldo_s3
[    0.186311] vdd_ddr_pll_s0: supplied by vcc_1v1_nldo_s3
[    0.186667] avdd_0v75_s0: Bringing 750000uV into 837500-837500uV
[    0.186920] avdd_0v75_s0: supplied by vcc_1v1_nldo_s3
[    0.187402] vdd_0v85_s0: supplied by vcc_1v1_nldo_s3
[    0.187817] vdd_0v75_s0: supplied by vcc_1v1_nldo_s3
[    0.188307] avcc_1v8_s0: supplied by vdd_2v0_pldo_s3
[    0.188807] vcc_1v8_s0: supplied by vdd_2v0_pldo_s3
[    0.189262] avdd_1v2_s0: supplied by vdd_2v0_pldo_s3
[    0.189745] vcc_3v3_s0: supplied by vcc5v0_sys
[    0.190133] vccio_sd_s0: supplied by vcc5v0_sys
[    0.190538] pldo6_s3: supplied by vcc5v0_sys
[    0.190887] rk806 spi2.0: no sleep-setting state
[    0.190892] rk806 spi2.0: no reset-setting pinctrl state
[    0.190896] rk806 spi2.0: no dvs-setting pinctrl state
[    0.192236] rockchip-spi feb20000.spi: probed, poll=0, rsd=0
[    0.193375] PPP generic driver version 2.4.2
[    0.200092] ehci_hcd: USB 2.0 'Enhanced' Host Controller (EHCI) Driver
[    0.200099] ehci-pci: EHCI PCI platform driver
[    0.200129] ohci_hcd: USB 1.1 'Open' Host Controller (OHCI) Driver
[    0.200136] ohci-platform: OHCI generic platform driver
[    0.200635] phy phy-fd5d0000.syscon:usb2-phy@0.0: illegal mode
[    0.200641] xhci-hcd xhci-hcd.3.auto: xHCI Host Controller
[    0.200651] xhci-hcd xhci-hcd.3.auto: new USB bus registered, assigned bus number 1
[    0.200737] xhci-hcd xhci-hcd.3.auto: hcc params 0x0220fe64 hci version 0x110 quirks 0x0000002002010010
[    0.200761] xhci-hcd xhci-hcd.3.auto: irq 88, io mem 0xfc000000
[    0.200827] xhci-hcd xhci-hcd.3.auto: xHCI Host Controller
[    0.200834] xhci-hcd xhci-hcd.3.auto: new USB bus registered, assigned bus number 2
[    0.200842] xhci-hcd xhci-hcd.3.auto: Host supports USB 3.0 SuperSpeed
[    0.201021] hub 1-0:1.0: USB hub found
[    0.201033] hub 1-0:1.0: 1 port detected
[    0.201152] usb usb2: We don't know the algorithms for LPM for this host, disabling LPM.
[    0.201284] hub 2-0:1.0: USB hub found
[    0.201294] hub 2-0:1.0: 1 port detected
[    0.201500] usbcore: registered new interface driver uas
[    0.201528] usbcore: registered new interface driver usb-storage
[    0.201562] usbcore: registered new interface driver usbserial_generic
[    0.201574] usbserial: USB Serial support registered for generic
[    0.201624] gadgetfs: USB Gadget filesystem, version 24 Aug 2004
[    0.201631] file system registered
[    0.202509] input: rk805 pwrkey as /devices/platform/feb20000.spi/spi_master/spi2/spi2.0/rk805-pwrkey.1.auto/input/input0
[    0.202581] i2c /dev entries driver
[    0.205919] vdd_cpu_big0_s0: supplied by vcc5v0_sys
[    0.213951] vdd_cpu_big1_s0: supplied by vcc5v0_sys
[    0.222372] vdd_npu_s0: supplied by vcc5v0_sys
[    0.330564] rk3x-i2c fead0000.i2c: timeout, ipd: 0x00, state: 3
[    0.330574] rtc-hym8563 5-0051: could not init device, -110
[    0.330586] rtc-hym8563: probe of 5-0051 failed with error -110
[    0.331038] __power_supply_register: Expected proper parent device for 'test_ac'
[    0.331073] __power_supply_register: Expected proper parent device for 'test_battery'
[    0.331183] __power_supply_register: Expected proper parent device for 'test_usb'
[    0.331752] device-mapper: uevent: version 1.0.3
[    0.331817] device-mapper: ioctl: 4.43.0-ioctl (2020-10-01) initialised: dm-devel@redhat.com
[    0.332458] cpu cpu0: bin=0
[    0.332631] cpu cpu0: leakage=10
[    0.334033] cpu cpu0: pvtm=1421
[    0.334146] cpu cpu0: pvtm-volt-sel=1
[    0.335996] cpu cpu4: bin=0
[    0.336165] cpu cpu4: leakage=8
[    0.342601] cpu cpu4: pvtm=1652
[    0.346513] cpu cpu4: pvtm-volt-sel=3
[    0.348003] cpu cpu0: avs=0
[    0.348580] cpu cpu4: avs=0
[    0.348778] cpu cpu0: EM: created perf domain
[    0.348807] cpu cpu0: l=10000 h=85000 hyst=5000 l_limit=0 h_limit=1608000000 h_table=0
[    0.349315] cpu cpu4: EM: created perf domain
[    0.349477] cpu cpu4: l=10000 h=85000 hyst=5000 l_limit=0 h_limit=2208000000 h_table=0
[    0.358082] sdhci: Secure Digital Host Controller Interface driver
[    0.358091] sdhci: Copyright(c) Pierre Ossman
[    0.358095] Synopsys Designware Multimedia Card Interface Driver
[    0.358404] sdhci-pltfm: SDHCI platform and OF driver helper
[    0.359076] dwmmc_rockchip fe2c0000.mmc: IDMAC supports 32-bit address mode.
[    0.359128] dwmmc_rockchip fe2c0000.mmc: Using internal DMA controller.
[    0.359142] dwmmc_rockchip fe2c0000.mmc: Version ID is 270a
[    0.359189] dwmmc_rockchip fe2c0000.mmc: DW MMC controller at irq 63,32 bit host data width,256 deep fifo
[    0.359422] ledtrig-cpu: registered to indicate activity on CPUs
[    0.359872] ashmem: initialized
[    0.361828] rk-pcie fe190000.pcie: PCIe Linking... LTSSM is 0x3
[    0.365266] optee: probing for conduit method.DDR V1.10 75d050770f typ 23/02/28-20:47:10
LPDDR4, 1866MHz
channel[0] BW=16 Col=10 Bk=8 CS0 Row=16 CS1 Row=16 CS=2 Die BW=16 Size=2048MB
channel[1] BW=16 Col=10 Bk=8 CS0 Row=16 CS1 Row=16 CS=2 Die BW=16 Size=2048MB
channel[2] BW=16 Col=10 Bk=8 CS0 Row=16 CS1 Row=16 CS=2 Die BW=16 Size=2048MB
channel[3] BW=16 Col=10 Bk=8 CS0 Row=16 CS1 Row=16 CS=2 Die BW=16 Size=2048MB
Manufacturer ID:0xff
CH0 RX Vref:36.1%, TX Vref:13.2%,13.2%
CH1 RX Vref:37.3%, TX Vref:13.2%,13.2%
CH2 RX Vref:38.1%, TX Vref:13.2%,13.2%
CH3 RX Vref:36.9%, TX Vref:13.2%,13.2%
change to F1: 528MHz
change to F2: 1068MHz
change to F3: 1560MHz
change to F0: 1866MHz
out
U-Boot SPL board init
U-Boot SPL 2017.09-OpenWrt-2024110109 (Nov 01 2024 - 03:14:15)
Trying to boot from MMC2
mmc_init: -95, time 2185
spl: mmc init failed with error: -95
Trying to boot from MMC1
Trying fit image at 0x4000 sector
## Verified-boot: 0
## Checking atf-1 0x00040000 ... sha256(ac799e4aa0...) + OK
## Checking uboot 0x00200000 ... sha256(6713c0b213...) + OK
## Checking fdt 0x002b5808 ... sha256(8e66f1b12e...) + OK
## Checking atf-2 0x000f0000 ... sha256(338cd7cb83...) + OK
## Checking atf-3 0xff100000 ... sha256(c0f2f7769f...) + OK
Jumping to U-Boot(0x00200000) via ARM Trusted Firmware(0x00040000)
Total: 2259.726/2597.920 ms

INFO:    Preloader serial: 2
NOTICE:  BL31: v2.3():v2.3-557-g9609b9c19:derrick.huang
NOTICE:  BL31: Built : 14:29:57, Mar  8 2023
INFO:    spec: 0x1
INFO:    ext 32k is not valid
INFO:    ddr: stride-en 4CH
INFO:    GICv3 without legacy support detected.
INFO:    ARM GICv3 driver initialized in EL3
INFO:    valid_cpu_msk=0xff bcore0_rst = 0x0, bcore1_rst = 0x0
INFO:    system boots from cpu-hwid-0
INFO:    idle_st=0x21fff, pd_st=0x11fff9, repair_st=0xfff70001
INFO:    dfs DDR fsp_params[0].freq_mhz= 1848MHz
INFO:    dfs DDR fsp_params[1].freq_mhz= 528MHz
INFO:    dfs DDR fsp_params[2].freq_mhz= 1068MHz
INFO:    dfs DDR fsp_params[3].freq_mhz= 1560MHz
INFO:    BL31: Initialising Exception Handling Framework
INFO:    BL31: Initializing runtime services
WARNING: No OPTEE provided by BL2 boot loader, Booting device without OPTEE initialization. SMC`s destined for OPTEE will return SMC_UNK
ERROR:   Error initializing runtime service opteed_fast
INFO:    BL31: Preparing for EL3 exit to normal world
INFO:    Entry point address = 0x200000
INFO:    SPSR = 0x3c9


U-Boot 2017.09-OpenWrt-2024110109 (Nov 01 2024 - 03:14:15 +0000) OpenWrt

Model: Easepi RK3588 Board
MPIDR: 0x81000000
PreSerial: 2, raw, 0xfeb50000
DRAM:  8 GiB
Sysmem: init
Relocation Offset: efbf7000
Relocation fdt: ed9f94f0 - ed9fece8
CR: M/C/I
DM: v2
mmc@fe2c0000: 1, mmc@fe2e0000: 0
Bootdev(atags): mmc 0
MMC0: HS400 Enhanced Strobe, 200Mhz
PartType: DOS
No misc partition
boot mode: None
FIT: No boot partition
No valid DTB, ret=-22
Failed to get kernel dtb, ret=-22
Model: Easepi RK3588 Board
MPIDR: 0x81000000
## Error: Can't overwrite "ethaddr"
## Error inserting "ethaddr" variable, errno=1
## Error: Can't overwrite "eth1addr"
## Error inserting "eth1addr" variable, errno=1
CLK: (sync kernel. arm: enter 1008000 KHz, init 1008000 KHz, kernel 0N/A)
  b0pll 24000 KHz
  b1pll 24000 KHz
  lpll 24000 KHz
  v0pll 24000 KHz
  aupll 24000 KHz
  cpll 1500000 KHz
  gpll 1188000 KHz
  npll 24000 KHz
  ppll 100000 KHz
  aclk_center_root 702000 KHz
  pclk_center_root 100000 KHz
  hclk_center_root 396000 KHz
  aclk_center_low_root 500000 KHz
  aclk_top_root 750000 KHz
  pclk_top_root 100000 KHz
  aclk_low_top_root 396000 KHz
Net:   eth1: ethernet@fe1c0000
Hit key to stop autoboot('CTRL+C'):  2  1  0 
mmc_init: -95, time 2185
switch to partitions #0, OK
mmc0(part 0) is current device
Scanning mmc 0:1...
Found U-Boot script /boot.scr
372 bytes read in 1 ms (363.3 KiB/s)
## Executing script at 00500000
137351 bytes read in 2 ms (65.5 MiB/s)
20086792 bytes read in 71 ms (269.8 MiB/s)
Fdt Ramdisk skip relocation
No misc partition
## Flattened Device Tree blob at 0x08300000
   Booting using the fdt blob at 0x08300000
   Using Device Tree in place at 0000000008300000, end 0000000008324886
## reserved-memory:
  ramoops@110000: addr=110000 size=f0000
Adding bank: 0x00200000 - 0xf0000000 (size: 0xefe00000)
Adding bank: 0x100000000 - 0x200000000 (size: 0x100000000)
Adding bank: 0x2f0000000 - 0x300000000 (size: 0x10000000)
Total: 4442.681/7090.38 ms

Starting kernel ...

[    0.000000] Booting Linux on physical CPU 0x0000000000 [0x412fd050]
[    0.000000] Linux version 5.10.221 (build@buildserver) (aarch64-openwrt-linux-musl-gcc (OpenWrt GCC 11.2.0 2023071019) 11.2.0, GNU ld (GNU Binutils) 2.37) #0 SMP Fri Nov 1 03:14:15 2024
[    0.000000] Machine model: Radxa E52C
[    0.000000] earlycon: uart8250 at MMIO32 0x00000000feb50000 (options '')
[    0.000000] printk: bootconsole [uart8250] enabled
[    0.000000] OF: fdt: Reserved memory: failed to reserve memory for node 'drm-logo@00000000': base 0x0000000000000000, size 0 MiB
[    0.000000] OF: fdt: Reserved memory: failed to reserve memory for node 'drm-cubic-lut@00000000': base 0x0000000000000000, size 0 MiB
[    0.000000] Reserved memory: created CMA memory pool at 0x00000002ff800000, size 8 MiB
[    0.000000] OF: reserved mem: initialized node cma, compatible id shared-dma-pool
[    0.000000] Zone ranges:
[    0.000000]   DMA      [mem 0x0000000000200000-0x00000000ffffffff]
[    0.000000]   DMA32    empty
[    0.000000]   Normal   [mem 0x0000000100000000-0x00000002ffffffff]
[    0.000000] Movable zone start for each node
[    0.000000] Early memory node ranges
[    0.000000]   node   0: [mem 0x0000000000200000-0x00000000efffffff]
[    0.000000]   node   0: [mem 0x0000000100000000-0x00000001ffffffff]
[    0.000000]   node   0: [mem 0x00000002f0000000-0x00000002ffffffff]
[    0.000000] Initmem setup node 0 [mem 0x0000000000200000-0x00000002ffffffff]
[    0.000000] psci: probing for conduit method from DT.
[    0.000000] psci: PSCIv1.1 detected in firmware.
[    0.000000] psci: Using standard PSCI v0.2 function IDs
[    0.000000] psci: MIGRATE_INFO_TYPE not supported.
[    0.000000] psci: SMC Calling Convention v1.2
[    0.000000] percpu: Embedded 22 pages/cpu s49448 r8192 d32472 u90112
[    0.000000] Detected VIPT I-cache on CPU0
[    0.000000] CPU features: detected: GIC system register CPU interface
[    0.000000] Built 1 zonelists, mobility grouping on.  Total pages: 2047496
[    0.000000] Kernel command line: earlycon=uart8250,mmio32,0xfeb50000 console=ttyFIQ0 irqchip.gicv3_pseudo_nmi=0 root=PARTUUID=5452574f-02 rw rootwait
[    0.000000] Dentry cache hash table entries: 1048576 (order: 11, 8388608 bytes, linear)
[    0.000000] Inode-cache hash table entries: 524288 (order: 10, 4194304 bytes, linear)
[    0.000000] mem auto-init: stack:off, heap alloc:off, heap free:off
[    0.000000] software IO TLB: mapped [mem 0x00000000ec000000-0x00000000f0000000] (64MB)
[    0.000000] Memory: 8130872K/8386560K available (12030K kernel code, 1760K rwdata, 3716K rodata, 2048K init, 811K bss, 247496K reserved, 8192K cma-reserved)
[    0.000000] SLUB: HWalign=64, Order=0-3, MinObjects=0, CPUs=6, Nodes=1
[    0.000000] rcu: Hierarchical RCU implementation.
[    0.000000] rcu: 	RCU restricting CPUs from NR_CPUS=8 to nr_cpu_ids=6.
[    0.000000] 	Tracing variant of Tasks RCU enabled.
[    0.000000] rcu: RCU calculated value of scheduler-enlistment delay is 30 jiffies.
[    0.000000] rcu: Adjusting geometry for rcu_fanout_leaf=16, nr_cpu_ids=6
[    0.000000] NR_IRQS: 64, nr_irqs: 64, preallocated irqs: 0
[    0.000000] GICv3: GIC: Using split EOI/Deactivate mode
[    0.000000] GICv3: 480 SPIs implemented
[    0.000000] GICv3: 0 Extended SPIs implemented
[    0.000000] GICv3: Distributor has no Range Selector support
[    0.000000] GICv3: 16 PPIs implemented
[    0.000000] GICv3: CPU0: found redistributor 0 region 0:0x00000000fe680000
[    0.000000] ITS [mem 0xfe640000-0xfe65ffff]
[    0.000000] ITS@0x00000000fe640000: allocated 8192 Devices @100040000 (indirect, esz 8, psz 64K, shr 0)
[    0.000000] ITS@0x00000000fe640000: allocated 32768 Interrupt Collections @100050000 (flat, esz 2, psz 64K, shr 0)
[    0.000000] ITS: using cache flushing for cmd queue
[    0.000000] ITS [mem 0xfe660000-0xfe67ffff]
[    0.000000] ITS@0x00000000fe660000: allocated 8192 Devices @100070000 (indirect, esz 8, psz 64K, shr 0)
[    0.000000] ITS@0x00000000fe660000: allocated 32768 Interrupt Collections @100080000 (flat, esz 2, psz 64K, shr 0)
[    0.000000] ITS: using cache flushing for cmd queue
[    0.000000] GICv3: using LPI property table @0x0000000100090000
[    0.000000] GIC: using cache flushing for LPI property table
[    0.000000] GICv3: CPU0: using allocated LPI pending table @0x00000001000a0000
[    0.000000] arch_timer: cp15 timer(s) running at 24.00MHz (phys).
[    0.000000] clocksource: arch_sys_counter: mask: 0xffffffffffffff max_cycles: 0x588fe9dc0, max_idle_ns: 440795202592 ns
[    0.000004] sched_clock: 56 bits at 24MHz, resolution 41ns, wraps every 4398046511097ns
[    0.001458] Console: colour dummy device 80x25
[    0.001915] Calibrating delay loop (skipped), value calculated using timer frequency.. 48.00 BogoMIPS (lpj=80000)
[    0.002847] pid_max: default: 32768 minimum: 301
[    0.003380] Mount-cache hash table entries: 16384 (order: 5, 131072 bytes, linear)
[    0.004080] Mountpoint-cache hash table entries: 16384 (order: 5, 131072 bytes, linear)
[    0.006198] rcu: Hierarchical SRCU implementation.
[    0.006787] dyndbg: Ignore empty _ddebug table in a CONFIG_DYNAMIC_DEBUG_CORE build
[    0.007626] Platform MSI: msi-controller@fe640000 domain created
[    0.008183] Platform MSI: msi-controller@fe660000 domain created
[    0.008948] PCI/MSI: /interrupt-controller@fe600000/msi-controller@fe640000 domain created
[    0.009709] PCI/MSI: /interrupt-controller@fe600000/msi-controller@fe660000 domain created
[    0.010783] smp: Bringing up secondary CPUs ...
[    0.011601] Detected VIPT I-cache on CPU1
[    0.011630] GICv3: CPU1: found redistributor 100 region 0:0x00000000fe6a0000
[    0.011645] GICv3: CPU1: using allocated LPI pending table @0x00000001000b0000
[    0.011680] CPU1: Booted secondary processor 0x0000000100 [0x412fd050]
[    0.012182] Detected VIPT I-cache on CPU2
[    0.012203] GICv3: CPU2: found redistributor 200 region 0:0x00000000fe6c0000
[    0.012217] GICv3: CPU2: using allocated LPI pending table @0x00000001000c0000
[    0.012251] CPU2: Booted secondary processor 0x0000000200 [0x412fd050]
[    0.012712] Detected VIPT I-cache on CPU3
[    0.012730] GICv3: CPU3: found redistributor 300 region 0:0x00000000fe6e0000
[    0.012743] GICv3: CPU3: using allocated LPI pending table @0x00000001000d0000
[    0.012775] CPU3: Booted secondary processor 0x0000000300 [0x412fd050]
[    0.013218] CPU features: detected: Spectre-v4
[    0.013220] CPU features: detected: Spectre-BHB
[    0.013222] Detected PIPT I-cache on CPU4
[    0.013234] GICv3: CPU4: found redistributor 400 region 0:0x00000000fe700000
[    0.013241] GICv3: CPU4: using allocated LPI pending table @0x00000001000e0000
[    0.013263] CPU4: Booted secondary processor 0x0000000400 [0x414fd0b0]
[    0.013696] Detected PIPT I-cache on CPU5
[    0.013708] GICv3: CPU5: found redistributor 500 region 0:0x00000000fe720000
[    0.013715] GICv3: CPU5: using allocated LPI pending table @0x00000001000f0000
[    0.013738] CPU5: Booted secondary processor 0x0000000500 [0x414fd0b0]
